07-06 00:04:22.914  9712  9712 D BoundBrokerSvc: onUnbind: Intent { act=com.google.android.gms.common.BIND_SHARED_PREFS pkg=com.google.android.gms }
07-06 00:04:22.937  9712  9712 D BoundBrokerSvc: onBind: Intent { act=com.google.android.gms.common.BIND_SHARED_PREFS pkg=com.google.android.gms }
07-06 00:04:22.938  9712  9712 D BoundBrokerSvc: Loading bound service for intent: Intent { act=com.google.android.gms.common.BIND_SHARED_PREFS pkg=com.google.android.gms }
07-06 00:04:22.941   470   493 W TransactionTracing: Could not find layer id -1
07-06 00:04:22.941   470   493 W TransactionTracing: Could not find layer id -1
07-06 00:04:22.955  9712  9712 D BoundBrokerSvc: onUnbind: Intent { act=com.google.android.gms.common.BIND_SHARED_PREFS pkg=com.google.android.gms }
07-06 00:04:23.060 14334 14334 D UiControllerImpl: Injecting string: "80"
07-06 00:04:23.068   614  1123 D InputDispatcher: Touch mode switch rejected, caller (pid=0, uid=10160) doesn't own the focused window nor none of the previously interacted window
07-06 00:04:23.077 14334 14361 D EGL_emulation: app_time_stats: avg=61.85ms min=6.19ms max=236.08ms count=18
07-06 00:04:23.101 14334 14334 I ViewInteraction: Performing 'replace text()' action on view view.getId() is <2131230746/com.example.cardioassistant:id/Update_Enter_Measure_Time>
07-06 00:04:23.107 14334 14334 I ViewInteraction: Performing 'type text(11:52)' action on view view.getId() is <2131230746/com.example.cardioassistant:id/Update_Enter_Measure_Time>
07-06 00:04:23.114  1338  1338 D TaplEvents: TIS / TouchInteractionService.onInputEvent: MotionEvent { action=ACTION_DOWN, actionButton=0, id[0]=0, x[0]=539.5, y[0]=1195.5, toolType[0]=TOOL_TYPE_UNKNOWN, buttonState=BUTTON_PRIMARY, classification=NONE, metaState=0, flags=0x0, edgeFlags=0x0, pointerCount=1, historySize=0, eventTime=2101620, downTime=2101620, deviceId=-1, source=0x1002, displayId=0, eventId=-118375739 }
07-06 00:04:23.139   470   493 W TransactionTracing: Could not find layer id -1
07-06 00:04:23.139   470   493 W TransactionTracing: Could not find layer id -1
07-06 00:04:23.153  1338  1338 D TaplEvents: TIS / TouchInteractionService.onInputEvent: MotionEvent { action=ACTION_UP, actionButton=0, id[0]=0, x[0]=539.5, y[0]=1195.5, toolType[0]=TOOL_TYPE_FINGER, buttonState=BUTTON_PRIMARY, classification=NONE, metaState=0, flags=0x0, edgeFlags=0x0, pointerCount=1, historySize=0, eventTime=2101661, downTime=2101620, deviceId=-1, source=0x1002, displayId=0, eventId=-807146913 }
07-06 00:04:23.158  1703  1703 I GoogleInputMethodService: GoogleInputMethodService.onFinishInputView():2266
07-06 00:04:23.159 14334 14334 D InputMethodManager: showSoftInput() view=androidx.appcompat.widget.AppCompatEditText{6ab2154 VFED..CL. .F.P..ID 31,1061-1049,1199 #7f08001a app:id/Update_Enter_Measure_Time aid=1073741827} flags=0 reason=SHOW_SOFT_INPUT
07-06 00:04:23.159  1703  1703 W TooltipLifecycleManager: TooltipLifecycleManager.dismissTooltips():159 Tooltip with id spell_check_add_to_dictionary not found in tooltipManager.
07-06 00:04:23.162  1703  1703 I GoogleInputMethodService: GoogleInputMethodService.onFinishInput():3220
07-06 00:04:23.164  1703  1703 I GoogleInputMethodService: GoogleInputMethodService.updateDeviceLockedStatus():2114 repeatCheckTimes = 0, unlocked = true
07-06 00:04:23.165  1703  1703 I GoogleInputMethodService: GoogleInputMethodService.onStartInput():1919 onStartInput(EditorInfo{inputType=0x24(Time) imeOptions=0xc000005 privateImeOptions=null actionName=NEXT actionLabel=null actionId=0 initialSelStart=0 initialSelEnd=0 initialCapsMode=0x0 hintText=non-empty label=null packageName=com.example.cardioassistant fieldId=2131230746 fieldName=null extras=Bundle[mParcelledData.dataSize=240]}, false)
07-06 00:04:23.167  1703  1703 I GoogleInputMethodService: GoogleInputMethodService.updateDeviceLockedStatus():2114 repeatCheckTimes = 2, unlocked = true
07-06 00:04:23.168  1703  1703 I GoogleInputMethodService: GoogleInputMethodService.onStartInputView():2023 onStartInputView(EditorInfo{inputType=0x24(Time) imeOptions=0xc000005 privateImeOptions=null actionName=NEXT actionLabel=null actionId=0 initialSelStart=0 initialSelEnd=0 initialCapsMode=0x0 hintText=non-empty label=null packageName=com.example.cardioassistant fieldId=2131230746 fieldName=null extras=Bundle[{android.support.text.emoji.emojiCompat_metadataVersion=8, android.support.text.emoji.emojiCompat_replaceAll=false}]}, false)
07-06 00:04:23.175  1703  1703 I GoogleInputMethodService: GoogleInputMethodService.updateDeviceLockedStatus():2114 repeatCheckTimes = 2, unlocked = true
07-06 00:04:23.177  1703  1703 I KeyboardViewUtil: KeyboardViewUtil.getKeyboardHeightRatio():168 systemKeyboardHeightRatio:1.000000; userKeyboardHeightRatio:1.000000.
07-06 00:04:23.178  1703  1833 I DeviceModeUtil: DeviceModeUtil.getDeviceMode():117 Get device mode phone by ui mode:1 and smallestScreenWidthDp:393
07-06 00:04:23.180  1703  1703 I KeyboardViewHelper: KeyboardViewHelper.getView():168 Get view with height ratio:1.000000
07-06 00:04:23.181  1703  1703 I KeyboardViewUtil: KeyboardViewUtil.calculateMaxKeyboardBodyHeight():44 leave 344 height for app when screen height:2088, header height:121 and isFullscreenMode:false, so the max keyboard body height is:1623
07-06 00:04:23.182  1703  1703 W Keyboard: Keyboard.getKeyboardViewHelper():611 null helper is returned: keyboardDef=hyz{className=.latin.keyboard.LatinNumberKeyboard, id=#0x7f0b05a1, initialStates=0, keyboardViewDefs=[hzr{direction=LOCALE, id=#0x7f0b013c, isScalable=false, layoutId=#0x7f0e03db, type=HEADER, touchable=true}, hzr{direction=null, id=#0x7f0b013c, isScalable=true, layoutId=#0x7f0e041e, type=BODY, touchable=true}], keyTextSizeRatio=1.0, persistentStates=0, persistentStatesPrefKey=null, popupBubbleLayoutId=#0x7f0e04a2, recentKeyLayoutId=0, recentKeyPopupLayoutId=0, recentKeyType=null, rememberRecentKey=NONE, sessionStates=0}, type=FLOATING_CANDIDATES, helpersCreated=[hro@4dbaac2, hro@39b00d3, null],
07-06 00:04:23.183  1703  1703 W Keyboard: Keyboard.getKeyboardViewHelper():611 null helper is returned: keyboardDef=hyz{className=.latin.keyboard.LatinNumberKeyboard, id=#0x7f0b05a1, initialStates=0, keyboardViewDefs=[hzr{direction=LOCALE, id=#0x7f0b013c, isScalable=false, layoutId=#0x7f0e03db, type=HEADER, touchable=true}, hzr{direction=null, id=#0x7f0b013c, isScalable=true, layoutId=#0x7f0e041e, type=BODY, touchable=true}], keyTextSizeRatio=1.0, persistentStates=0, persistentStatesPrefKey=null, popupBubbleLayoutId=#0x7f0e04a2, recentKeyLayoutId=0, recentKeyPopupLayoutId=0, recentKeyType=null, rememberRecentKey=NONE, sessionStates=0}, type=FLOATING_CANDIDATES, helpersCreated=[hro@4dbaac2, hro@39b00d3, null],
07-06 00:04:23.184  1703  1703 I DeviceModeUtil: DeviceModeUtil.getDeviceMode():117 Get device mode phone by ui mode:1 and smallestScreenWidthDp:393
07-06 00:04:23.186  1703  1703 I DeviceModeUtil: DeviceModeUtil.getDeviceMode():117 Get device mode phone by ui mode:1 and smallestScreenWidthDp:393
07-06 00:04:23.186  1703  1703 I DeviceModeUtil: DeviceModeUtil.getDeviceMode():117 Get device mode phone by ui mode:1 and smallestScreenWidthDp:393
07-06 00:04:23.187  1703  1703 I NormalModeController: NormalModeController.getKeyboardBodyViewHolderPaddingBottom():111 currentPrimeKeyboardType:SOFT systemPaddingBottom:-1
07-06 00:04:23.192  1703  1703 I NormalModeController: NormalModeController.getKeyboardBodyViewHolderPaddingBottom():111 currentPrimeKeyboardType:SOFT systemPaddingBottom:-1
07-06 00:04:23.195  1703  1703 W AutoPasteSuggestionHelper: AutoPasteSuggestionHelper.createProactiveSuggestions():377 Failed to create item chips. Clip items are [ClipItem{ id = 1688580210844, timestamp = 1688580210846, clipItemContent = ClipItemContent{text=SystemClock.sleep(5000);
07-06 00:04:23.195  1703  1703 W AutoPasteSuggestionHelper:         Espresso.onView(withId(R.id.login_email_view)).perform(clearText()).perform(ViewActions.typeText("ridoy@gmail.com"));
07-06 00:04:23.195  1703  1703 W AutoPasteSuggestionHelper:         Espresso.pressBack();
07-06 00:04:23.195  1703  1703 W AutoPasteSuggestionHelper:         Espresso.onView(withId(R.id.login_password_view)).perform(clearText()).perform(ViewActions.typeText("123456"));
07-06 00:04:23.195  1703  1703 W AutoPasteSuggestionHelper:         Espresso.pressBack();
07-06 00:04:23.195  1703  1703 W AutoPasteSuggestionHelper:         Espresso.onView(withId(R.id.login_loginButton)).perform(click());
07-06 00:04:23.195  1703  1703 W AutoPasteSuggestionHelper:         SystemClock.sleep(5000);, htmlText=, itemType=0, entityType=0, uri=, groupId=-1, viewType=0}}, ClipItem{ id = 1688580210845, timestamp = 1688580210846, clipItemContent = ClipItemContent{text=ridoy@gmail.com, htmlText=, itemType=0, entityType=2, uri=, groupId=-1, viewType=0}}, ClipItem{ id = 1688580210846, timestamp = 1688580210846, clipItemContent = ClipItemContent{text=123456, htmlText=, itemType=0, entityType=3, uri=, groupId=-1, viewType=0}}].
07-06 00:04:23.197  1703  1703 I CurrentMicStatusHolder: CurrentMicStatusHolder.onStartInputView():79 Current Mic status = {MicIconHidden-SettingOff,MicIconHidden-PasswordOrNumberOrDateInputType,}
07-06 00:04:23.197  1703  1703 I VoiceImeExtension: VoiceImeExtension.shouldStartVoiceInputAutomatically():382 No private IME option set to start voice input.
07-06 00:04:23.200  1703  1703 I DeviceModeUtil: DeviceModeUtil.getDeviceMode():117 Get device mode phone by ui mode:1 and smallestScreenWidthDp:393
07-06 00:04:23.202  1703  1703 I DeviceModeUtil: DeviceModeUtil.getDeviceMode():117 Get device mode phone by ui mode:1 and smallestScreenWidthDp:393
07-06 00:04:23.202 14334 14334 W OnBackInvokedCallback: OnBackInvokedCallback is not enabled for the application.
07-06 00:04:23.202 14334 14334 W OnBackInvokedCallback: Set 'android:enableOnBackInvokedCallback="true"' in the application manifest.
07-06 00:04:23.203 14334 14334 D InsetsController: show(ime(), fromIme=true)
07-06 00:04:23.210  1703  2382 D EGL_emulation: app_time_stats: avg=285.46ms min=20.22ms max=415.72ms count=4
07-06 00:04:23.210   470   493 W TransactionTracing: Could not find layer id -1
07-06 00:04:23.211  1703  1703 I DeviceModeUtil: DeviceModeUtil.getDeviceMode():117 Get device mode phone by ui mode:1 and smallestScreenWidthDp:393
07-06 00:04:23.213  1703  1703 I DeviceModeUtil: DeviceModeUtil.getDeviceMode():117 Get device mode phone by ui mode:1 and smallestScreenWidthDp:393
07-06 00:04:23.219 14334 14334 D InsetsController: show(ime(), fromIme=true)
07-06 00:04:23.225  9712  9712 D BoundBrokerSvc: onBind: Intent { act=com.google.android.gms.common.BIND_SHARED_PREFS pkg=com.google.android.gms }
07-06 00:04:23.226  9712  9712 D BoundBrokerSvc: Loading bound service for intent: Intent { act=com.google.android.gms.common.BIND_SHARED_PREFS pkg=com.google.android.gms }
07-06 00:04:23.231  9712  9712 D BoundBrokerSvc: onUnbind: Intent { act=com.google.android.gms.common.BIND_SHARED_PREFS pkg=com.google.android.gms }
07-06 00:04:23.235  9712  9712 D BoundBrokerSvc: onBind: Intent { act=com.google.android.gms.common.BIND_SHARED_PREFS pkg=com.google.android.gms }
07-06 00:04:23.236  9712  9712 D BoundBrokerSvc: Loading bound service for intent: Intent { act=com.google.android.gms.common.BIND_SHARED_PREFS pkg=com.google.android.gms }
07-06 00:04:23.246  9712  9712 D BoundBrokerSvc: onUnbind: Intent { act=com.google.android.gms.common.BIND_SHARED_PREFS pkg=com.google.android.gms }
07-06 00:04:23.327   989  1140 D EGL_emulation: app_time_stats: avg=4.22ms min=1.32ms max=28.37ms count=60
07-06 00:04:23.403 14334 14334 D UiControllerImpl: Injecting string: "11:52"
07-06 00:04:23.409   614  1123 D InputDispatcher: Touch mode switch rejected, caller (pid=0, uid=10160) doesn't own the focused window nor none of the previously interacted window
07-06 00:04:23.533 14334 14334 I ViewInteraction: Performing 'send keyCode: 4, metaState: 0 key event' action on view view.getRootView() to equal view
07-06 00:04:23.547  1703  1703 I GoogleInputMethodService: GoogleInputMethodService.onFinishInputView():2266
07-06 00:04:23.547  1703  1703 W TooltipLifecycleManager: TooltipLifecycleManager.dismissTooltips():159 Tooltip with id spell_check_add_to_dictionary not found in tooltipManager.
07-06 00:04:23.632 13592 14526 I GMS_MM_Logger: Memory Metric Logging not allowed. Stopping.
07-06 00:04:23.719 14334 14334 I KeyEventActionBase: Back was pressed but there was no Activity stage transition in 150ms. Pressing back may trigger an activity stage transition if the activity is finished as a result. However, the activity may handle the back behavior in any number of other ways internally as well, such as popping the fragment back stack, dismissing a dialog, otherwise manually transacting fragments, etc.
07-06 00:04:23.722 14334 14334 I ViewInteraction: Performing 'replace text()' action on view view.getId() is <2131230745/com.example.cardioassistant:id/Update_Enter_Measure_Date>
07-06 00:04:23.740 14334 14334 I ViewInteraction: Performing 'type text(31/11/2022)' action on view view.getId() is <2131230745/com.example.cardioassistant:id/Update_Enter_Measure_Date>
07-06 00:04:23.746  1338  1338 D TaplEvents: TIS / TouchInteractionService.onInputEvent: MotionEvent { action=ACTION_DOWN, actionButton=0, id[0]=0, x[0]=539.5, y[0]=1429.5, toolType[0]=TOOL_TYPE_UNKNOWN, buttonState=BUTTON_PRIMARY, classification=NONE, metaState=0, flags=0x0, edgeFlags=0x0, pointerCount=1, historySize=0, eventTime=2102251, downTime=2102251, deviceId=-1, source=0x1002, displayId=0, eventId=-694054598 }
07-06 00:04:23.786  1338  1338 D TaplEvents: TIS / TouchInteractionService.onInputEvent: MotionEvent { action=ACTION_UP, actionButton=0, id[0]=0, x[0]=539.5, y[0]=1429.5, toolType[0]=TOOL_TYPE_FINGER, buttonState=BUTTON_PRIMARY, classification=NONE, metaState=0, flags=0x0, edgeFlags=0x0, pointerCount=1, historySize=0, eventTime=2102293, downTime=2102251, deviceId=-1, source=0x1002, displayId=0, eventId=-23850190 }
07-06 00:04:23.794  1703  1703 I GoogleInputMethodService: GoogleInputMethodService.onFinishInput():3220
07-06 00:04:23.794 14334 14334 D InputMethodManager: showSoftInput() view=androidx.appcompat.widget.AppCompatEditText{5fcf8fd VFED..CL. .F.P..ID 31,1295-1049,1433 #7f080019 app:id/Update_Enter_Measure_Date aid=1073741828} flags=0 reason=SHOW_SOFT_INPUT
07-06 00:04:23.796  1703  1703 I GoogleInputMethodService: GoogleInputMethodService.updateDeviceLockedStatus():2114 repeatCheckTimes = 0, unlocked = true
07-06 00:04:23.796  1703  1703 I GoogleInputMethodService: GoogleInputMethodService.onStartInput():1919 onStartInput(EditorInfo{inputType=0x14(Date) imeOptions=0xc000005 privateImeOptions=null actionName=NEXT actionLabel=null actionId=0 initialSelStart=0 initialSelEnd=0 initialCapsMode=0x0 hintText=non-empty label=null packageName=com.example.cardioassistant fieldId=2131230745 fieldName=null extras=Bundle[mParcelledData.dataSize=240]}, false)
07-06 00:04:23.797  1703  1703 I GoogleInputMethodService: GoogleInputMethodService.updateDeviceLockedStatus():2114 repeatCheckTimes = 2, unlocked = true
07-06 00:04:23.803  1703  1703 I DeviceModeUtil: DeviceModeUtil.getDeviceMode():117 Get device mode phone by ui mode:1 and smallestScreenWidthDp:393
07-06 00:04:23.804  1703  1703 I GoogleInputMethodService: GoogleInputMethodService.onStartInputView():2023 onStartInputView(EditorInfo{inputType=0x14(Date) imeOptions=0xc000005 privateImeOptions=null actionName=NEXT actionLabel=null actionId=0 initialSelStart=0 initialSelEnd=0 initialCapsMode=0x0 hintText=non-empty label=null packageName=com.example.cardioassistant fieldId=2131230745 fieldName=null extras=Bundle[{android.support.text.emoji.emojiCompat_metadataVersion=8, android.support.text.emoji.emojiCompat_replaceAll=false}]}, false)
07-06 00:04:23.805  1703  1703 I GoogleInputMethodService: GoogleInputMethodService.updateDeviceLockedStatus():2114 repeatCheckTimes = 2, unlocked = true
07-06 00:04:23.806  1703  1703 I KeyboardViewUtil: KeyboardViewUtil.getKeyboardHeightRatio():168 systemKeyboardHeightRatio:1.000000; userKeyboardHeightRatio:1.000000.
07-06 00:04:23.810  1703  1703 I KeyboardViewUtil: KeyboardViewUtil.calculateMaxKeyboardBodyHeight():44 leave 344 height for app when screen height:2088, header height:121 and isFullscreenMode:false, so the max keyboard body height is:1623
07-06 00:04:23.811  1703  1703 W Keyboard: Keyboard.getKeyboardViewHelper():611 null helper is returned: keyboardDef=hyz{className=.latin.keyboard.LatinNumberKeyboard, id=#0x7f0b05a1, initialStates=0, keyboardViewDefs=[hzr{direction=LOCALE, id=#0x7f0b013c, isScalable=false, layoutId=#0x7f0e03db, type=HEADER, touchable=true}, hzr{direction=null, id=#0x7f0b013c, isScalable=true, layoutId=#0x7f0e041e, type=BODY, touchable=true}], keyTextSizeRatio=1.0, persistentStates=0, persistentStatesPrefKey=null, popupBubbleLayoutId=#0x7f0e04a2, recentKeyLayoutId=0, recentKeyPopupLayoutId=0, recentKeyType=null, rememberRecentKey=NONE, sessionStates=0}, type=FLOATING_CANDIDATES, helpersCreated=[hro@4dbaac2, hro@39b00d3, null],
07-06 00:04:23.813  1703  1703 W Keyboard: Keyboard.getKeyboardViewHelper():611 null helper is returned: keyboardDef=hyz{className=.latin.keyboard.LatinNumberKeyboard, id=#0x7f0b05a1, initialStates=0, keyboardViewDefs=[hzr{direction=LOCALE, id=#0x7f0b013c, isScalable=false, layoutId=#0x7f0e03db, type=HEADER, touchable=true}, hzr{direction=null, id=#0x7f0b013c, isScalable=true, layoutId=#0x7f0e041e, type=BODY, touchable=true}], keyTextSizeRatio=1.0, persistentStates=0, persistentStatesPrefKey=null, popupBubbleLayoutId=#0x7f0e04a2, recentKeyLayoutId=0, recentKeyPopupLayoutId=0, recentKeyType=null, rememberRecentKey=NONE, sessionStates=0}, type=FLOATING_CANDIDATES, helpersCreated=[hro@4dbaac2, hro@39b00d3, null],
07-06 00:04:23.816  1703  1833 I DeviceModeUtil: DeviceModeUtil.getDeviceMode():117 Get device mode phone by ui mode:1 and smallestScreenWidthDp:393
07-06 00:04:23.817  1703  1703 I DeviceModeUtil: DeviceModeUtil.getDeviceMode():117 Get device mode phone by ui mode:1 and smallestScreenWidthDp:393
07-06 00:04:23.817  1703  1703 I DeviceModeUtil: DeviceModeUtil.getDeviceMode():117 Get device mode phone by ui mode:1 and smallestScreenWidthDp:393
07-06 00:04:23.817  1703  1703 I DeviceModeUtil: DeviceModeUtil.getDeviceMode():117 Get device mode phone by ui mode:1 and smallestScreenWidthDp:393
07-06 00:04:23.818  1703  1703 I NormalModeController: NormalModeController.getKeyboardBodyViewHolderPaddingBottom():111 currentPrimeKeyboardType:SOFT systemPaddingBottom:-1
07-06 00:04:23.818  1703  1703 I NormalModeController: NormalModeController.getKeyboardBodyViewHolderPaddingBottom():111 currentPrimeKeyboardType:SOFT systemPaddingBottom:-1
07-06 00:04:23.821  1703  1703 W AutoPasteSuggestionHelper: AutoPasteSuggestionHelper.createProactiveSuggestions():377 Failed to create item chips. Clip items are [ClipItem{ id = 1688580210844, timestamp = 1688580210846, clipItemContent = ClipItemContent{text=SystemClock.sleep(5000);
07-06 00:04:23.821  1703  1703 W AutoPasteSuggestionHelper:         Espresso.onView(withId(R.id.login_email_view)).perform(clearText()).perform(ViewActions.typeText("ridoy@gmail.com"));
07-06 00:04:23.821  1703  1703 W AutoPasteSuggestionHelper:         Espresso.pressBack();
07-06 00:04:23.821  1703  1703 W AutoPasteSuggestionHelper:         Espresso.onView(withId(R.id.login_password_view)).perform(clearText()).perform(ViewActions.typeText("123456"));
07-06 00:04:23.821  1703  1703 W AutoPasteSuggestionHelper:         Espresso.pressBack();
07-06 00:04:23.821  1703  1703 W AutoPasteSuggestionHelper:         Espresso.onView(withId(R.id.login_loginButton)).perform(click());
07-06 00:04:23.821  1703  1703 W AutoPasteSuggestionHelper:         SystemClock.sleep(5000);, htmlText=, itemType=0, entityType=0, uri=, groupId=-1, viewType=0}}, ClipItem{ id = 1688580210845, timestamp = 1688580210846, clipItemContent = ClipItemContent{text=ridoy@gmail.com, htmlText=, itemType=0, entityType=2, uri=, groupId=-1, viewType=0}}, ClipItem{ id = 1688580210846, timestamp = 1688580210846, clipItemContent = ClipItemContent{text=123456, htmlText=, itemType=0, entityType=3, uri=, groupId=-1, viewType=0}}].
07-06 00:04:23.822  1703  1703 I CurrentMicStatusHolder: CurrentMicStatusHolder.onStartInputView():79 Current Mic status = {MicIconHidden-SettingOff,MicIconHidden-PasswordOrNumberOrDateInputType,}
07-06 00:04:23.823  1703  1703 I VoiceImeExtension: VoiceImeExtension.shouldStartVoiceInputAutomatically():382 No private IME option set to start voice input.
07-06 00:04:23.828 14334 14334 W OnBackInvokedCallback: OnBackInvokedCallback is not enabled for the application.
07-06 00:04:23.828 14334 14334 W OnBackInvokedCallback: Set 'android:enableOnBackInvokedCallback="true"' in the application manifest.
07-06 00:04:23.833  1703  1703 I DeviceModeUtil: DeviceModeUtil.getDeviceMode():117 Get device mode phone by ui mode:1 and smallestScreenWidthDp:393
07-06 00:04:23.839  1703  1703 I DeviceModeUtil: DeviceModeUtil.getDeviceMode():117 Get device mode phone by ui mode:1 and smallestScreenWidthDp:393
07-06 00:04:23.845 14334 14334 D InsetsController: show(ime(), fromIme=true)
07-06 00:04:23.847  9712  9712 D BoundBrokerSvc: onBind: Intent { act=com.google.android.gms.common.BIND_SHARED_PREFS pkg=com.google.android.gms }
07-06 00:04:23.850  9712  9712 D BoundBrokerSvc: Loading bound service for intent: Intent { act=com.google.android.gms.common.BIND_SHARED_PREFS pkg=com.google.android.gms }
07-06 00:04:23.854   470   493 W TransactionTracing: Could not find layer id -1
07-06 00:04:23.855   470   493 W TransactionTracing: Could not find layer id -1
07-06 00:04:23.856   470   493 W TransactionTracing: Could not find layer id -1
07-06 00:04:23.861  9712  9712 D BoundBrokerSvc: onUnbind: Intent { act=com.google.android.gms.common.BIND_SHARED_PREFS pkg=com.google.android.gms }
07-06 00:04:23.873  9712  9712 D BoundBrokerSvc: onBind: Intent { act=com.google.android.gms.common.BIND_SHARED_PREFS pkg=com.google.android.gms }
07-06 00:04:23.874  9712  9712 D BoundBrokerSvc: Loading bound service for intent: Intent { act=com.google.android.gms.common.BIND_SHARED_PREFS pkg=com.google.android.gms }
07-06 00:04:23.882  9712  9712 D BoundBrokerSvc: onUnbind: Intent { act=com.google.android.gms.common.BIND_SHARED_PREFS pkg=com.google.android.gms }
07-06 00:04:23.888   470   493 W TransactionTracing: Could not find layer id -1
07-06 00:04:23.888   470   493 W TransactionTracing: Could not find layer id -1
07-06 00:04:24.047 14334 14334 D UiControllerImpl: Injecting string: "31/11/2022"
07-06 00:04:24.051   614  2372 D InputDispatcher: Touch mode switch rejected, caller (pid=0, uid=10160) doesn't own the focused window nor none of the previously interacted window
07-06 00:04:24.078 14334 14361 D EGL_emulation: app_time_stats: avg=55.26ms min=13.02ms max=234.84ms count=18
07-06 00:04:24.215 14334 14334 I ViewInteraction: Performing 'send keyCode: 4, metaState: 0 key event' action on view view.getRootView() to equal view
07-06 00:04:24.234  1703  1703 I GoogleInputMethodService: GoogleInputMethodService.onFinishInputView():2266
07-06 00:04:24.234  1703  1703 W TooltipLifecycleManager: TooltipLifecycleManager.dismissTooltips():159 Tooltip with id spell_check_add_to_dictionary not found in tooltipManager.
07-06 00:04:24.304   470   493 W TransactionTracing: Could not find layer id -1
07-06 00:04:24.342   989  1140 D EGL_emulation: app_time_stats: avg=10.84ms min=1.52ms max=31.14ms count=59
07-06 00:04:24.401 14334 14334 I KeyEventActionBase: Back was pressed but there was no Activity stage transition in 150ms. Pressing back may trigger an activity stage transition if the activity is finished as a result. However, the activity may handle the back behavior in any number of other ways internally as well, such as popping the fragment back stack, dismissing a dialog, otherwise manually transacting fragments, etc.
07-06 00:04:24.405 14334 14334 I ViewInteraction: Performing 'replace text()' action on view view.getId() is <2131230742/com.example.cardioassistant:id/Update_Enter_Comment>
07-06 00:04:24.425 14334 14334 I ViewInteraction: Performing 'type text(Sick)' action on view view.getId() is <2131230742/com.example.cardioassistant:id/Update_Enter_Comment>
07-06 00:04:24.431  1338  1338 D TaplEvents: TIS / TouchInteractionService.onInputEvent: MotionEvent { action=ACTION_DOWN, actionButton=0, id[0]=0, x[0]=539.5, y[0]=1663.5, toolType[0]=TOOL_TYPE_UNKNOWN, buttonState=BUTTON_PRIMARY, classification=NONE, metaState=0, flags=0x0, edgeFlags=0x0, pointerCount=1, historySize=0, eventTime=2102936, downTime=2102936, deviceId=-1, source=0x1002, displayId=0, eventId=-590948455 }
07-06 00:04:24.471   470   493 W TransactionTracing: Could not find layer id -1
07-06 00:04:24.472   470   493 W TransactionTracing: Could not find layer id -1
07-06 00:04:24.472   470   493 W TransactionTracing: Could not find layer id -1
07-06 00:04:24.474   470   493 W TransactionTracing: Could not find layer id -1
07-06 00:04:24.474   470   493 W TransactionTracing: Could not find layer id -1
07-06 00:04:24.474   470   493 W TransactionTracing: Could not find layer id -1
07-06 00:04:24.475   470   493 W TransactionTracing: Could not find layer id -1
07-06 00:04:24.476  1338  1338 D TaplEvents: TIS / TouchInteractionService.onInputEvent: MotionEvent { action=ACTION_UP, actionButton=0, id[0]=0, x[0]=539.5, y[0]=1663.5, toolType[0]=TOOL_TYPE_FINGER, buttonState=BUTTON_PRIMARY, classification=NONE, metaState=0, flags=0x0, edgeFlags=0x0, pointerCount=1, historySize=0, eventTime=2102978, downTime=2102936, deviceId=-1, source=0x1002, displayId=0, eventId=-466635942 }
07-06 00:04:24.478   470   493 W TransactionTracing: Could not find layer id -1
07-06 00:04:24.484  1703  1703 I GoogleInputMethodService: GoogleInputMethodService.onFinishInput():3220
07-06 00:04:24.485 14334 14334 D InputMethodManager: showSoftInput() view=androidx.appcompat.widget.AppCompatEditText{14149f2 VFED..CL. .F.P..ID 31,1529-1049,1667 #7f080016 app:id/Update_Enter_Comment aid=1073741829} flags=0 reason=SHOW_SOFT_INPUT
07-06 00:04:24.486  1703  1703 I GoogleInputMethodService: GoogleInputMethodService.updateDeviceLockedStatus():2114 repeatCheckTimes = 0, unlocked = true
07-06 00:04:24.487  1703  1703 I GoogleInputMethodService: GoogleInputMethodService.onStartInput():1919 onStartInput(EditorInfo{inputType=0x20001(Normal) imeOptions=0x44000006 privateImeOptions=null actionName=DONE actionLabel=null actionId=0 initialSelStart=0 initialSelEnd=0 initialCapsMode=0x0 hintText=non-empty label=null packageName=com.example.cardioassistant fieldId=2131230742 fieldName=null extras=Bundle[mParcelledData.dataSize=240]}, false)
07-06 00:04:24.488  1703  1703 I GoogleInputMethodService: GoogleInputMethodService.updateDeviceLockedStatus():2114 repeatCheckTimes = 2, unlocked = true
07-06 00:04:24.494  1703  1703 I DeviceModeUtil: DeviceModeUtil.getDeviceMode():117 Get device mode phone by ui mode:1 and smallestScreenWidthDp:393
07-06 00:04:24.494  1703  1703 I GoogleInputMethodService: GoogleInputMethodService.onStartInputView():2023 onStartInputView(EditorInfo{inputType=0x20001(Normal) imeOptions=0x44000006 privateImeOptions=null actionName=DONE actionLabel=null actionId=0 initialSelStart=0 initialSelEnd=0 initialCapsMode=0x0 hintText=non-empty label=null packageName=com.example.cardioassistant fieldId=2131230742 fieldName=null extras=Bundle[{android.support.text.emoji.emojiCompat_metadataVersion=8, android.support.text.emoji.emojiCompat_replaceAll=false}]}, false)
07-06 00:04:24.496  1703  1703 I GoogleInputMethodService: GoogleInputMethodService.updateDeviceLockedStatus():2114 repeatCheckTimes = 2, unlocked = true
07-06 00:04:24.496  1703  1833 I DeviceModeUtil: DeviceModeUtil.getDeviceMode():117 Get device mode phone by ui mode:1 and smallestScreenWidthDp:393
07-06 00:04:24.497  1703  1703 I KeyboardViewUtil: KeyboardViewUtil.getKeyboardHeightRatio():168 systemKeyboardHeightRatio:1.000000; userKeyboardHeightRatio:1.000000.
07-06 00:04:24.499  1703  1703 I AndroidIME: AbstractIme.onActivate():91 LatinIme.onActivate() : EditorInfo = inputType=0x20001(Normal) imeOptions=0x44000006 privateImeOptions=null actionName=DONE actionLabel=null actionId=0 initialSelStart=0 initialSelEnd=0 initialCapsMode=0x0 hintText=non-empty label=null packageName=com.example.cardioassistant fieldId=2131230742 fieldName=null extras=Bundle[{android.support.text.emoji.emojiCompat_metadataVersion=8, android.support.text.emoji.emojiCompat_replaceAll=false}], IncognitoMode = false, DeviceLocked = false
07-06 00:04:24.500  1703  1703 I Delight5Facilitator: Delight5Facilitator.initializeForIme():777 initializeForIme() : Locale = [en_US], layout = qwerty
07-06 00:04:24.501  1703  1703 I VoiceInputManagerWrapper: VoiceInputManagerWrapper.cancelShutdown():55 cancelShutdown()
07-06 00:04:24.501  1703  1703 I VoiceInputManagerWrapper: VoiceInputManagerWrapper.syncLanguagePacks():67 syncLanguagePacks()
07-06 00:04:24.502  1703 11729 I SpeechFactory: SpeechRecognitionFactory.maybeScheduleAutoPackDownloadForFallback():202 maybeScheduleAutoPackDownloadForFallback()
07-06 00:04:24.503  1703 11729 I FallbackOnDeviceRecognitionProvider: FallbackOnDeviceRecognitionProvider.maybeScheduleAutoPackDownload():196 maybeScheduleAutoPackDownload() for language tag en-US
07-06 00:04:24.503  1703  1703 I LatinIme: LatinIme.updateEnableInlineSuggestionsOnDecoderSideFlags():1295 inline flag updated to:false
07-06 00:04:24.507  1703  1703 I KeyboardWrapper: KeyboardWrapper.consumeEvent():273 Skip consuming an event as current keyboard is deactivated (state=0, keyboard existence=true)
07-06 00:04:24.531  1703  1703 I KeyboardViewHelper: KeyboardViewHelper.getView():168 Get view with height ratio:1.000000
07-06 00:04:24.539  1703  1703 I KeyboardViewUtil: KeyboardViewUtil.calculateMaxKeyboardBodyHeight():44 leave 344 height for app when screen height:2088, header height:121 and isFullscreenMode:false, so the max keyboard body height is:1623
07-06 00:04:24.543  1703  1703 I DeviceModeUtil: DeviceModeUtil.getDeviceMode():117 Get device mode phone by ui mode:1 and smallestScreenWidthDp:393
07-06 00:04:24.544  1703  1703 I KeyboardViewUtil: KeyboardViewUtil.calculateMaxKeyboardBodyHeight():44 leave 344 height for app when screen height:2088, header height:121 and isFullscreenMode:false, so the max keyboard body height is:1623
07-06 00:04:24.545  1703  1703 I DeviceModeUtil: DeviceModeUtil.getDeviceMode():117 Get device mode phone by ui mode:1 and smallestScreenWidthDp:393
07-06 00:04:24.548  1703  1703 I DeviceModeUtil: DeviceModeUtil.getDeviceMode():117 Get device mode phone by ui mode:1 and smallestScreenWidthDp:393
07-06 00:04:24.549  1703  1703 I DeviceModeUtil: DeviceModeUtil.getDeviceMode():117 Get device mode phone by ui mode:1 and smallestScreenWidthDp:393
07-06 00:04:24.550  1703  1703 I NormalModeController: NormalModeController.getKeyboardBodyViewHolderPaddingBottom():111 currentPrimeKeyboardType:SOFT systemPaddingBottom:-1
07-06 00:04:24.551  1703  1703 I NormalModeController: NormalModeController.getKeyboardBodyViewHolderPaddingBottom():111 currentPrimeKeyboardType:SOFT systemPaddingBottom:-1
07-06 00:04:24.558  1703  1703 W AutoPasteSuggestionHelper: AutoPasteSuggestionHelper.setMaxWidthOfChipTextView():773 Failed to get the width of the proactive suggestion view holder.
07-06 00:04:24.558  1703  1703 I ProactiveSuggestionsHolderManager: ProactiveSuggestionsHolderManager$3.display():214 Requesting to show proactive suggestions: CLIPBOARD PREEMPTIVE_WITH_SUPPRESSION
07-06 00:04:24.561  1703  1703 I VoiceImeExtension: VoiceImeExtension.shouldStartVoiceInputAutomatically():382 No private IME option set to start voice input.
07-06 00:04:24.567 14334 14334 W OnBackInvokedCallback: OnBackInvokedCallback is not enabled for the application.
07-06 00:04:24.567 14334 14334 W OnBackInvokedCallback: Set 'android:enableOnBackInvokedCallback="true"' in the application manifest.
07-06 00:04:24.573 14334 14334 D InsetsController: show(ime(), fromIme=true)
07-06 00:04:24.577  9712  9712 D BoundBrokerSvc: onBind: Intent { act=com.google.android.gms.common.BIND_SHARED_PREFS pkg=com.google.android.gms }
07-06 00:04:24.577  9712  9712 D BoundBrokerSvc: Loading bound service for intent: Intent { act=com.google.android.gms.common.BIND_SHARED_PREFS pkg=com.google.android.gms }
07-06 00:04:24.584  9712  9712 D BoundBrokerSvc: onUnbind: Intent { act=com.google.android.gms.common.BIND_SHARED_PREFS pkg=com.google.android.gms }
07-06 00:04:24.611  1703  2382 D EGL_emulation: app_time_stats: avg=700.40ms min=626.41ms max=774.38ms count=2
07-06 00:04:24.617  1703  1703 I DeviceModeUtil: DeviceModeUtil.getDeviceMode():117 Get device mode phone by ui mode:1 and smallestScreenWidthDp:393
07-06 00:04:24.619  1703  1703 I DeviceModeUtil: DeviceModeUtil.getDeviceMode():117 Get device mode phone by ui mode:1 and smallestScreenWidthDp:393
07-06 00:04:24.619  1703  1703 I NormalModeController: NormalModeController.getKeyboardBodyViewHolderPaddingBottom():111 currentPrimeKeyboardType:SOFT systemPaddingBottom:-1
07-06 00:04:24.621   470   493 W TransactionTracing: Could not find layer id -1
07-06 00:04:24.624  1703  2520 I Delight5Decoder: Delight5DecoderWrapper.setKeyboardLayout():442 setKeyboardLayout()
07-06 00:04:24.627  1703  2520 I Delight5Decoder: Delight5DecoderWrapper.setKeyboardLayout():442 setKeyboardLayout()
07-06 00:04:24.645  9712  9712 D BoundBrokerSvc: onBind: Intent { act=com.google.android.gms.common.BIND_SHARED_PREFS pkg=com.google.android.gms }
07-06 00:04:24.645  9712  9712 D BoundBrokerSvc: Loading bound service for intent: Intent { act=com.google.android.gms.common.BIND_SHARED_PREFS pkg=com.google.android.gms }
07-06 00:04:24.653  9712  9712 D BoundBrokerSvc: onUnbind: Intent { act=com.google.android.gms.common.BIND_SHARED_PREFS pkg=com.google.android.gms }
07-06 00:04:24.719  1703  1703 W TooltipLifecycleManager: TooltipLifecycleManager.dismissTooltips():159 Tooltip with id spell_check_add_to_dictionary not found in tooltipManager.
07-06 00:04:24.739   470   493 W TransactionTracing: Could not find layer id -1
07-06 00:04:25.078  2534  2780 I WorkerManager: dispose()
07-06 00:04:25.079  2534  2780 W A       : Queue length for executor EventBus is now 11. Perhaps some tasks are too long, or the pool is too small.
07-06 00:04:25.140 14334 14334 D UiControllerImpl: Injecting string: "Sick"
07-06 00:04:25.159 14334 14361 D EGL_emulation: app_time_stats: avg=30.65ms min=12.46ms max=218.67ms count=35
07-06 00:04:25.164   614  2007 D InputDispatcher: Touch mode switch rejected, caller (pid=0, uid=10160) doesn't own the focused window nor none of the previously interacted window
07-06 00:04:25.173   470   493 W TransactionTracing: Could not find layer id -1
07-06 00:04:25.173   470   493 W TransactionTracing: Could not find layer id -1
07-06 00:04:25.174   470   493 W TransactionTracing: Could not find layer id -1
07-06 00:04:25.174   470   493 W TransactionTracing: Could not find layer id -1
07-06 00:04:25.174   470   493 W TransactionTracing: Could not find layer id -1
07-06 00:04:25.211  1703  1703 I KeyboardViewController: KeyboardViewController.lambda$showSelfAndAncestors$6():610 current view doesn't has the priority com.google.android.apps.inputmethod.latin.keyboard.widget.LatinFixedCountCandidatesHolderView{7060d72 I.E...... ......ID 116,0-952,121 #7f0b13d8 app:id/softkey_holder_fixed_candidates} to show itself, PREEMPTIVE
07-06 00:04:25.254  1703  1703 I KeyboardViewController: KeyboardViewController.lambda$showSelfAndAncestors$6():610 current view doesn't has the priority com.google.android.apps.inputmethod.latin.keyboard.widget.LatinFixedCountCandidatesHolderView{7060d72 I.E...... ......ID 116,0-952,121 #7f0b13d8 app:id/softkey_holder_fixed_candidates} to show itself, PREEMPTIVE
07-06 00:04:25.279  1703  1703 I KeyboardViewController: KeyboardViewController.lambda$showSelfAndAncestors$6():610 current view doesn't has the priority com.google.android.apps.inputmethod.latin.keyboard.widget.LatinFixedCountCandidatesHolderView{7060d72 I.E...... ......ID 116,0-952,121 #7f0b13d8 app:id/softkey_holder_fixed_candidates} to show itself, PREEMPTIVE
07-06 00:04:25.281 14334 14334 I ViewInteraction: Performing 'send keyCode: 4, metaState: 0 key event' action on view view.getRootView() to equal view
07-06 00:04:25.297  1703  2520 I native  : I0000 00:00:1688580266.036198    2520 input-context-store.cc:239] Ignoring stale client request for FetchSuggestions
07-06 00:04:25.303  1703  2520 I native  : I0000 00:00:1688580266.041082    2520 input-context-store.cc:162] Ignoring stale client request for OverrideDecodedCandidates
07-06 00:04:25.304  1703  1703 W InputContextProxy: InputContextProxy.applyClientDiffInternal():920 Ignore [FetchSuggestions] diff due to stale request: 307<308, inputStateId=0, lastInputStateId=263
07-06 00:04:25.316  1703  1703 I GoogleInputMethodService: GoogleInputMethodService.onFinishInputView():2266
07-06 00:04:25.316  1703  1703 W TooltipLifecycleManager: TooltipLifecycleManager.dismissTooltips():159 Tooltip with id spell_check_add_to_dictionary not found in tooltipManager.
07-06 00:04:25.318  1703  1703 I InputBundle: InputBundle.consumeEvent():894 Skip consuming an event as keyboard status is 0
07-06 00:04:25.319  1703  1703 I KeyboardWrapper: KeyboardWrapper.consumeEvent():273 Skip consuming an event as current keyboard is deactivated (state=0, keyboard existence=true)
07-06 00:04:25.320  1703  1703 I VoiceInputManagerWrapper: VoiceInputManagerWrapper.shutdown():77 shutdown()
07-06 00:04:25.321  1703  1703 I AndroidIME: AbstractIme.onDeactivate():213 LatinIme.onDeactivate()
07-06 00:04:25.333  1703  5953 E native  : E0000 00:00:1688580265.404815    5953 keyboard.cc:26] Cannot create a keyboard with 0 valid keys
07-06 00:04:25.345   989  1140 D EGL_emulation: app_time_stats: avg=13.15ms min=1.47ms max=39.21ms count=58
07-06 00:04:25.606 14334 14334 I KeyEventActionBase: Back was pressed but there was no Activity stage transition in 150ms. Pressing back may trigger an activity stage transition if the activity is finished as a result. However, the activity may handle the back behavior in any number of other ways internally as well, such as popping the fragment back stack, dismissing a dialog, otherwise manually transacting fragments, etc.
07-06 00:04:26.071   470   493 W TransactionTracing: Could not find layer handle 0x790bf1e41c70
07-06 00:04:26.071   470   493 W TransactionTracing: Could not find layer id -1
07-06 00:04:26.342 14334 14361 D EGL_emulation: app_time_stats: avg=50.86ms min=11.99ms max=515.05ms count=23
07-06 00:04:26.359   989  1140 D EGL_emulation: app_time_stats: avg=14.45ms min=1.36ms max=29.63ms count=59
07-06 00:04:26.721   470   493 W TransactionTracing: Could not find layer id -1
07-06 00:04:26.722   470   493 W TransactionTracing: Could not find layer id -1
07-06 00:04:26.723   470   493 W TransactionTracing: Could not find layer id -1
07-06 00:04:26.723   470   493 W TransactionTracing: Could not find layer id -1
07-06 00:04:26.724   470   493 W TransactionTracing: Could not find layer id -1
07-06 00:04:26.725   470   493 W TransactionTracing: Could not find layer id -1
07-06 00:04:26.726   470   493 W TransactionTracing: Could not find layer id -1
07-06 00:04:26.727   470   493 W TransactionTracing: Could not find layer id -1
07-06 00:04:26.727   470   493 W TransactionTracing: Could not find layer id -1
07-06 00:04:26.727   470   493 W TransactionTracing: Could not find layer id -1
07-06 00:04:26.954   470   493 W TransactionTracing: Could not find layer id -1
07-06 00:04:26.955   470   493 W TransactionTracing: Could not find layer id -1
07-06 00:04:27.342 14334 14361 D EGL_emulation: app_time_stats: avg=500.32ms min=497.53ms max=503.11ms count=2
07-06 00:04:27.612 14334 14334 I ViewInteraction: Performing 'single click' action on view view.getId() is <2131230748/com.example.cardioassistant:id/Update_UpdateButton>
07-06 00:04:27.617  1338  1338 D TaplEvents: TIS / TouchInteractionService.onInputEvent: MotionEvent { action=ACTION_DOWN, actionButton=0, id[0]=0, x[0]=291.0, y[0]=1870.5, toolType[0]=TOOL_TYPE_UNKNOWN, buttonState=BUTTON_PRIMARY, classification=NONE, metaState=0, flags=0x0, edgeFlags=0x0, pointerCount=1, historySize=0, eventTime=2106122, downTime=2106122, deviceId=-1, source=0x1002, displayId=0, eventId=-56654797 }
07-06 00:04:27.656  1338  1338 D TaplEvents: TIS / TouchInteractionService.onInputEvent: MotionEvent { action=ACTION_UP, actionButton=0, id[0]=0, x[0]=291.0, y[0]=1870.5, toolType[0]=TOOL_TYPE_FINGER, buttonState=BUTTON_PRIMARY, classification=NONE, metaState=0, flags=0x0, edgeFlags=0x0, pointerCount=1, historySize=0, eventTime=2106162, downTime=2106122, deviceId=-1, source=0x1002, displayId=0, eventId=-895580441 }
07-06 00:04:27.666   458   578 D AudioFlinger: mixer(0x7ef9619749a0) throttle end: throttle time(35)
07-06 00:04:27.695  1703  1703 I GoogleInputMethodService: GoogleInputMethodService.onStartInput():1919 onStartInput(EditorInfo{inputType=0x20001(Normal) imeOptions=0x44000006 privateImeOptions=null actionName=DONE actionLabel=null actionId=0 initialSelStart=0 initialSelEnd=0 initialCapsMode=0x0 hintText=non-empty label=null packageName=com.example.cardioassistant fieldId=2131230742 fieldName=null extras=Bundle[mParcelledData.dataSize=240]}, true)
07-06 00:04:27.696  1703  1703 I GoogleInputMethodService: GoogleInputMethodService.updateDeviceLockedStatus():2114 repeatCheckTimes = 2, unlocked = true
07-06 00:04:27.696  1703  1703 W SessionManager: SessionManager.beginSession():53 Try to begin an already begun session [INPUT_SESSION], end it first
07-06 00:04:27.706  1703 13153 I tflite  : Created TensorFlow Lite XNNPACK delegate for CPU.
07-06 00:04:27.949 14334 14334 D LifecycleMonitor: Lifecycle status change: com.example.cardioassistant.UpdateActivity@774ab2f in: PAUSED
07-06 00:04:27.949 14334 14334 V ActivityScenario: Activity lifecycle changed event received but ignored because the intent does not match. startActivityIntent=Intent { act=android.intent.action.MAIN cat=[android.intent.category.LAUNCHER] flg=0x10008000 cmp=com.example.cardioassistant/.SplashActivity }, activity.getIntent()=Intent { cmp=com.example.cardioassistant/.UpdateActivity (has extras) }, activity=com.example.cardioassistant.UpdateActivity@774ab2f
07-06 00:04:27.971 14334 14334 D LifecycleMonitor: Lifecycle status change: com.example.cardioassistant.HomeActivity@aa57f7c in: PRE_ON_CREATE
07-06 00:04:27.972 14334 14334 V ActivityScenario: Activity lifecycle changed event received but ignored because the intent does not match. startActivityIntent=Intent { act=android.intent.action.MAIN cat=[android.intent.category.LAUNCHER] flg=0x10008000 cmp=com.example.cardioassistant/.SplashActivity }, activity.getIntent()=Intent { cmp=com.example.cardioassistant/.HomeActivity }, activity=com.example.cardioassistant.HomeActivity@aa57f7c
07-06 00:04:27.982   411   453 D goldfish-address-space: claimShared: Ask to claim region [0x3ef7dd000 0x3ef828000]
07-06 00:04:27.990   411   453 D goldfish-address-space: claimShared: Ask to claim region [0x3ef828000 0x3ef873000]
07-06 00:04:28.001   411   453 D goldfish-address-space: claimShared: Ask to claim region [0x3ef873000 0x3ef8be000]
07-06 00:04:28.009   989  1140 W Parcel  : Expecting binder but got null!
07-06 00:04:28.010 14334 14334 D LifecycleMonitor: Lifecycle status change: com.example.cardioassistant.HomeActivity@aa57f7c in: CREATED
07-06 00:04:28.011 14334 14334 V ActivityScenario: Activity lifecycle changed event received but ignored because the intent does not match. startActivityIntent=Intent { act=android.intent.action.MAIN cat=[android.intent.category.LAUNCHER] flg=0x10008000 cmp=com.example.cardioassistant/.SplashActivity }, activity.getIntent()=Intent { cmp=com.example.cardioassistant/.HomeActivity }, activity=com.example.cardioassistant.HomeActivity@aa57f7c
07-06 00:04:28.014 14334 14334 D LifecycleMonitor: Lifecycle status change: com.example.cardioassistant.HomeActivity@aa57f7c in: STARTED
07-06 00:04:28.015 14334 14334 V ActivityScenario: Activity lifecycle changed event received but ignored because the intent does not match. startActivityIntent=Intent { act=android.intent.action.MAIN cat=[android.intent.category.LAUNCHER] flg=0x10008000 cmp=com.example.cardioassistant/.SplashActivity }, activity.getIntent()=Intent { cmp=com.example.cardioassistant/.HomeActivity }, activity=com.example.cardioassistant.HomeActivity@aa57f7c
07-06 00:04:28.018 14334 14334 D LifecycleMonitor: Lifecycle status change: com.example.cardioassistant.HomeActivity@aa57f7c in: RESUMED
07-06 00:04:28.019 14334 14334 V ActivityScenario: Activity lifecycle changed event received but ignored because the intent does not match. startActivityIntent=Intent { act=android.intent.action.MAIN cat=[android.intent.category.LAUNCHER] flg=0x10008000 cmp=com.example.cardioassistant/.SplashActivity }, activity.getIntent()=Intent { cmp=com.example.cardioassistant/.HomeActivity }, activity=com.example.cardioassistant.HomeActivity@aa57f7c
07-06 00:04:28.052   411   453 D goldfish-address-space: claimShared: Ask to claim region [0x3ec000000 0x3ec926000]
07-06 00:04:28.062   470   493 W TransactionTracing: Could not find layer id -1
07-06 00:04:28.062   411   453 D goldfish-address-space: claimShared: Ask to claim region [0x3ee498000 0x3eedbe000]
07-06 00:04:28.065   411   453 D goldfish-address-space: claimShared: Ask to claim region [0x3eedbe000 0x3ef6e4000]
07-06 00:04:28.151 14334 14361 W Parcel  : Expecting binder but got null!
07-06 00:04:28.161   614   647 I ActivityTaskManager: Displayed com.example.cardioassistant/.HomeActivity: +221ms
07-06 00:04:28.192   411   453 D goldfish-address-space: claimShared: Ask to claim region [0x3ef8be000 0x3ef8c1000]
07-06 00:04:28.193   411   459 D goldfish-address-space: claimShared: Ask to claim region [0x3ef8c1000 0x3ef8c4000]
07-06 00:04:28.215   411   459 D goldfish-address-space: claimShared: Ask to claim region [0x3ef8c4000 0x3ef9af000]
07-06 00:04:28.227   411   459 D goldfish-address-space: claimShared: Ask to claim region [0x3ef9af000 0x3efa9a000]
07-06 00:04:28.258   614  1526 W Parcel  : Expecting binder but got null!
07-06 00:04:28.259   411   459 D goldfish-address-space: claimShared: Ask to claim region [0x3efa9a000 0x3efb85000]
07-06 00:04:28.283   411   459 D goldfish-address-space: claimShared: Ask to claim region [0x3efb85000 0x3efc70000]
07-06 00:04:28.305   614  1526 W Parcel  : Expecting binder but got null!
07-06 00:04:28.414  1703  1703 I GoogleInputMethodService: GoogleInputMethodService.onFinishInput():3220
07-06 00:04:28.418  1703  1703 I GoogleInputMethodService: GoogleInputMethodService.updateDeviceLockedStatus():2114 repeatCheckTimes = 0, unlocked = true
07-06 00:04:28.418  1703  1703 I GoogleInputMethodService: GoogleInputMethodService.onStartInput():1919 onStartInput(EditorInfo{inputType=0x0(NULL) imeOptions=0x0 privateImeOptions=null actionName=UNSPECIFIED actionLabel=null actionId=0 initialSelStart=-1 initialSelEnd=-1 initialCapsMode=0x0 hintText=null label=null packageName=com.example.cardioassistant fieldId=-1 fieldName=null extras=null}, false)
07-06 00:04:28.421  1703  1703 I GoogleInputMethodService: GoogleInputMethodService.updateDeviceLockedStatus():2114 repeatCheckTimes = 2, unlocked = true
07-06 00:04:28.808   470   493 W TransactionTracing: Could not find layer handle 0x790bf1e3e4f0
07-06 00:04:28.809   470   493 W TransactionTracing: Could not find layer handle 0x790bf1e3c8d0
07-06 00:04:28.809   470   493 W TransactionTracing: Could not find layer handle 0x790bf1e3c8d0
07-06 00:04:28.813   470   493 W TransactionTracing: Could not find layer handle 0x790bf1e3f030
07-06 00:04:28.813   470   493 W TransactionTracing: Could not find layer handle 0x790bf1e408f0
07-06 00:04:28.814   470   493 W TransactionTracing: Could not find layer handle 0x790bf1e3e4f0
07-06 00:04:28.814   470   493 W TransactionTracing: Could not find layer handle 0x790bf1e3b1f0
07-06 00:04:28.815   470   493 W TransactionTracing: Could not find layer handle 0x790bf1e41f70
07-06 00:04:28.824 14334 14334 D LifecycleMonitor: Lifecycle status change: com.example.cardioassistant.UpdateActivity@774ab2f in: STOPPED
07-06 00:04:28.825 14334 14334 V ActivityScenario: Activity lifecycle changed event received but ignored because the intent does not match. startActivityIntent=Intent { act=android.intent.action.MAIN cat=[android.intent.category.LAUNCHER] flg=0x10008000 cmp=com.example.cardioassistant/.SplashActivity }, activity.getIntent()=Intent { cmp=com.example.cardioassistant/.UpdateActivity (has extras) }, activity=com.example.cardioassistant.UpdateActivity@774ab2f
07-06 00:04:28.855   470   493 W TransactionTracing: Could not find layer handle 0x790bf1e3e130
07-06 00:04:29.055   421   421 E android.hardware.power.stats@1.0-service-mock: Failed to getEnergyData
07-06 00:04:30.309   989  1140 D EGL_emulation: app_time_stats: avg=130.21ms min=1.55ms max=1950.95ms count=16
07-06 00:04:30.347  1921  1931 W d.process.acore: Reducing the number of considered missed Gc histogram windows from 135 to 100
07-06 00:04:30.547   614  1978 W InputManager-JNI: Input channel object '5761912 Toast (client)' was disposed without first being removed with the input manager!
07-06 00:04:30.556   470   493 W TransactionTracing: Could not find layer handle 0x790bf1e3bdf0
07-06 00:04:30.556   470   493 W TransactionTracing: Could not find layer handle 0x790bf1e3dcb0
07-06 00:04:30.558   470   493 W TransactionTracing: Could not find layer handle 0x790bf1e41e50
07-06 00:04:32.915 14334 14358 I TestRunner: finished: test3updatemeasurement(com.example.cardioassistant.HomeActivityTest)
