07-06 00:03:50.762  1338  1338 D TaplEvents: TIS / TouchInteractionService.onInputEvent: MotionEvent { action=ACTION_DOWN, actionButton=0, id[0]=0, x[0]=539.5, y[0]=1438.5, toolType[0]=TOOL_TYPE_UNKNOWN, buttonState=BUTTON_PRIMARY, classification=NONE, metaState=0, flags=0x0, edgeFlags=0x0, pointerCount=1, historySize=0, eventTime=2069267, downTime=2069267, deviceId=-1, source=0x1002, displayId=0, eventId=-573459972 }
07-06 00:03:50.801  1338  1338 D TaplEvents: TIS / TouchInteractionService.onInputEvent: MotionEvent { action=ACTION_UP, actionButton=0, id[0]=0, x[0]=539.5, y[0]=1438.5, toolType[0]=TOOL_TYPE_FINGER, buttonState=BUTTON_PRIMARY, classification=NONE, metaState=0, flags=0x0, edgeFlags=0x0, pointerCount=1, historySize=0, eventTime=2069308, downTime=2069267, deviceId=-1, source=0x1002, displayId=0, eventId=-11897038 }
07-06 00:03:50.802 14334 14334 I FirebaseAuth: Logging in as ridoy@gmail.com with empty reCAPTCHA token
07-06 00:03:50.819 14334 14390 W System  : Ignoring header X-Firebase-Locale because its value was null.
07-06 00:03:50.834   385 14393 I resolv  : GetAddrInfoHandler::run: {100 100 100 983140 10160 0}
07-06 00:03:50.835   385 14394 I resolv  : res_nmkquery: (QUERY, IN, AAAA)
07-06 00:03:50.835   385 14394 I resolv  : resolv_cache_lookup: FOUND IN CACHE entry=0x7dcb49d67450
07-06 00:03:50.835   385 14394 I resolv  : doQuery: rcode=0, ancount=4, return value=148
07-06 00:03:50.836   385 14395 I resolv  : res_nmkquery: (QUERY, IN, A)
07-06 00:03:50.836   385 14395 I resolv  : resolv_cache_lookup: FOUND IN CACHE entry=0x7dcb69d68790
07-06 00:03:50.837   385 14395 I resolv  : doQuery: rcode=0, ancount=16, return value=292
07-06 00:03:50.839 14334 14390 D TrafficStats: tagSocket(117) with statsTag=0xffffffff, statsUid=-1
07-06 00:03:51.076 14334 14361 D EGL_emulation: app_time_stats: avg=102.65ms min=13.23ms max=501.27ms count=10
07-06 00:03:51.349   989  1140 D EGL_emulation: app_time_stats: avg=16.28ms min=9.21ms max=30.80ms count=59
07-06 00:03:51.354   470   493 W TransactionTracing: Could not find layer handle 0x790bf1e3d890
07-06 00:03:51.518 14334 14390 W System  : Ignoring header X-Firebase-Locale because its value was null.
07-06 00:03:51.936 14334 14390 D FirebaseAuth: Notifying id token listeners about user ( AUp9jigfbpRY3zMxcKIgScP5s532 ).
07-06 00:03:51.966 14334 14334 D CompatibilityChangeReporter: Compat change id reported: 147798919; UID 10160; state: ENABLED
07-06 00:03:51.969 14334 14334 D LifecycleMonitor: Lifecycle status change: com.example.cardioassistant.LoginActivity@3e4731f in: PAUSED
07-06 00:03:51.970 14334 14334 V ActivityScenario: Activity lifecycle changed event received but ignored because the intent does not match. startActivityIntent=Intent { act=android.intent.action.MAIN cat=[android.intent.category.LAUNCHER] flg=0x10008000 cmp=com.example.cardioassistant/.SplashActivity }, activity.getIntent()=Intent { cmp=com.example.cardioassistant/.LoginActivity }, activity=com.example.cardioassistant.LoginActivity@3e4731f
07-06 00:03:51.990 14334 14334 D LifecycleMonitor: Lifecycle status change: com.example.cardioassistant.HomeActivity@e66289d in: PRE_ON_CREATE
07-06 00:03:51.991 14334 14334 V ActivityScenario: Activity lifecycle changed event received but ignored because the intent does not match. startActivityIntent=Intent { act=android.intent.action.MAIN cat=[android.intent.category.LAUNCHER] flg=0x10008000 cmp=com.example.cardioassistant/.SplashActivity }, activity.getIntent()=Intent { cmp=com.example.cardioassistant/.HomeActivity }, activity=com.example.cardioassistant.HomeActivity@e66289d
07-06 00:03:52.019   411   453 D goldfish-address-space: claimShared: Ask to claim region [0x3f39a2000 0x3f39ed000]
07-06 00:03:52.028   411   453 D goldfish-address-space: claimShared: Ask to claim region [0x3f39ed000 0x3f3a38000]
07-06 00:03:52.031   411   459 D goldfish-address-space: claimShared: Ask to claim region [0x3f3a38000 0x3f3a83000]
07-06 00:03:52.045   989  1140 W Parcel  : Expecting binder but got null!
07-06 00:03:52.143 14334 14334 D LifecycleMonitor: Lifecycle status change: com.example.cardioassistant.HomeActivity@e66289d in: CREATED
07-06 00:03:52.144 14334 14334 V ActivityScenario: Activity lifecycle changed event received but ignored because the intent does not match. startActivityIntent=Intent { act=android.intent.action.MAIN cat=[android.intent.category.LAUNCHER] flg=0x10008000 cmp=com.example.cardioassistant/.SplashActivity }, activity.getIntent()=Intent { cmp=com.example.cardioassistant/.HomeActivity }, activity=com.example.cardioassistant.HomeActivity@e66289d
07-06 00:03:52.147 14334 14334 D LifecycleMonitor: Lifecycle status change: com.example.cardioassistant.HomeActivity@e66289d in: STARTED
07-06 00:03:52.148 14334 14334 V ActivityScenario: Activity lifecycle changed event received but ignored because the intent does not match. startActivityIntent=Intent { act=android.intent.action.MAIN cat=[android.intent.category.LAUNCHER] flg=0x10008000 cmp=com.example.cardioassistant/.SplashActivity }, activity.getIntent()=Intent { cmp=com.example.cardioassistant/.HomeActivity }, activity=com.example.cardioassistant.HomeActivity@e66289d
07-06 00:03:52.149 14334 14334 D LifecycleMonitor: Lifecycle status change: com.example.cardioassistant.HomeActivity@e66289d in: RESUMED
07-06 00:03:52.150 14334 14334 V ActivityScenario: Activity lifecycle changed event received but ignored because the intent does not match. startActivityIntent=Intent { act=android.intent.action.MAIN cat=[android.intent.category.LAUNCHER] flg=0x10008000 cmp=com.example.cardioassistant/.SplashActivity }, activity.getIntent()=Intent { cmp=com.example.cardioassistant/.HomeActivity }, activity=com.example.cardioassistant.HomeActivity@e66289d
07-06 00:03:52.179   385 14403 I resolv  : GetAddrInfoHandler::run: {100 100 100 983140 10160 0}
07-06 00:03:52.181   385 14405 I resolv  : res_nmkquery: (QUERY, IN, A)
07-06 00:03:52.181   385 14405 I resolv  : resolv_cache_lookup: FOUND IN CACHE entry=0x7dcb49d69190
07-06 00:03:52.181   385 14405 I resolv  : doQuery: rcode=0, ancount=1, return value=77
07-06 00:03:52.185   385 14404 I resolv  : res_nmkquery: (QUERY, IN, AAAA)
07-06 00:03:52.185   385 14404 I resolv  : resolv_cache_lookup: FOUND IN CACHE entry=0x7dcb49d665b0
07-06 00:03:52.185   385 14404 I resolv  : doQuery: rcode=0, ancount=1, return value=89
07-06 00:03:52.188 14334 14402 D TrafficStats: tagSocket(99) with statsTag=0xffffffff, statsUid=-1
07-06 00:03:52.191   411   459 D goldfish-address-space: claimShared: Ask to claim region [0x3f0000000 0x3f0926000]
07-06 00:03:52.196   411   459 D goldfish-address-space: claimShared: Ask to claim region [0x3f2832000 0x3f3158000]
07-06 00:03:52.213   411   459 D goldfish-address-space: claimShared: Ask to claim region [0x3f66fb000 0x3f7021000]
07-06 00:03:52.226 14334 14361 W Parcel  : Expecting binder but got null!
07-06 00:03:52.228 14334 14342 I cardioassistant: Compiler allocated 4533KB to compile void android.view.ViewRootImpl.performTraversals()
07-06 00:03:52.232 14334 14361 D EGL_emulation: app_time_stats: avg=577.41ms min=497.61ms max=657.21ms count=2
07-06 00:03:52.245   614   647 I ActivityTaskManager: Displayed com.example.cardioassistant/.HomeActivity: +302ms
07-06 00:03:52.256   411   459 D goldfish-address-space: claimShared: Ask to claim region [0x3f3999000 0x3f399c000]
07-06 00:03:52.258   411   453 D goldfish-address-space: claimShared: Ask to claim region [0x3f3a83000 0x3f3a86000]
07-06 00:03:52.268   411   453 D goldfish-address-space: claimShared: Ask to claim region [0x3f3a86000 0x3f3b71000]
07-06 00:03:52.279   411   453 D goldfish-address-space: claimShared: Ask to claim region [0x3f3b71000 0x3f3c5c000]
07-06 00:03:52.282   614  1526 W Parcel  : Expecting binder but got null!
07-06 00:03:52.284   411   453 D goldfish-address-space: claimShared: Ask to claim region [0x3f3b71000 0x3f3c5c000]
07-06 00:03:52.298   411   453 D goldfish-address-space: claimShared: Ask to claim region [0x3f3c5c000 0x3f3d47000]
07-06 00:03:52.300   614  1526 W Parcel  : Expecting binder but got null!
07-06 00:03:52.377  1703  1703 I GoogleInputMethodService: GoogleInputMethodService.onFinishInput():3220
07-06 00:03:52.378  1703  1703 I GoogleInputMethodService: GoogleInputMethodService.updateDeviceLockedStatus():2114 repeatCheckTimes = 0, unlocked = true
07-06 00:03:52.379  1703  1703 I GoogleInputMethodService: GoogleInputMethodService.onStartInput():1919 onStartInput(EditorInfo{inputType=0x0(NULL) imeOptions=0x0 privateImeOptions=null actionName=UNSPECIFIED actionLabel=null actionId=0 initialSelStart=-1 initialSelEnd=-1 initialCapsMode=0x0 hintText=null label=null packageName=com.example.cardioassistant fieldId=-1 fieldName=null extras=null}, false)
07-06 00:03:52.380  1703  1703 I GoogleInputMethodService: GoogleInputMethodService.updateDeviceLockedStatus():2114 repeatCheckTimes = 2, unlocked = true
07-06 00:03:52.582 14334 14343 W cardioassistant: Cleared Reference was only reachable from finalizer (only reported once)
07-06 00:03:52.771   470   493 W TransactionTracing: Could not find layer handle 0x790bf1e3c090
07-06 00:03:52.771   470   493 W TransactionTracing: Could not find layer handle 0x790bf1e3b130
07-06 00:03:52.771   470   493 W TransactionTracing: Could not find layer handle 0x790bf1e40b30
07-06 00:03:52.772   470   493 W TransactionTracing: Could not find layer handle 0x790bf1e3c5d0
07-06 00:03:52.772   470   493 W TransactionTracing: Could not find layer handle 0x790bf1e42330
07-06 00:03:52.773   470   493 W TransactionTracing: Could not find layer handle 0x790bf1e3f030
07-06 00:03:52.773   470   493 W TransactionTracing: Could not find layer handle 0x790bf1e3c5d0
07-06 00:03:52.773   470   493 W TransactionTracing: Could not find layer handle 0x790bf1e3c090
07-06 00:03:52.795 14334 14334 D LifecycleMonitor: Lifecycle status change: com.example.cardioassistant.LoginActivity@3e4731f in: STOPPED
07-06 00:03:52.796 14334 14334 V ActivityScenario: Activity lifecycle changed event received but ignored because the intent does not match. startActivityIntent=Intent { act=android.intent.action.MAIN cat=[android.intent.category.LAUNCHER] flg=0x10008000 cmp=com.example.cardioassistant/.SplashActivity }, activity.getIntent()=Intent { cmp=com.example.cardioassistant/.LoginActivity }, activity=com.example.cardioassistant.LoginActivity@3e4731f
07-06 00:03:52.825   470   493 W TransactionTracing: Could not find layer handle 0x790bf1e3fbd0
07-06 00:03:53.475 14334 14342 I cardioassistant: Compiler allocated 4160KB to compile void android.widget.TextView.<init>(android.content.Context, android.util.AttributeSet, int, int)
07-06 00:03:53.517 14334 14361 D EGL_emulation: app_time_stats: avg=88.05ms min=1.98ms max=1024.88ms count=14
07-06 00:03:53.860  2534  2780 I WorkerManager: dispose()
07-06 00:03:53.861  2534  2780 W A       : Queue length for executor EventBus is now 11. Perhaps some tasks are too long, or the pool is too small.
07-06 00:03:54.342   989  1140 D EGL_emulation: app_time_stats: avg=104.75ms min=1.82ms max=1983.94ms count=20
07-06 00:03:54.581   614  2372 W InputManager-JNI: Input channel object '35a7499 Toast (client)' was disposed without first being removed with the input manager!
07-06 00:03:54.591   470   493 W TransactionTracing: Could not find layer handle 0x790bf1e409b0
07-06 00:03:54.593   470   493 W TransactionTracing: Could not find layer handle 0x790bf1e3e850
07-06 00:03:54.861  1703  1715 W SP      : File ref is being finalized but wasn't closed, file: en_cpu_16b072342fa0445f7b8dd639d078f18b[1]
07-06 00:03:56.034 14334 14334 I ViewInteraction: Performing 'single click' action on view view.getId() is <2131230950/com.example.cardioassistant:id/home_add_record>
07-06 00:03:56.037  1338  1338 D TaplEvents: TIS / TouchInteractionService.onInputEvent: MotionEvent { action=ACTION_DOWN, actionButton=0, id[0]=0, x[0]=958.5, y[0]=2076.5, toolType[0]=TOOL_TYPE_UNKNOWN, buttonState=BUTTON_PRIMARY, classification=NONE, metaState=0, flags=0x0, edgeFlags=0x0, pointerCount=1, historySize=0, eventTime=2074543, downTime=2074543, deviceId=-1, source=0x1002, displayId=0, eventId=-426002203 }
07-06 00:03:56.039 14334 14334 D AutofillManager: Fill dialog is enabled:false, hints=[password, passwordAuto, creditCardNumber, creditCardSecurityCode, creditCardExpirationDate]
07-06 00:03:56.079 14334 14361 D EGL_emulation: app_time_stats: avg=493.78ms min=2.41ms max=2448.57ms count=5
07-06 00:03:56.083  1338  1338 D TaplEvents: TIS / TouchInteractionService.onInputEvent: MotionEvent { action=ACTION_UP, actionButton=0, id[0]=0, x[0]=958.5, y[0]=2076.5, toolType[0]=TOOL_TYPE_FINGER, buttonState=BUTTON_PRIMARY, classification=NONE, metaState=0, flags=0x0, edgeFlags=0x0, pointerCount=1, historySize=0, eventTime=2074589, downTime=2074543, deviceId=-1, source=0x1002, displayId=0, eventId=-226140235 }
07-06 00:03:56.087   458   578 D AudioFlinger: mixer(0x7ef9619749a0) throttle end: throttle time(34)
07-06 00:03:56.129 14334 14334 D LifecycleMonitor: Lifecycle status change: com.example.cardioassistant.HomeActivity@e66289d in: PAUSED
07-06 00:03:56.130 14334 14334 V ActivityScenario: Activity lifecycle changed event received but ignored because the intent does not match. startActivityIntent=Intent { act=android.intent.action.MAIN cat=[android.intent.category.LAUNCHER] flg=0x10008000 cmp=com.example.cardioassistant/.SplashActivity }, activity.getIntent()=Intent { cmp=com.example.cardioassistant/.HomeActivity }, activity=com.example.cardioassistant.HomeActivity@e66289d
07-06 00:03:56.182 14334 14334 D LifecycleMonitor: Lifecycle status change: com.example.cardioassistant.AddActivity@5808a6f in: PRE_ON_CREATE
07-06 00:03:56.182 14334 14334 V ActivityScenario: Activity lifecycle changed event received but ignored because the intent does not match. startActivityIntent=Intent { act=android.intent.action.MAIN cat=[android.intent.category.LAUNCHER] flg=0x10008000 cmp=com.example.cardioassistant/.SplashActivity }, activity.getIntent()=Intent { cmp=com.example.cardioassistant/.AddActivity }, activity=com.example.cardioassistant.AddActivity@5808a6f
07-06 00:03:56.216 14334 14334 D AutofillManager: Fill dialog is enabled:false, hints=[password, passwordAuto, creditCardNumber, creditCardSecurityCode, creditCardExpirationDate]
07-06 00:03:56.250 14334 14334 D LifecycleMonitor: Lifecycle status change: com.example.cardioassistant.AddActivity@5808a6f in: CREATED
07-06 00:03:56.250 14334 14334 V ActivityScenario: Activity lifecycle changed event received but ignored because the intent does not match. startActivityIntent=Intent { act=android.intent.action.MAIN cat=[android.intent.category.LAUNCHER] flg=0x10008000 cmp=com.example.cardioassistant/.SplashActivity }, activity.getIntent()=Intent { cmp=com.example.cardioassistant/.AddActivity }, activity=com.example.cardioassistant.AddActivity@5808a6f
07-06 00:03:56.252 14334 14334 D LifecycleMonitor: Lifecycle status change: com.example.cardioassistant.AddActivity@5808a6f in: STARTED
07-06 00:03:56.252 14334 14334 V ActivityScenario: Activity lifecycle changed event received but ignored because the intent does not match. startActivityIntent=Intent { act=android.intent.action.MAIN cat=[android.intent.category.LAUNCHER] flg=0x10008000 cmp=com.example.cardioassistant/.SplashActivity }, activity.getIntent()=Intent { cmp=com.example.cardioassistant/.AddActivity }, activity=com.example.cardioassistant.AddActivity@5808a6f
07-06 00:03:56.257 14334 14334 D LifecycleMonitor: Lifecycle status change: com.example.cardioassistant.AddActivity@5808a6f in: RESUMED
07-06 00:03:56.258 14334 14334 V ActivityScenario: Activity lifecycle changed event received but ignored because the intent does not match. startActivityIntent=Intent { act=android.intent.action.MAIN cat=[android.intent.category.LAUNCHER] flg=0x10008000 cmp=com.example.cardioassistant/.SplashActivity }, activity.getIntent()=Intent { cmp=com.example.cardioassistant/.AddActivity }, activity=com.example.cardioassistant.AddActivity@5808a6f
07-06 00:03:56.316   411   453 D goldfish-address-space: claimShared: Ask to claim region [0x3f0cc0000 0x3f15e6000]
07-06 00:03:56.326   411   453 D goldfish-address-space: claimShared: Ask to claim region [0x3f15e6000 0x3f1f0c000]
07-06 00:03:56.329   411   453 D goldfish-address-space: claimShared: Ask to claim region [0x3f1f0c000 0x3f2832000]
07-06 00:03:56.351 14334 14361 W Parcel  : Expecting binder but got null!
07-06 00:03:56.365   614   647 I ActivityTaskManager: Displayed com.example.cardioassistant/.AddActivity: +281ms
07-06 00:03:56.371   411   453 D goldfish-address-space: claimShared: Ask to claim region [0x3f3a86000 0x3f3a89000]
07-06 00:03:56.382   411   459 D goldfish-address-space: claimShared: Ask to claim region [0x3f3a89000 0x3f3a8c000]
07-06 00:03:56.401   411   453 D goldfish-address-space: claimShared: Ask to claim region [0x3f3a8c000 0x3f3b77000]
07-06 00:03:56.404   470   493 W TransactionTracing: Could not find layer id -1
07-06 00:03:56.416   411   453 D goldfish-address-space: claimShared: Ask to claim region [0x3f3b77000 0x3f3c62000]
07-06 00:03:56.419   614  1526 W Parcel  : Expecting binder but got null!
07-06 00:03:56.423   411   453 D goldfish-address-space: claimShared: Ask to claim region [0x3f3b77000 0x3f3c62000]
07-06 00:03:56.439   411   453 D goldfish-address-space: claimShared: Ask to claim region [0x3f3c62000 0x3f3d4d000]
07-06 00:03:56.443   614  1526 W Parcel  : Expecting binder but got null!
07-06 00:03:56.527  1703  1703 I GoogleInputMethodService: GoogleInputMethodService.onFinishInput():3220
07-06 00:03:56.529  1703  1703 I GoogleInputMethodService: GoogleInputMethodService.updateDeviceLockedStatus():2114 repeatCheckTimes = 0, unlocked = true
07-06 00:03:56.529  1703  1703 I GoogleInputMethodService: GoogleInputMethodService.onStartInput():1919 onStartInput(EditorInfo{inputType=0x0(NULL) imeOptions=0x0 privateImeOptions=null actionName=UNSPECIFIED actionLabel=null actionId=0 initialSelStart=-1 initialSelEnd=-1 initialCapsMode=0x0 hintText=null label=null packageName=com.example.cardioassistant fieldId=-1 fieldName=null extras=null}, false)
07-06 00:03:56.531  1703  1703 I GoogleInputMethodService: GoogleInputMethodService.updateDeviceLockedStatus():2114 repeatCheckTimes = 2, unlocked = true
07-06 00:03:56.921   470   493 W TransactionTracing: Could not find layer handle 0x790bf1e3f090
07-06 00:03:56.921   470   493 W TransactionTracing: Could not find layer handle 0x790bf1e3d110
07-06 00:03:56.921   470   493 W TransactionTracing: Could not find layer handle 0x790bf1e3e5b0
07-06 00:03:56.921   470   493 W TransactionTracing: Could not find layer handle 0x790bf1e40b30
07-06 00:03:56.921   470   493 W TransactionTracing: Could not find layer handle 0x790bf1e40950
07-06 00:03:56.922   470   493 W TransactionTracing: Could not find layer handle 0x790bf1e3b130
07-06 00:03:56.922   470   493 W TransactionTracing: Could not find layer handle 0x790bf1e40b30
07-06 00:03:56.922   470   493 W TransactionTracing: Could not find layer handle 0x790bf1e3f090
07-06 00:03:56.931 14334 14334 D LifecycleMonitor: Lifecycle status change: com.example.cardioassistant.HomeActivity@e66289d in: STOPPED
07-06 00:03:56.932 14334 14334 V ActivityScenario: Activity lifecycle changed event received but ignored because the intent does not match. startActivityIntent=Intent { act=android.intent.action.MAIN cat=[android.intent.category.LAUNCHER] flg=0x10008000 cmp=com.example.cardioassistant/.SplashActivity }, activity.getIntent()=Intent { cmp=com.example.cardioassistant/.HomeActivity }, activity=com.example.cardioassistant.HomeActivity@e66289d
07-06 00:03:56.954   470   493 W TransactionTracing: Could not find layer handle 0x790bf1e3c750
07-06 00:03:57.096  9712  9712 D BoundBrokerSvc: onUnbind: Intent { act=com.google.android.gms.feedback.internal.IFeedbackService dat=chimera-action:/... cmp=com.google.android.gms/.chimera.GmsBoundBrokerService }
07-06 00:03:57.649 14334 14334 I ViewInteraction: Performing 'type text(120)' action on view view.getId() is <2131230727/com.example.cardioassistant:id/Add_Enter_Systolic_pressure>
07-06 00:03:57.655  1338  1338 D TaplEvents: TIS / TouchInteractionService.onInputEvent: MotionEvent { action=ACTION_DOWN, actionButton=0, id[0]=0, x[0]=539.5, y[0]=493.5, toolType[0]=TOOL_TYPE_UNKNOWN, buttonState=BUTTON_PRIMARY, classification=NONE, metaState=0, flags=0x0, edgeFlags=0x0, pointerCount=1, historySize=0, eventTime=2076159, downTime=2076159, deviceId=-1, source=0x1002, displayId=0, eventId=-220479345 }
07-06 00:03:57.680 14334 14361 D EGL_emulation: app_time_stats: avg=102.19ms min=10.94ms max=1035.66ms count=13
07-06 00:03:57.698  1338  1338 D TaplEvents: TIS / TouchInteractionService.onInputEvent: MotionEvent { action=ACTION_UP, actionButton=0, id[0]=0, x[0]=539.5, y[0]=493.5, toolType[0]=TOOL_TYPE_FINGER, buttonState=BUTTON_PRIMARY, classification=NONE, metaState=0, flags=0x0, edgeFlags=0x0, pointerCount=1, historySize=0, eventTime=2076200, downTime=2076159, deviceId=-1, source=0x1002, displayId=0, eventId=-389816775 }
07-06 00:03:57.708 14334 14334 D InputMethodManager: showSoftInput() view=androidx.appcompat.widget.AppCompatEditText{e9190cc VFED..CL. .F.P..ID 31,359-1049,497 #7f080007 app:id/Add_Enter_Systolic_pressure aid=1073741824} flags=0 reason=SHOW_SOFT_INPUT
07-06 00:03:57.708  1703  1703 I GoogleInputMethodService: GoogleInputMethodService.onFinishInput():3220
07-06 00:03:57.709  1703  1703 I GoogleInputMethodService: GoogleInputMethodService.updateDeviceLockedStatus():2114 repeatCheckTimes = 0, unlocked = true
07-06 00:03:57.710  1703  1703 I GoogleInputMethodService: GoogleInputMethodService.onStartInput():1919 onStartInput(EditorInfo{inputType=0x2(Number) imeOptions=0x8000005 privateImeOptions=null actionName=NEXT actionLabel=null actionId=0 initialSelStart=0 initialSelEnd=0 initialCapsMode=0x0 hintText=non-empty label=null packageName=com.example.cardioassistant fieldId=2131230727 fieldName=null extras=Bundle[mParcelledData.dataSize=240]}, false)
07-06 00:03:57.711  1703  1703 I GoogleInputMethodService: GoogleInputMethodService.updateDeviceLockedStatus():2114 repeatCheckTimes = 2, unlocked = true
07-06 00:03:57.717  1703  1703 I DeviceModeUtil: DeviceModeUtil.getDeviceMode():117 Get device mode phone by ui mode:1 and smallestScreenWidthDp:393
07-06 00:03:57.717  1703  1703 I GoogleInputMethodService: GoogleInputMethodService.onStartInputView():2023 onStartInputView(EditorInfo{inputType=0x2(Number) imeOptions=0x8000005 privateImeOptions=null actionName=NEXT actionLabel=null actionId=0 initialSelStart=0 initialSelEnd=0 initialCapsMode=0x0 hintText=non-empty label=null packageName=com.example.cardioassistant fieldId=2131230727 fieldName=null extras=Bundle[{android.support.text.emoji.emojiCompat_metadataVersion=8, android.support.text.emoji.emojiCompat_replaceAll=false}]}, false)
07-06 00:03:57.718  1703  1703 I GoogleInputMethodService: GoogleInputMethodService.updateDeviceLockedStatus():2114 repeatCheckTimes = 2, unlocked = true
07-06 00:03:57.719  1703  1833 I DeviceModeUtil: DeviceModeUtil.getDeviceMode():117 Get device mode phone by ui mode:1 and smallestScreenWidthDp:393
07-06 00:03:57.720  1703  1703 I KeyboardViewUtil: KeyboardViewUtil.getKeyboardHeightRatio():168 systemKeyboardHeightRatio:1.000000; userKeyboardHeightRatio:1.000000.
07-06 00:03:57.724  1703  1703 I KeyboardViewHelper: KeyboardViewHelper.getView():168 Get view with height ratio:1.000000
07-06 00:03:57.724 14334 14334 I AssistStructure: Flattened final assist data: 2764 bytes, containing 1 windows, 11 views
07-06 00:03:57.729  1703  1703 I KeyboardViewUtil: KeyboardViewUtil.calculateMaxKeyboardBodyHeight():44 leave 344 height for app when screen height:2088, header height:121 and isFullscreenMode:false, so the max keyboard body height is:1623
07-06 00:03:57.729  1703  1703 W Keyboard: Keyboard.getKeyboardViewHelper():611 null helper is returned: keyboardDef=hyz{className=.latin.keyboard.LatinNumberKeyboard, id=#0x7f0b062a, initialStates=0, keyboardViewDefs=[hzr{direction=LOCALE, id=#0x7f0b013c, isScalable=false, layoutId=#0x7f0e03db, type=HEADER, touchable=true}, hzr{direction=null, id=#0x7f0b013c, isScalable=true, layoutId=#0x7f0e041e, type=BODY, touchable=true}], keyTextSizeRatio=1.0, persistentStates=0, persistentStatesPrefKey=null, popupBubbleLayoutId=#0x7f0e04a2, recentKeyLayoutId=0, recentKeyPopupLayoutId=0, recentKeyType=null, rememberRecentKey=NONE, sessionStates=0}, type=FLOATING_CANDIDATES, helpersCreated=[hro@94d9c7f, hro@4f4844c, null],
07-06 00:03:57.732  1703  1703 W Keyboard: Keyboard.getKeyboardViewHelper():611 null helper is returned: keyboardDef=hyz{className=.latin.keyboard.LatinNumberKeyboard, id=#0x7f0b062a, initialStates=0, keyboardViewDefs=[hzr{direction=LOCALE, id=#0x7f0b013c, isScalable=false, layoutId=#0x7f0e03db, type=HEADER, touchable=true}, hzr{direction=null, id=#0x7f0b013c, isScalable=true, layoutId=#0x7f0e041e, type=BODY, touchable=true}], keyTextSizeRatio=1.0, persistentStates=0, persistentStatesPrefKey=null, popupBubbleLayoutId=#0x7f0e04a2, recentKeyLayoutId=0, recentKeyPopupLayoutId=0, recentKeyType=null, rememberRecentKey=NONE, sessionStates=0}, type=FLOATING_CANDIDATES, helpersCreated=[hro@94d9c7f, hro@4f4844c, null],
07-06 00:03:57.733  1703  1703 I DeviceModeUtil: DeviceModeUtil.getDeviceMode():117 Get device mode phone by ui mode:1 and smallestScreenWidthDp:393
07-06 00:03:57.734  1703  1703 I DeviceModeUtil: DeviceModeUtil.getDeviceMode():117 Get device mode phone by ui mode:1 and smallestScreenWidthDp:393
07-06 00:03:57.734  1703  1703 I DeviceModeUtil: DeviceModeUtil.getDeviceMode():117 Get device mode phone by ui mode:1 and smallestScreenWidthDp:393
07-06 00:03:57.735  1703  1703 I NormalModeController: NormalModeController.getKeyboardBodyViewHolderPaddingBottom():111 currentPrimeKeyboardType:SOFT systemPaddingBottom:-1
07-06 00:03:57.736  1703  1703 I NormalModeController: NormalModeController.getKeyboardBodyViewHolderPaddingBottom():111 currentPrimeKeyboardType:SOFT systemPaddingBottom:-1
07-06 00:03:57.742  1703  1703 W AutoPasteSuggestionHelper: AutoPasteSuggestionHelper.createProactiveSuggestions():377 Failed to create item chips. Clip items are [ClipItem{ id = 1688580210844, timestamp = 1688580210846, clipItemContent = ClipItemContent{text=SystemClock.sleep(5000);
07-06 00:03:57.742  1703  1703 W AutoPasteSuggestionHelper:         Espresso.onView(withId(R.id.login_email_view)).perform(clearText()).perform(ViewActions.typeText("ridoy@gmail.com"));
07-06 00:03:57.742  1703  1703 W AutoPasteSuggestionHelper:         Espresso.pressBack();
07-06 00:03:57.742  1703  1703 W AutoPasteSuggestionHelper:         Espresso.onView(withId(R.id.login_password_view)).perform(clearText()).perform(ViewActions.typeText("123456"));
07-06 00:03:57.742  1703  1703 W AutoPasteSuggestionHelper:         Espresso.pressBack();
07-06 00:03:57.742  1703  1703 W AutoPasteSuggestionHelper:         Espresso.onView(withId(R.id.login_loginButton)).perform(click());
07-06 00:03:57.742  1703  1703 W AutoPasteSuggestionHelper:         SystemClock.sleep(5000);, htmlText=, itemType=0, entityType=0, uri=, groupId=-1, viewType=0}}, ClipItem{ id = 1688580210845, timestamp = 1688580210846, clipItemContent = ClipItemContent{text=ridoy@gmail.com, htmlText=, itemType=0, entityType=2, uri=, groupId=-1, viewType=0}}, ClipItem{ id = 1688580210846, timestamp = 1688580210846, clipItemContent = ClipItemContent{text=123456, htmlText=, itemType=0, entityType=3, uri=, groupId=-1, viewType=0}}].
07-06 00:03:57.745  1703  1703 I CurrentMicStatusHolder: CurrentMicStatusHolder.onStartInputView():79 Current Mic status = {MicIconHidden-SettingOff,MicIconHidden-PasswordOrNumberOrDateInputType,}
07-06 00:03:57.745  1703  1703 I VoiceImeExtension: VoiceImeExtension.shouldStartVoiceInputAutomatically():382 No private IME option set to start voice input.
07-06 00:03:57.749 14334 14334 W OnBackInvokedCallback: OnBackInvokedCallback is not enabled for the application.
07-06 00:03:57.749 14334 14334 W OnBackInvokedCallback: Set 'android:enableOnBackInvokedCallback="true"' in the application manifest.
07-06 00:03:57.753  1353  1353 W svc     : Pending fill request while another request in the same session was triggered. [CONTEXT service_id=177 ]
07-06 00:03:57.766  1740  1740 V InlineSuggestionRenderService: handleDestroySuggestionViews called for 0:1275302427
07-06 00:03:57.766   411   453 D goldfish-address-space: claimShared: Ask to claim region [0x3f2832000 0x3f3112000]
07-06 00:03:57.774  9712  9712 D BoundBrokerSvc: onBind: Intent { act=com.google.android.gms.common.BIND_SHARED_PREFS pkg=com.google.android.gms }
07-06 00:03:57.776  9712  9712 D BoundBrokerSvc: Loading bound service for intent: Intent { act=com.google.android.gms.common.BIND_SHARED_PREFS pkg=com.google.android.gms }
07-06 00:03:57.783  1353  3506 I .gms.persistent: oneway function results for code 1 on binder at 0x76771edbfbb0 will be dropped but finished with status UNKNOWN_TRANSACTION and reply parcel size 80
07-06 00:03:57.795  9712  9712 D BoundBrokerSvc: onUnbind: Intent { act=com.google.android.gms.common.BIND_SHARED_PREFS pkg=com.google.android.gms }
07-06 00:03:57.799   411   453 D goldfish-address-space: claimShared: Ask to claim region [0x3f0000000 0x3f08e0000]
07-06 00:03:57.810 14334 14334 D InsetsController: show(ime(), fromIme=true)
07-06 00:03:57.814  1703  1703 I DeviceModeUtil: DeviceModeUtil.getDeviceMode():117 Get device mode phone by ui mode:1 and smallestScreenWidthDp:393
07-06 00:03:57.818  1703  1703 I DeviceModeUtil: DeviceModeUtil.getDeviceMode():117 Get device mode phone by ui mode:1 and smallestScreenWidthDp:393
07-06 00:03:57.829   411   453 D goldfish-address-space: claimShared: Ask to claim region [0x3f66fb000 0x3f6fdb000]
07-06 00:03:57.834  9712  9712 D BoundBrokerSvc: onBind: Intent { act=com.google.android.gms.common.BIND_SHARED_PREFS pkg=com.google.android.gms }
07-06 00:03:57.834  9712  9712 D BoundBrokerSvc: Loading bound service for intent: Intent { act=com.google.android.gms.common.BIND_SHARED_PREFS pkg=com.google.android.gms }
07-06 00:03:57.840  9712  9712 D BoundBrokerSvc: onUnbind: Intent { act=com.google.android.gms.common.BIND_SHARED_PREFS pkg=com.google.android.gms }
07-06 00:03:57.961 14334 14334 D UiControllerImpl: Injecting string: "120"
07-06 00:03:57.968   614  2840 D InputDispatcher: Touch mode switch rejected, caller (pid=0, uid=10160) doesn't own the focused window nor none of the previously interacted window
07-06 00:03:58.053 14334 14334 I ViewInteraction: Performing 'send keyCode: 4, metaState: 0 key event' action on view view.getRootView() to equal view
07-06 00:03:58.068   989  1140 D EGL_emulation: app_time_stats: avg=171.87ms min=10.71ms max=5756.22ms count=39
07-06 00:03:58.080  1703  1703 I GoogleInputMethodService: GoogleInputMethodService.onFinishInputView():2266
07-06 00:03:58.081  1703  1703 W TooltipLifecycleManager: TooltipLifecycleManager.dismissTooltips():159 Tooltip with id spell_check_add_to_dictionary not found in tooltipManager.
07-06 00:03:58.161   614  2234 D WifiNl80211Manager: Scan result ready event
07-06 00:03:58.161   614  2234 D WifiNative: Scan result ready event
07-06 00:03:58.264 14334 14334 I KeyEventActionBase: Back was pressed but there was no Activity stage transition in 150ms. Pressing back may trigger an activity stage transition if the activity is finished as a result. However, the activity may handle the back behavior in any number of other ways internally as well, such as popping the fragment back stack, dismissing a dialog, otherwise manually transacting fragments, etc.
07-06 00:03:58.267 14334 14334 I ViewInteraction: Performing 'type text(80)' action on view view.getId() is <2131230725/com.example.cardioassistant:id/Add_Enter_Diastolic_pressure>
07-06 00:03:58.273  1338  1338 D TaplEvents: TIS / TouchInteractionService.onInputEvent: MotionEvent { action=ACTION_DOWN, actionButton=0, id[0]=0, x[0]=539.5, y[0]=727.5, toolType[0]=TOOL_TYPE_UNKNOWN, buttonState=BUTTON_PRIMARY, classification=NONE, metaState=0, flags=0x0, edgeFlags=0x0, pointerCount=1, historySize=0, eventTime=2076777, downTime=2076777, deviceId=-1, source=0x1002, displayId=0, eventId=-76642168 }
07-06 00:03:58.312  1338  1338 D TaplEvents: TIS / TouchInteractionService.onInputEvent: MotionEvent { action=ACTION_UP, actionButton=0, id[0]=0, x[0]=539.5, y[0]=727.5, toolType[0]=TOOL_TYPE_FINGER, buttonState=BUTTON_PRIMARY, classification=NONE, metaState=0, flags=0x0, edgeFlags=0x0, pointerCount=1, historySize=0, eventTime=2076820, downTime=2076777, deviceId=-1, source=0x1002, displayId=0, eventId=-81234670 }
07-06 00:03:58.317 14334 14334 D InputMethodManager: showSoftInput() view=androidx.appcompat.widget.AppCompatEditText{7e0ff15 VFED..CL. .F.P..ID 31,593-1049,731 #7f080005 app:id/Add_Enter_Diastolic_pressure aid=1073741825} flags=0 reason=SHOW_SOFT_INPUT
07-06 00:03:58.317  1703  1703 I GoogleInputMethodService: GoogleInputMethodService.onFinishInput():3220
07-06 00:03:58.318  1703  1703 I GoogleInputMethodService: GoogleInputMethodService.updateDeviceLockedStatus():2114 repeatCheckTimes = 0, unlocked = true
07-06 00:03:58.319  1703  1703 I GoogleInputMethodService: GoogleInputMethodService.onStartInput():1919 onStartInput(EditorInfo{inputType=0x2(Number) imeOptions=0xc000005 privateImeOptions=null actionName=NEXT actionLabel=null actionId=0 initialSelStart=0 initialSelEnd=0 initialCapsMode=0x0 hintText=non-empty label=null packageName=com.example.cardioassistant fieldId=2131230725 fieldName=null extras=Bundle[mParcelledData.dataSize=240]}, false)
07-06 00:03:58.320  1703  1703 I GoogleInputMethodService: GoogleInputMethodService.updateDeviceLockedStatus():2114 repeatCheckTimes = 2, unlocked = true
07-06 00:03:58.323   470   493 W TransactionTracing: Could not find layer id -1
07-06 00:03:58.323   470   493 W TransactionTracing: Could not find layer id -1
07-06 00:03:58.323   470   493 W TransactionTracing: Could not find layer id -1
07-06 00:03:58.323   470   493 W TransactionTracing: Could not find layer id -1
07-06 00:03:58.323   470   493 W TransactionTracing: Could not find layer id -1
07-06 00:03:58.324   470   493 W TransactionTracing: Could not find layer id -1
07-06 00:03:58.324   470   493 W TransactionTracing: Could not find layer id -1
07-06 00:03:58.324   470   493 W TransactionTracing: Could not find layer id -1
07-06 00:03:58.326  1703  1703 I DeviceModeUtil: DeviceModeUtil.getDeviceMode():117 Get device mode phone by ui mode:1 and smallestScreenWidthDp:393
07-06 00:03:58.326  1703  1703 I GoogleInputMethodService: GoogleInputMethodService.onStartInputView():2023 onStartInputView(EditorInfo{inputType=0x2(Number) imeOptions=0xc000005 privateImeOptions=null actionName=NEXT actionLabel=null actionId=0 initialSelStart=0 initialSelEnd=0 initialCapsMode=0x0 hintText=non-empty label=null packageName=com.example.cardioassistant fieldId=2131230725 fieldName=null extras=Bundle[{android.support.text.emoji.emojiCompat_metadataVersion=8, android.support.text.emoji.emojiCompat_replaceAll=false}]}, false)
07-06 00:03:58.329  1703  1703 I GoogleInputMethodService: GoogleInputMethodService.updateDeviceLockedStatus():2114 repeatCheckTimes = 2, unlocked = true
07-06 00:03:58.330  1703  1703 I KeyboardViewUtil: KeyboardViewUtil.getKeyboardHeightRatio():168 systemKeyboardHeightRatio:1.000000; userKeyboardHeightRatio:1.000000.
07-06 00:03:58.332  1703  1703 I KeyboardViewUtil: KeyboardViewUtil.calculateMaxKeyboardBodyHeight():44 leave 344 height for app when screen height:2088, header height:121 and isFullscreenMode:false, so the max keyboard body height is:1623
07-06 00:03:58.333  1703  1703 W Keyboard: Keyboard.getKeyboardViewHelper():611 null helper is returned: keyboardDef=hyz{className=.latin.keyboard.LatinNumberKeyboard, id=#0x7f0b062a, initialStates=0, keyboardViewDefs=[hzr{direction=LOCALE, id=#0x7f0b013c, isScalable=false, layoutId=#0x7f0e03db, type=HEADER, touchable=true}, hzr{direction=null, id=#0x7f0b013c, isScalable=true, layoutId=#0x7f0e041e, type=BODY, touchable=true}], keyTextSizeRatio=1.0, persistentStates=0, persistentStatesPrefKey=null, popupBubbleLayoutId=#0x7f0e04a2, recentKeyLayoutId=0, recentKeyPopupLayoutId=0, recentKeyType=null, rememberRecentKey=NONE, sessionStates=0}, type=FLOATING_CANDIDATES, helpersCreated=[hro@94d9c7f, hro@4f4844c, null],
07-06 00:03:58.333  1703  1703 W Keyboard: Keyboard.getKeyboardViewHelper():611 null helper is returned: keyboardDef=hyz{className=.latin.keyboard.LatinNumberKeyboard, id=#0x7f0b062a, initialStates=0, keyboardViewDefs=[hzr{direction=LOCALE, id=#0x7f0b013c, isScalable=false, layoutId=#0x7f0e03db, type=HEADER, touchable=true}, hzr{direction=null, id=#0x7f0b013c, isScalable=true, layoutId=#0x7f0e041e, type=BODY, touchable=true}], keyTextSizeRatio=1.0, persistentStates=0, persistentStatesPrefKey=null, popupBubbleLayoutId=#0x7f0e04a2, recentKeyLayoutId=0, recentKeyPopupLayoutId=0, recentKeyType=null, rememberRecentKey=NONE, sessionStates=0}, type=FLOATING_CANDIDATES, helpersCreated=[hro@94d9c7f, hro@4f4844c, null],
07-06 00:03:58.334  1703  1703 I DeviceModeUtil: DeviceModeUtil.getDeviceMode():117 Get device mode phone by ui mode:1 and smallestScreenWidthDp:393
07-06 00:03:58.335  1703  1703 I DeviceModeUtil: DeviceModeUtil.getDeviceMode():117 Get device mode phone by ui mode:1 and smallestScreenWidthDp:393
07-06 00:03:58.335  1703  1703 I DeviceModeUtil: DeviceModeUtil.getDeviceMode():117 Get device mode phone by ui mode:1 and smallestScreenWidthDp:393
07-06 00:03:58.336  1703  1703 I NormalModeController: NormalModeController.getKeyboardBodyViewHolderPaddingBottom():111 currentPrimeKeyboardType:SOFT systemPaddingBottom:-1
07-06 00:03:58.336  1703  1703 I NormalModeController: NormalModeController.getKeyboardBodyViewHolderPaddingBottom():111 currentPrimeKeyboardType:SOFT systemPaddingBottom:-1
07-06 00:03:58.338  1703  1703 W AutoPasteSuggestionHelper: AutoPasteSuggestionHelper.createProactiveSuggestions():377 Failed to create item chips. Clip items are [ClipItem{ id = 1688580210844, timestamp = 1688580210846, clipItemContent = ClipItemContent{text=SystemClock.sleep(5000);
07-06 00:03:58.338  1703  1703 W AutoPasteSuggestionHelper:         Espresso.onView(withId(R.id.login_email_view)).perform(clearText()).perform(ViewActions.typeText("ridoy@gmail.com"));
07-06 00:03:58.338  1703  1703 W AutoPasteSuggestionHelper:         Espresso.pressBack();
07-06 00:03:58.338  1703  1703 W AutoPasteSuggestionHelper:         Espresso.onView(withId(R.id.login_password_view)).perform(clearText()).perform(ViewActions.typeText("123456"));
07-06 00:03:58.338  1703  1703 W AutoPasteSuggestionHelper:         Espresso.pressBack();
07-06 00:03:58.338  1703  1703 W AutoPasteSuggestionHelper:         Espresso.onView(withId(R.id.login_loginButton)).perform(click());
07-06 00:03:58.338  1703  1703 W AutoPasteSuggestionHelper:         SystemClock.sleep(5000);, htmlText=, itemType=0, entityType=0, uri=, groupId=-1, viewType=0}}, ClipItem{ id = 1688580210845, timestamp = 1688580210846, clipItemContent = ClipItemContent{text=ridoy@gmail.com, htmlText=, itemType=0, entityType=2, uri=, groupId=-1, viewType=0}}, ClipItem{ id = 1688580210846, timestamp = 1688580210846, clipItemContent = ClipItemContent{text=123456, htmlText=, itemType=0, entityType=3, uri=, groupId=-1, viewType=0}}].
07-06 00:03:58.339  1703  1833 I DeviceModeUtil: DeviceModeUtil.getDeviceMode():117 Get device mode phone by ui mode:1 and smallestScreenWidthDp:393
07-06 00:03:58.342  1703  1703 I CurrentMicStatusHolder: CurrentMicStatusHolder.onStartInputView():79 Current Mic status = {MicIconHidden-SettingOff,MicIconHidden-PasswordOrNumberOrDateInputType,}
07-06 00:03:58.343  1703  1703 I VoiceImeExtension: VoiceImeExtension.shouldStartVoiceInputAutomatically():382 No private IME option set to start voice input.
07-06 00:03:58.346 14334 14334 W OnBackInvokedCallback: OnBackInvokedCallback is not enabled for the application.
07-06 00:03:58.346 14334 14334 W OnBackInvokedCallback: Set 'android:enableOnBackInvokedCallback="true"' in the application manifest.
07-06 00:03:58.351 14334 14334 D InsetsController: show(ime(), fromIme=true)
07-06 00:03:58.360  1703  1703 I DeviceModeUtil: DeviceModeUtil.getDeviceMode():117 Get device mode phone by ui mode:1 and smallestScreenWidthDp:393
07-06 00:03:58.368  1703  1703 I DeviceModeUtil: DeviceModeUtil.getDeviceMode():117 Get device mode phone by ui mode:1 and smallestScreenWidthDp:393
07-06 00:03:58.377  9712  9712 D BoundBrokerSvc: onBind: Intent { act=com.google.android.gms.common.BIND_SHARED_PREFS pkg=com.google.android.gms }
07-06 00:03:58.377  9712  9712 D BoundBrokerSvc: Loading bound service for intent: Intent { act=com.google.android.gms.common.BIND_SHARED_PREFS pkg=com.google.android.gms }
07-06 00:03:58.383  9712  9712 D BoundBrokerSvc: onUnbind: Intent { act=com.google.android.gms.common.BIND_SHARED_PREFS pkg=com.google.android.gms }
07-06 00:03:58.387   470   493 W TransactionTracing: Could not find layer handle 0x790bf1e38a90
07-06 00:03:58.388   470   493 W TransactionTracing: Could not find layer id -1
07-06 00:03:58.393  9712  9712 D BoundBrokerSvc: onBind: Intent { act=com.google.android.gms.common.BIND_SHARED_PREFS pkg=com.google.android.gms }
07-06 00:03:58.394  9712  9712 D BoundBrokerSvc: Loading bound service for intent: Intent { act=com.google.android.gms.common.BIND_SHARED_PREFS pkg=com.google.android.gms }
07-06 00:03:58.399  9712  9712 D BoundBrokerSvc: onUnbind: Intent { act=com.google.android.gms.common.BIND_SHARED_PREFS pkg=com.google.android.gms }
07-06 00:03:58.437   470   493 W TransactionTracing: Could not find layer id -1
07-06 00:03:58.437   470   493 W TransactionTracing: Could not find layer id -1
07-06 00:03:58.487   470   493 W TransactionTracing: Could not find layer id -1
07-06 00:03:58.566 14334 14334 D UiControllerImpl: Injecting string: "80"
07-06 00:03:58.571   614  2234 D InputDispatcher: Touch mode switch rejected, caller (pid=0, uid=10160) doesn't own the focused window nor none of the previously interacted window
07-06 00:03:58.587   470   493 W TransactionTracing: Could not find layer id -1
07-06 00:03:58.604   470   493 W TransactionTracing: Could not find layer id -1
07-06 00:03:58.620 14334 14334 I ViewInteraction: Performing 'send keyCode: 4, metaState: 0 key event' action on view view.getRootView() to equal view
07-06 00:03:58.630  1703  1703 I GoogleInputMethodService: GoogleInputMethodService.onFinishInputView():2266
07-06 00:03:58.630  1703  1703 W TooltipLifecycleManager: TooltipLifecycleManager.dismissTooltips():159 Tooltip with id spell_check_add_to_dictionary not found in tooltipManager.
07-06 00:03:58.796 14334 14334 I KeyEventActionBase: Back was pressed but there was no Activity stage transition in 150ms. Pressing back may trigger an activity stage transition if the activity is finished as a result. However, the activity may handle the back behavior in any number of other ways internally as well, such as popping the fragment back stack, dismissing a dialog, otherwise manually transacting fragments, etc.
07-06 00:03:58.798 14334 14334 I ViewInteraction: Performing 'type text(80)' action on view view.getId() is <2131230726/com.example.cardioassistant:id/Add_Enter_Heart_Rate>
07-06 00:03:58.801  1338  1338 D TaplEvents: TIS / TouchInteractionService.onInputEvent: MotionEvent { action=ACTION_DOWN, actionButton=0, id[0]=0, x[0]=539.5, y[0]=961.5, toolType[0]=TOOL_TYPE_UNKNOWN, buttonState=BUTTON_PRIMARY, classification=NONE, metaState=0, flags=0x0, edgeFlags=0x0, pointerCount=1, historySize=0, eventTime=2077308, downTime=2077308, deviceId=-1, source=0x1002, displayId=0, eventId=-797788766 }
07-06 00:03:58.812 14334 14361 D EGL_emulation: app_time_stats: avg=100.14ms min=12.72ms max=245.70ms count=11
07-06 00:03:58.843  1338  1338 D TaplEvents: TIS / TouchInteractionService.onInputEvent: MotionEvent { action=ACTION_UP, actionButton=0, id[0]=0, x[0]=539.5, y[0]=961.5, toolType[0]=TOOL_TYPE_FINGER, buttonState=BUTTON_PRIMARY, classification=NONE, metaState=0, flags=0x0, edgeFlags=0x0, pointerCount=1, historySize=0, eventTime=2077349, downTime=2077308, deviceId=-1, source=0x1002, displayId=0, eventId=-668040422 }
07-06 00:03:58.848  1703  1703 I GoogleInputMethodService: GoogleInputMethodService.onFinishInput():3220
07-06 00:03:58.848 14334 14334 D InputMethodManager: showSoftInput() view=androidx.appcompat.widget.AppCompatEditText{7c3322a VFED..CL. .F.P..ID 31,827-1049,965 #7f080006 app:id/Add_Enter_Heart_Rate aid=1073741826} flags=0 reason=SHOW_SOFT_INPUT
07-06 00:03:58.849  1703  1703 I GoogleInputMethodService: GoogleInputMethodService.updateDeviceLockedStatus():2114 repeatCheckTimes = 0, unlocked = true
07-06 00:03:58.849  1703  1703 I GoogleInputMethodService: GoogleInputMethodService.onStartInput():1919 onStartInput(EditorInfo{inputType=0x2(Number) imeOptions=0xc000005 privateImeOptions=null actionName=NEXT actionLabel=null actionId=0 initialSelStart=0 initialSelEnd=0 initialCapsMode=0x0 hintText=non-empty label=null packageName=com.example.cardioassistant fieldId=2131230726 fieldName=null extras=Bundle[mParcelledData.dataSize=240]}, false)
07-06 00:03:58.850  1703  1703 I GoogleInputMethodService: GoogleInputMethodService.updateDeviceLockedStatus():2114 repeatCheckTimes = 2, unlocked = true
07-06 00:03:58.852  1703  1703 I DeviceModeUtil: DeviceModeUtil.getDeviceMode():117 Get device mode phone by ui mode:1 and smallestScreenWidthDp:393
07-06 00:03:58.853  1703  1703 I GoogleInputMethodService: GoogleInputMethodService.onStartInputView():2023 onStartInputView(EditorInfo{inputType=0x2(Number) imeOptions=0xc000005 privateImeOptions=null actionName=NEXT actionLabel=null actionId=0 initialSelStart=0 initialSelEnd=0 initialCapsMode=0x0 hintText=non-empty label=null packageName=com.example.cardioassistant fieldId=2131230726 fieldName=null extras=Bundle[{android.support.text.emoji.emojiCompat_metadataVersion=8, android.support.text.emoji.emojiCompat_replaceAll=false}]}, false)
07-06 00:03:58.863  1703  1703 I GoogleInputMethodService: GoogleInputMethodService.updateDeviceLockedStatus():2114 repeatCheckTimes = 2, unlocked = true
07-06 00:03:58.865  1703  1703 I KeyboardViewUtil: KeyboardViewUtil.getKeyboardHeightRatio():168 systemKeyboardHeightRatio:1.000000; userKeyboardHeightRatio:1.000000.
07-06 00:03:58.867  1703  1703 I KeyboardViewUtil: KeyboardViewUtil.calculateMaxKeyboardBodyHeight():44 leave 344 height for app when screen height:2088, header height:121 and isFullscreenMode:false, so the max keyboard body height is:1623
07-06 00:03:58.868  1703  1703 W Keyboard: Keyboard.getKeyboardViewHelper():611 null helper is returned: keyboardDef=hyz{className=.latin.keyboard.LatinNumberKeyboard, id=#0x7f0b062a, initialStates=0, keyboardViewDefs=[hzr{direction=LOCALE, id=#0x7f0b013c, isScalable=false, layoutId=#0x7f0e03db, type=HEADER, touchable=true}, hzr{direction=null, id=#0x7f0b013c, isScalable=true, layoutId=#0x7f0e041e, type=BODY, touchable=true}], keyTextSizeRatio=1.0, persistentStates=0, persistentStatesPrefKey=null, popupBubbleLayoutId=#0x7f0e04a2, recentKeyLayoutId=0, recentKeyPopupLayoutId=0, recentKeyType=null, rememberRecentKey=NONE, sessionStates=0}, type=FLOATING_CANDIDATES, helpersCreated=[hro@94d9c7f, hro@4f4844c, null],
07-06 00:03:58.870  1703  1703 W Keyboard: Keyboard.getKeyboardViewHelper():611 null helper is returned: keyboardDef=hyz{className=.latin.keyboard.LatinNumberKeyboard, id=#0x7f0b062a, initialStates=0, keyboardViewDefs=[hzr{direction=LOCALE, id=#0x7f0b013c, isScalable=false, layoutId=#0x7f0e03db, type=HEADER, touchable=true}, hzr{direction=null, id=#0x7f0b013c, isScalable=true, layoutId=#0x7f0e041e, type=BODY, touchable=true}], keyTextSizeRatio=1.0, persistentStates=0, persistentStatesPrefKey=null, popupBubbleLayoutId=#0x7f0e04a2, recentKeyLayoutId=0, recentKeyPopupLayoutId=0, recentKeyType=null, rememberRecentKey=NONE, sessionStates=0}, type=FLOATING_CANDIDATES, helpersCreated=[hro@94d9c7f, hro@4f4844c, null],
07-06 00:03:58.877  1703  1703 I DeviceModeUtil: DeviceModeUtil.getDeviceMode():117 Get device mode phone by ui mode:1 and smallestScreenWidthDp:393
07-06 00:03:58.878  1703  1703 I DeviceModeUtil: DeviceModeUtil.getDeviceMode():117 Get device mode phone by ui mode:1 and smallestScreenWidthDp:393
07-06 00:03:58.879  1703  1703 I DeviceModeUtil: DeviceModeUtil.getDeviceMode():117 Get device mode phone by ui mode:1 and smallestScreenWidthDp:393
07-06 00:03:58.880  1703  1703 I NormalModeController: NormalModeController.getKeyboardBodyViewHolderPaddingBottom():111 currentPrimeKeyboardType:SOFT systemPaddingBottom:-1
07-06 00:03:58.892  1703  1833 I DeviceModeUtil: DeviceModeUtil.getDeviceMode():117 Get device mode phone by ui mode:1 and smallestScreenWidthDp:393
07-06 00:03:58.893  1703  1703 I NormalModeController: NormalModeController.getKeyboardBodyViewHolderPaddingBottom():111 currentPrimeKeyboardType:SOFT systemPaddingBottom:-1
07-06 00:03:58.897  1703  1703 W AutoPasteSuggestionHelper: AutoPasteSuggestionHelper.createProactiveSuggestions():377 Failed to create item chips. Clip items are [ClipItem{ id = 1688580210844, timestamp = 1688580210846, clipItemContent = ClipItemContent{text=SystemClock.sleep(5000);
07-06 00:03:58.897  1703  1703 W AutoPasteSuggestionHelper:         Espresso.onView(withId(R.id.login_email_view)).perform(clearText()).perform(ViewActions.typeText("ridoy@gmail.com"));
07-06 00:03:58.897  1703  1703 W AutoPasteSuggestionHelper:         Espresso.pressBack();
07-06 00:03:58.897  1703  1703 W AutoPasteSuggestionHelper:         Espresso.onView(withId(R.id.login_password_view)).perform(clearText()).perform(ViewActions.typeText("123456"));
07-06 00:03:58.897  1703  1703 W AutoPasteSuggestionHelper:         Espresso.pressBack();
