07-06 00:03:58.897  1703  1703 W AutoPasteSuggestionHelper:         Espresso.onView(withId(R.id.login_loginButton)).perform(click());
07-06 00:03:58.897  1703  1703 W AutoPasteSuggestionHelper:         SystemClock.sleep(5000);, htmlText=, itemType=0, entityType=0, uri=, groupId=-1, viewType=0}}, ClipItem{ id = 1688580210845, timestamp = 1688580210846, clipItemContent = ClipItemContent{text=ridoy@gmail.com, htmlText=, itemType=0, entityType=2, uri=, groupId=-1, viewType=0}}, ClipItem{ id = 1688580210846, timestamp = 1688580210846, clipItemContent = ClipItemContent{text=123456, htmlText=, itemType=0, entityType=3, uri=, groupId=-1, viewType=0}}].
07-06 00:03:58.902  1703  1703 I CurrentMicStatusHolder: CurrentMicStatusHolder.onStartInputView():79 Current Mic status = {MicIconHidden-SettingOff,MicIconHidden-PasswordOrNumberOrDateInputType,}
07-06 00:03:58.902  1703  1703 I VoiceImeExtension: VoiceImeExtension.shouldStartVoiceInputAutomatically():382 No private IME option set to start voice input.
07-06 00:03:58.913  1703  1703 I DeviceModeUtil: DeviceModeUtil.getDeviceMode():117 Get device mode phone by ui mode:1 and smallestScreenWidthDp:393
07-06 00:03:58.914  1703  1703 I DeviceModeUtil: DeviceModeUtil.getDeviceMode():117 Get device mode phone by ui mode:1 and smallestScreenWidthDp:393
07-06 00:03:58.916 14334 14334 W OnBackInvokedCallback: OnBackInvokedCallback is not enabled for the application.
07-06 00:03:58.916 14334 14334 W OnBackInvokedCallback: Set 'android:enableOnBackInvokedCallback="true"' in the application manifest.
07-06 00:03:58.932  1703  2382 D EGL_emulation: app_time_stats: avg=373.07ms min=21.08ms max=573.38ms count=3
07-06 00:03:58.935 14334 14334 D InsetsController: show(ime(), fromIme=true)
07-06 00:03:58.940  9712  9712 D BoundBrokerSvc: onBind: Intent { act=com.google.android.gms.common.BIND_SHARED_PREFS pkg=com.google.android.gms }
07-06 00:03:58.941  9712  9712 D BoundBrokerSvc: Loading bound service for intent: Intent { act=com.google.android.gms.common.BIND_SHARED_PREFS pkg=com.google.android.gms }
07-06 00:03:58.957  9712  9712 D BoundBrokerSvc: onUnbind: Intent { act=com.google.android.gms.common.BIND_SHARED_PREFS pkg=com.google.android.gms }
07-06 00:03:58.973  9712  9712 D BoundBrokerSvc: onBind: Intent { act=com.google.android.gms.common.BIND_SHARED_PREFS pkg=com.google.android.gms }
07-06 00:03:58.973  9712  9712 D BoundBrokerSvc: Loading bound service for intent: Intent { act=com.google.android.gms.common.BIND_SHARED_PREFS pkg=com.google.android.gms }
07-06 00:03:58.979  9712  9712 D BoundBrokerSvc: onUnbind: Intent { act=com.google.android.gms.common.BIND_SHARED_PREFS pkg=com.google.android.gms }
07-06 00:03:59.092   989  1140 D EGL_emulation: app_time_stats: avg=9.51ms min=1.21ms max=34.65ms count=56
07-06 00:03:59.108 14334 14334 D UiControllerImpl: Injecting string: "80"
07-06 00:03:59.145   614  2184 D InputDispatcher: Touch mode switch rejected, caller (pid=0, uid=10160) doesn't own the focused window nor none of the previously interacted window
07-06 00:03:59.213 14334 14334 I ViewInteraction: Performing 'send keyCode: 4, metaState: 0 key event' action on view view.getRootView() to equal view
07-06 00:03:59.252  1703  1703 I GoogleInputMethodService: GoogleInputMethodService.onFinishInputView():2266
07-06 00:03:59.253  1703  1703 W TooltipLifecycleManager: TooltipLifecycleManager.dismissTooltips():159 Tooltip with id spell_check_add_to_dictionary not found in tooltipManager.
07-06 00:03:59.306   470   493 W TransactionTracing: Could not find layer id -1
07-06 00:03:59.306   470   493 W TransactionTracing: Could not find layer id -1
07-06 00:03:59.322   470   493 W TransactionTracing: Could not find layer id -1
07-06 00:03:59.322   470   493 W TransactionTracing: Could not find layer id -1
07-06 00:03:59.373   470   493 W TransactionTracing: Could not find layer id -1
07-06 00:03:59.374   470   493 W TransactionTracing: Could not find layer id -1
07-06 00:03:59.374   470   493 W TransactionTracing: Could not find layer id -1
07-06 00:03:59.442 14334 14334 I KeyEventActionBase: Back was pressed but there was no Activity stage transition in 150ms. Pressing back may trigger an activity stage transition if the activity is finished as a result. However, the activity may handle the back behavior in any number of other ways internally as well, such as popping the fragment back stack, dismissing a dialog, otherwise manually transacting fragments, etc.
07-06 00:03:59.446 14334 14334 I ViewInteraction: Performing 'type text(9:51)' action on view view.getId() is <2131230723/com.example.cardioassistant:id/ADD_Enter_Measure_Time>
07-06 00:03:59.467  1338  1338 D TaplEvents: TIS / TouchInteractionService.onInputEvent: MotionEvent { action=ACTION_DOWN, actionButton=0, id[0]=0, x[0]=539.5, y[0]=1195.5, toolType[0]=TOOL_TYPE_UNKNOWN, buttonState=BUTTON_PRIMARY, classification=NONE, metaState=0, flags=0x0, edgeFlags=0x0, pointerCount=1, historySize=0, eventTime=2077961, downTime=2077961, deviceId=-1, source=0x1002, displayId=0, eventId=-210778132 }
07-06 00:03:59.512  1338  1338 D TaplEvents: TIS / TouchInteractionService.onInputEvent: MotionEvent { action=ACTION_UP, actionButton=0, id[0]=0, x[0]=539.5, y[0]=1195.5, toolType[0]=TOOL_TYPE_FINGER, buttonState=BUTTON_PRIMARY, classification=NONE, metaState=0, flags=0x0, edgeFlags=0x0, pointerCount=1, historySize=0, eventTime=2078017, downTime=2077961, deviceId=-1, source=0x1002, displayId=0, eventId=-518473396 }
07-06 00:03:59.519  1703  1703 I GoogleInputMethodService: GoogleInputMethodService.onFinishInput():3220
07-06 00:03:59.520 14334 14334 D InputMethodManager: showSoftInput() view=androidx.appcompat.widget.AppCompatEditText{de1581b VFED..CL. .F.P..ID 31,1061-1049,1199 #7f080003 app:id/ADD_Enter_Measure_Time aid=1073741827} flags=0 reason=SHOW_SOFT_INPUT
07-06 00:03:59.521  1703  1703 I GoogleInputMethodService: GoogleInputMethodService.updateDeviceLockedStatus():2114 repeatCheckTimes = 0, unlocked = true
07-06 00:03:59.522  1703  1703 I GoogleInputMethodService: GoogleInputMethodService.onStartInput():1919 onStartInput(EditorInfo{inputType=0x24(Time) imeOptions=0xc000005 privateImeOptions=null actionName=NEXT actionLabel=null actionId=0 initialSelStart=0 initialSelEnd=0 initialCapsMode=0x0 hintText=non-empty label=null packageName=com.example.cardioassistant fieldId=2131230723 fieldName=null extras=Bundle[mParcelledData.dataSize=240]}, false)
07-06 00:03:59.523  1703  1703 I GoogleInputMethodService: GoogleInputMethodService.updateDeviceLockedStatus():2114 repeatCheckTimes = 2, unlocked = true
07-06 00:03:59.531  1703  1703 I DeviceModeUtil: DeviceModeUtil.getDeviceMode():117 Get device mode phone by ui mode:1 and smallestScreenWidthDp:393
07-06 00:03:59.541  1703  1703 I GoogleInputMethodService: GoogleInputMethodService.onStartInputView():2023 onStartInputView(EditorInfo{inputType=0x24(Time) imeOptions=0xc000005 privateImeOptions=null actionName=NEXT actionLabel=null actionId=0 initialSelStart=0 initialSelEnd=0 initialCapsMode=0x0 hintText=non-empty label=null packageName=com.example.cardioassistant fieldId=2131230723 fieldName=null extras=Bundle[{android.support.text.emoji.emojiCompat_metadataVersion=8, android.support.text.emoji.emojiCompat_replaceAll=false}]}, false)
07-06 00:03:59.544  1703  1703 I GoogleInputMethodService: GoogleInputMethodService.updateDeviceLockedStatus():2114 repeatCheckTimes = 2, unlocked = true
07-06 00:03:59.546  1703  1703 I KeyboardViewUtil: KeyboardViewUtil.getKeyboardHeightRatio():168 systemKeyboardHeightRatio:1.000000; userKeyboardHeightRatio:1.000000.
07-06 00:03:59.548  1703  1703 I KeyboardViewHelper: KeyboardViewHelper.getView():168 Get view with height ratio:1.000000
07-06 00:03:59.552  1703  1833 I DeviceModeUtil: DeviceModeUtil.getDeviceMode():117 Get device mode phone by ui mode:1 and smallestScreenWidthDp:393
07-06 00:03:59.552  1703  1703 I KeyboardViewUtil: KeyboardViewUtil.calculateMaxKeyboardBodyHeight():44 leave 344 height for app when screen height:2088, header height:121 and isFullscreenMode:false, so the max keyboard body height is:1623
07-06 00:03:59.556  1703  1703 W Keyboard: Keyboard.getKeyboardViewHelper():611 null helper is returned: keyboardDef=hyz{className=.latin.keyboard.LatinNumberKeyboard, id=#0x7f0b05a1, initialStates=0, keyboardViewDefs=[hzr{direction=LOCALE, id=#0x7f0b013c, isScalable=false, layoutId=#0x7f0e03db, type=HEADER, touchable=true}, hzr{direction=null, id=#0x7f0b013c, isScalable=true, layoutId=#0x7f0e041e, type=BODY, touchable=true}], keyTextSizeRatio=1.0, persistentStates=0, persistentStatesPrefKey=null, popupBubbleLayoutId=#0x7f0e04a2, recentKeyLayoutId=0, recentKeyPopupLayoutId=0, recentKeyType=null, rememberRecentKey=NONE, sessionStates=0}, type=FLOATING_CANDIDATES, helpersCreated=[hro@4dbaac2, hro@39b00d3, null],
07-06 00:03:59.560  1703  1703 W Keyboard: Keyboard.getKeyboardViewHelper():611 null helper is returned: keyboardDef=hyz{className=.latin.keyboard.LatinNumberKeyboard, id=#0x7f0b05a1, initialStates=0, keyboardViewDefs=[hzr{direction=LOCALE, id=#0x7f0b013c, isScalable=false, layoutId=#0x7f0e03db, type=HEADER, touchable=true}, hzr{direction=null, id=#0x7f0b013c, isScalable=true, layoutId=#0x7f0e041e, type=BODY, touchable=true}], keyTextSizeRatio=1.0, persistentStates=0, persistentStatesPrefKey=null, popupBubbleLayoutId=#0x7f0e04a2, recentKeyLayoutId=0, recentKeyPopupLayoutId=0, recentKeyType=null, rememberRecentKey=NONE, sessionStates=0}, type=FLOATING_CANDIDATES, helpersCreated=[hro@4dbaac2, hro@39b00d3, null],
07-06 00:03:59.561  1703  1703 I DeviceModeUtil: DeviceModeUtil.getDeviceMode():117 Get device mode phone by ui mode:1 and smallestScreenWidthDp:393
07-06 00:03:59.561  1703  1703 I DeviceModeUtil: DeviceModeUtil.getDeviceMode():117 Get device mode phone by ui mode:1 and smallestScreenWidthDp:393
07-06 00:03:59.562  1703  1703 I DeviceModeUtil: DeviceModeUtil.getDeviceMode():117 Get device mode phone by ui mode:1 and smallestScreenWidthDp:393
07-06 00:03:59.562  1703  1703 I NormalModeController: NormalModeController.getKeyboardBodyViewHolderPaddingBottom():111 currentPrimeKeyboardType:SOFT systemPaddingBottom:-1
07-06 00:03:59.563  1703  1703 I NormalModeController: NormalModeController.getKeyboardBodyViewHolderPaddingBottom():111 currentPrimeKeyboardType:SOFT systemPaddingBottom:-1
07-06 00:03:59.567  1703  1703 W AutoPasteSuggestionHelper: AutoPasteSuggestionHelper.createProactiveSuggestions():377 Failed to create item chips. Clip items are [ClipItem{ id = 1688580210844, timestamp = 1688580210846, clipItemContent = ClipItemContent{text=SystemClock.sleep(5000);
07-06 00:03:59.567  1703  1703 W AutoPasteSuggestionHelper:         Espresso.onView(withId(R.id.login_email_view)).perform(clearText()).perform(ViewActions.typeText("ridoy@gmail.com"));
07-06 00:03:59.567  1703  1703 W AutoPasteSuggestionHelper:         Espresso.pressBack();
07-06 00:03:59.567  1703  1703 W AutoPasteSuggestionHelper:         Espresso.onView(withId(R.id.login_password_view)).perform(clearText()).perform(ViewActions.typeText("123456"));
07-06 00:03:59.567  1703  1703 W AutoPasteSuggestionHelper:         Espresso.pressBack();
07-06 00:03:59.567  1703  1703 W AutoPasteSuggestionHelper:         Espresso.onView(withId(R.id.login_loginButton)).perform(click());
07-06 00:03:59.567  1703  1703 W AutoPasteSuggestionHelper:         SystemClock.sleep(5000);, htmlText=, itemType=0, entityType=0, uri=, groupId=-1, viewType=0}}, ClipItem{ id = 1688580210845, timestamp = 1688580210846, clipItemContent = ClipItemContent{text=ridoy@gmail.com, htmlText=, itemType=0, entityType=2, uri=, groupId=-1, viewType=0}}, ClipItem{ id = 1688580210846, timestamp = 1688580210846, clipItemContent = ClipItemContent{text=123456, htmlText=, itemType=0, entityType=3, uri=, groupId=-1, viewType=0}}].
07-06 00:03:59.571  1703  1703 I CurrentMicStatusHolder: CurrentMicStatusHolder.onStartInputView():79 Current Mic status = {MicIconHidden-SettingOff,MicIconHidden-PasswordOrNumberOrDateInputType,}
07-06 00:03:59.576  1703  1703 I VoiceImeExtension: VoiceImeExtension.shouldStartVoiceInputAutomatically():382 No private IME option set to start voice input.
07-06 00:03:59.585 14334 14334 W OnBackInvokedCallback: OnBackInvokedCallback is not enabled for the application.
07-06 00:03:59.585 14334 14334 W OnBackInvokedCallback: Set 'android:enableOnBackInvokedCallback="true"' in the application manifest.
07-06 00:03:59.592  1703  1703 I DeviceModeUtil: DeviceModeUtil.getDeviceMode():117 Get device mode phone by ui mode:1 and smallestScreenWidthDp:393
07-06 00:03:59.593  1703  1703 I DeviceModeUtil: DeviceModeUtil.getDeviceMode():117 Get device mode phone by ui mode:1 and smallestScreenWidthDp:393
07-06 00:03:59.600 14334 14334 D InsetsController: show(ime(), fromIme=true)
07-06 00:03:59.617  9712  9712 D BoundBrokerSvc: onBind: Intent { act=com.google.android.gms.common.BIND_SHARED_PREFS pkg=com.google.android.gms }
07-06 00:03:59.617  9712  9712 D BoundBrokerSvc: Loading bound service for intent: Intent { act=com.google.android.gms.common.BIND_SHARED_PREFS pkg=com.google.android.gms }
07-06 00:03:59.621   470   493 W TransactionTracing: Could not find layer handle 0x790bf1e3e5b0
07-06 00:03:59.628  9712  9712 D BoundBrokerSvc: onUnbind: Intent { act=com.google.android.gms.common.BIND_SHARED_PREFS pkg=com.google.android.gms }
07-06 00:03:59.634  9712  9712 D BoundBrokerSvc: onBind: Intent { act=com.google.android.gms.common.BIND_SHARED_PREFS pkg=com.google.android.gms }
07-06 00:03:59.635  9712  9712 D BoundBrokerSvc: Loading bound service for intent: Intent { act=com.google.android.gms.common.BIND_SHARED_PREFS pkg=com.google.android.gms }
07-06 00:03:59.641  9712  9712 D BoundBrokerSvc: onUnbind: Intent { act=com.google.android.gms.common.BIND_SHARED_PREFS pkg=com.google.android.gms }
07-06 00:03:59.762 14334 14334 D UiControllerImpl: Injecting string: "9:51"
07-06 00:03:59.768   614  2372 D InputDispatcher: Touch mode switch rejected, caller (pid=0, uid=10160) doesn't own the focused window nor none of the previously interacted window
07-06 00:03:59.812 14334 14361 D EGL_emulation: app_time_stats: avg=98.05ms min=12.14ms max=296.31ms count=10
07-06 00:03:59.822   470   493 W TransactionTracing: Could not find layer id -1
07-06 00:03:59.823   470   493 W TransactionTracing: Could not find layer id -1
07-06 00:03:59.906 14334 14334 I ViewInteraction: Performing 'send keyCode: 4, metaState: 0 key event' action on view view.getRootView() to equal view
07-06 00:03:59.926  1703  1703 I GoogleInputMethodService: GoogleInputMethodService.onFinishInputView():2266
07-06 00:03:59.926  1703  1703 W TooltipLifecycleManager: TooltipLifecycleManager.dismissTooltips():159 Tooltip with id spell_check_add_to_dictionary not found in tooltipManager.
07-06 00:04:00.034   989  1140 D EGL_emulation: app_time_stats: avg=2342.70ms min=16.39ms max=15905.56ms count=7
07-06 00:04:00.099   989  1140 D EGL_emulation: app_time_stats: avg=10.22ms min=1.34ms max=63.19ms count=52
07-06 00:04:00.108 14334 14334 I KeyEventActionBase: Back was pressed but there was no Activity stage transition in 150ms. Pressing back may trigger an activity stage transition if the activity is finished as a result. However, the activity may handle the back behavior in any number of other ways internally as well, such as popping the fragment back stack, dismissing a dialog, otherwise manually transacting fragments, etc.
07-06 00:04:00.111 14334 14334 I ViewInteraction: Performing 'type text(22/07/2022)' action on view view.getId() is <2131230722/com.example.cardioassistant:id/ADD_Enter_Measure_Date>
07-06 00:04:00.119  1338  1338 D TaplEvents: TIS / TouchInteractionService.onInputEvent: MotionEvent { action=ACTION_DOWN, actionButton=0, id[0]=0, x[0]=539.5, y[0]=1429.5, toolType[0]=TOOL_TYPE_UNKNOWN, buttonState=BUTTON_PRIMARY, classification=NONE, metaState=0, flags=0x0, edgeFlags=0x0, pointerCount=1, historySize=0, eventTime=2078622, downTime=2078622, deviceId=-1, source=0x1002, displayId=0, eventId=-1041035256 }
07-06 00:04:00.159  1338  1338 D TaplEvents: TIS / TouchInteractionService.onInputEvent: MotionEvent { action=ACTION_UP, actionButton=0, id[0]=0, x[0]=539.5, y[0]=1429.5, toolType[0]=TOOL_TYPE_FINGER, buttonState=BUTTON_PRIMARY, classification=NONE, metaState=0, flags=0x0, edgeFlags=0x0, pointerCount=1, historySize=0, eventTime=2078664, downTime=2078622, deviceId=-1, source=0x1002, displayId=0, eventId=-155212207 }
07-06 00:04:00.169  1703  1703 I GoogleInputMethodService: GoogleInputMethodService.onFinishInput():3220
07-06 00:04:00.172 14334 14334 D InputMethodManager: showSoftInput() view=androidx.appcompat.widget.AppCompatEditText{1acedb8 VFED..CL. .F.P..ID 31,1295-1049,1433 #7f080002 app:id/ADD_Enter_Measure_Date aid=1073741828} flags=0 reason=SHOW_SOFT_INPUT
07-06 00:04:00.172  1703  1703 I GoogleInputMethodService: GoogleInputMethodService.updateDeviceLockedStatus():2114 repeatCheckTimes = 0, unlocked = true
07-06 00:04:00.172  1703  1703 I GoogleInputMethodService: GoogleInputMethodService.onStartInput():1919 onStartInput(EditorInfo{inputType=0x14(Date) imeOptions=0xc000005 privateImeOptions=null actionName=NEXT actionLabel=null actionId=0 initialSelStart=0 initialSelEnd=0 initialCapsMode=0x0 hintText=non-empty label=null packageName=com.example.cardioassistant fieldId=2131230722 fieldName=null extras=Bundle[mParcelledData.dataSize=240]}, false)
07-06 00:04:00.174  1703  1703 I GoogleInputMethodService: GoogleInputMethodService.updateDeviceLockedStatus():2114 repeatCheckTimes = 2, unlocked = true
07-06 00:04:00.178  1703  1703 I DeviceModeUtil: DeviceModeUtil.getDeviceMode():117 Get device mode phone by ui mode:1 and smallestScreenWidthDp:393
07-06 00:04:00.179  1703  1703 I GoogleInputMethodService: GoogleInputMethodService.onStartInputView():2023 onStartInputView(EditorInfo{inputType=0x14(Date) imeOptions=0xc000005 privateImeOptions=null actionName=NEXT actionLabel=null actionId=0 initialSelStart=0 initialSelEnd=0 initialCapsMode=0x0 hintText=non-empty label=null packageName=com.example.cardioassistant fieldId=2131230722 fieldName=null extras=Bundle[{android.support.text.emoji.emojiCompat_metadataVersion=8, android.support.text.emoji.emojiCompat_replaceAll=false}]}, false)
07-06 00:04:00.181  1703  1703 I GoogleInputMethodService: GoogleInputMethodService.updateDeviceLockedStatus():2114 repeatCheckTimes = 2, unlocked = true
07-06 00:04:00.182  1703  1703 I KeyboardViewUtil: KeyboardViewUtil.getKeyboardHeightRatio():168 systemKeyboardHeightRatio:1.000000; userKeyboardHeightRatio:1.000000.
07-06 00:04:00.184  1703  1833 I DeviceModeUtil: DeviceModeUtil.getDeviceMode():117 Get device mode phone by ui mode:1 and smallestScreenWidthDp:393
07-06 00:04:00.185  1703  1703 I KeyboardViewUtil: KeyboardViewUtil.calculateMaxKeyboardBodyHeight():44 leave 344 height for app when screen height:2088, header height:121 and isFullscreenMode:false, so the max keyboard body height is:1623
07-06 00:04:00.185  1703  1703 W Keyboard: Keyboard.getKeyboardViewHelper():611 null helper is returned: keyboardDef=hyz{className=.latin.keyboard.LatinNumberKeyboard, id=#0x7f0b05a1, initialStates=0, keyboardViewDefs=[hzr{direction=LOCALE, id=#0x7f0b013c, isScalable=false, layoutId=#0x7f0e03db, type=HEADER, touchable=true}, hzr{direction=null, id=#0x7f0b013c, isScalable=true, layoutId=#0x7f0e041e, type=BODY, touchable=true}], keyTextSizeRatio=1.0, persistentStates=0, persistentStatesPrefKey=null, popupBubbleLayoutId=#0x7f0e04a2, recentKeyLayoutId=0, recentKeyPopupLayoutId=0, recentKeyType=null, rememberRecentKey=NONE, sessionStates=0}, type=FLOATING_CANDIDATES, helpersCreated=[hro@4dbaac2, hro@39b00d3, null],
07-06 00:04:00.186  1703  1703 W Keyboard: Keyboard.getKeyboardViewHelper():611 null helper is returned: keyboardDef=hyz{className=.latin.keyboard.LatinNumberKeyboard, id=#0x7f0b05a1, initialStates=0, keyboardViewDefs=[hzr{direction=LOCALE, id=#0x7f0b013c, isScalable=false, layoutId=#0x7f0e03db, type=HEADER, touchable=true}, hzr{direction=null, id=#0x7f0b013c, isScalable=true, layoutId=#0x7f0e041e, type=BODY, touchable=true}], keyTextSizeRatio=1.0, persistentStates=0, persistentStatesPrefKey=null, popupBubbleLayoutId=#0x7f0e04a2, recentKeyLayoutId=0, recentKeyPopupLayoutId=0, recentKeyType=null, rememberRecentKey=NONE, sessionStates=0}, type=FLOATING_CANDIDATES, helpersCreated=[hro@4dbaac2, hro@39b00d3, null],
07-06 00:04:00.186  1703  1703 I DeviceModeUtil: DeviceModeUtil.getDeviceMode():117 Get device mode phone by ui mode:1 and smallestScreenWidthDp:393
07-06 00:04:00.188  1703  1703 I DeviceModeUtil: DeviceModeUtil.getDeviceMode():117 Get device mode phone by ui mode:1 and smallestScreenWidthDp:393
07-06 00:04:00.189  1703  1703 I DeviceModeUtil: DeviceModeUtil.getDeviceMode():117 Get device mode phone by ui mode:1 and smallestScreenWidthDp:393
07-06 00:04:00.189  1703  1703 I NormalModeController: NormalModeController.getKeyboardBodyViewHolderPaddingBottom():111 currentPrimeKeyboardType:SOFT systemPaddingBottom:-1
07-06 00:04:00.190  1703  1703 I NormalModeController: NormalModeController.getKeyboardBodyViewHolderPaddingBottom():111 currentPrimeKeyboardType:SOFT systemPaddingBottom:-1
07-06 00:04:00.191  1703  1703 W AutoPasteSuggestionHelper: AutoPasteSuggestionHelper.createProactiveSuggestions():377 Failed to create item chips. Clip items are [ClipItem{ id = 1688580210844, timestamp = 1688580210846, clipItemContent = ClipItemContent{text=SystemClock.sleep(5000);
07-06 00:04:00.191  1703  1703 W AutoPasteSuggestionHelper:         Espresso.onView(withId(R.id.login_email_view)).perform(clearText()).perform(ViewActions.typeText("ridoy@gmail.com"));
07-06 00:04:00.191  1703  1703 W AutoPasteSuggestionHelper:         Espresso.pressBack();
07-06 00:04:00.191  1703  1703 W AutoPasteSuggestionHelper:         Espresso.onView(withId(R.id.login_password_view)).perform(clearText()).perform(ViewActions.typeText("123456"));
07-06 00:04:00.191  1703  1703 W AutoPasteSuggestionHelper:         Espresso.pressBack();
07-06 00:04:00.191  1703  1703 W AutoPasteSuggestionHelper:         Espresso.onView(withId(R.id.login_loginButton)).perform(click());
07-06 00:04:00.191  1703  1703 W AutoPasteSuggestionHelper:         SystemClock.sleep(5000);, htmlText=, itemType=0, entityType=0, uri=, groupId=-1, viewType=0}}, ClipItem{ id = 1688580210845, timestamp = 1688580210846, clipItemContent = ClipItemContent{text=ridoy@gmail.com, htmlText=, itemType=0, entityType=2, uri=, groupId=-1, viewType=0}}, ClipItem{ id = 1688580210846, timestamp = 1688580210846, clipItemContent = ClipItemContent{text=123456, htmlText=, itemType=0, entityType=3, uri=, groupId=-1, viewType=0}}].
07-06 00:04:00.194  1703  1703 I CurrentMicStatusHolder: CurrentMicStatusHolder.onStartInputView():79 Current Mic status = {MicIconHidden-SettingOff,MicIconHidden-PasswordOrNumberOrDateInputType,}
07-06 00:04:00.195  1703  1703 I VoiceImeExtension: VoiceImeExtension.shouldStartVoiceInputAutomatically():382 No private IME option set to start voice input.
07-06 00:04:00.199 14334 14334 W OnBackInvokedCallback: OnBackInvokedCallback is not enabled for the application.
07-06 00:04:00.199 14334 14334 W OnBackInvokedCallback: Set 'android:enableOnBackInvokedCallback="true"' in the application manifest.
07-06 00:04:00.207 14334 14334 D InsetsController: show(ime(), fromIme=true)
07-06 00:04:00.208  1703  1703 I DeviceModeUtil: DeviceModeUtil.getDeviceMode():117 Get device mode phone by ui mode:1 and smallestScreenWidthDp:393
07-06 00:04:00.209  1703  1703 I DeviceModeUtil: DeviceModeUtil.getDeviceMode():117 Get device mode phone by ui mode:1 and smallestScreenWidthDp:393
07-06 00:04:00.214  1703  2382 D EGL_emulation: app_time_stats: avg=640.82ms min=619.82ms max=661.83ms count=2
07-06 00:04:00.245  9712  9712 D BoundBrokerSvc: onBind: Intent { act=com.google.android.gms.common.BIND_SHARED_PREFS pkg=com.google.android.gms }
07-06 00:04:00.246  9712  9712 D BoundBrokerSvc: Loading bound service for intent: Intent { act=com.google.android.gms.common.BIND_SHARED_PREFS pkg=com.google.android.gms }
07-06 00:04:00.251  9712  9712 D BoundBrokerSvc: onUnbind: Intent { act=com.google.android.gms.common.BIND_SHARED_PREFS pkg=com.google.android.gms }
07-06 00:04:00.264  9712  9712 D BoundBrokerSvc: onBind: Intent { act=com.google.android.gms.common.BIND_SHARED_PREFS pkg=com.google.android.gms }
07-06 00:04:00.265  9712  9712 D BoundBrokerSvc: Loading bound service for intent: Intent { act=com.google.android.gms.common.BIND_SHARED_PREFS pkg=com.google.android.gms }
07-06 00:04:00.272  9712  9712 D BoundBrokerSvc: onUnbind: Intent { act=com.google.android.gms.common.BIND_SHARED_PREFS pkg=com.google.android.gms }
07-06 00:04:00.327   470   493 W TransactionTracing: Could not find layer id -1
07-06 00:04:00.328   470   493 W TransactionTracing: Could not find layer id -1
07-06 00:04:00.328   470   493 W TransactionTracing: Could not find layer id -1
07-06 00:04:00.413 14334 14334 D UiControllerImpl: Injecting string: "22/07/2022"
07-06 00:04:00.428   614  2372 D InputDispatcher: Touch mode switch rejected, caller (pid=0, uid=10160) doesn't own the focused window nor none of the previously interacted window
07-06 00:04:00.785 14334 14334 I ViewInteraction: Performing 'send keyCode: 4, metaState: 0 key event' action on view view.getRootView() to equal view
07-06 00:04:00.799  1703  1703 I GoogleInputMethodService: GoogleInputMethodService.onFinishInputView():2266
07-06 00:04:00.800  1703  1703 W TooltipLifecycleManager: TooltipLifecycleManager.dismissTooltips():159 Tooltip with id spell_check_add_to_dictionary not found in tooltipManager.
07-06 00:04:00.821   470   493 W TransactionTracing: Could not find layer id -1
07-06 00:04:00.823   470   493 W TransactionTracing: Could not find layer id -1
07-06 00:04:00.823   470   493 W TransactionTracing: Could not find layer id -1
07-06 00:04:00.823   470   493 W TransactionTracing: Could not find layer id -1
07-06 00:04:00.823   470   493 W TransactionTracing: Could not find layer id -1
07-06 00:04:00.823   470   493 W TransactionTracing: Could not find layer id -1
07-06 00:04:00.977 14334 14334 I KeyEventActionBase: Back was pressed but there was no Activity stage transition in 150ms. Pressing back may trigger an activity stage transition if the activity is finished as a result. However, the activity may handle the back behavior in any number of other ways internally as well, such as popping the fragment back stack, dismissing a dialog, otherwise manually transacting fragments, etc.
07-06 00:04:00.980 14334 14334 I ViewInteraction: Performing 'type text(Good)' action on view view.getId() is <2131230721/com.example.cardioassistant:id/ADD_Enter_Comment>
07-06 00:04:00.985  1338  1338 D TaplEvents: TIS / TouchInteractionService.onInputEvent: MotionEvent { action=ACTION_DOWN, actionButton=0, id[0]=0, x[0]=539.5, y[0]=1663.5, toolType[0]=TOOL_TYPE_UNKNOWN, buttonState=BUTTON_PRIMARY, classification=NONE, metaState=0, flags=0x0, edgeFlags=0x0, pointerCount=1, historySize=0, eventTime=2079490, downTime=2079490, deviceId=-1, source=0x1002, displayId=0, eventId=-108644984 }
07-06 00:04:01.008 14334 14361 D EGL_emulation: app_time_stats: avg=69.30ms min=10.96ms max=247.97ms count=17
07-06 00:04:01.026  1338  1338 D TaplEvents: TIS / TouchInteractionService.onInputEvent: MotionEvent { action=ACTION_UP, actionButton=0, id[0]=0, x[0]=539.5, y[0]=1663.5, toolType[0]=TOOL_TYPE_FINGER, buttonState=BUTTON_PRIMARY, classification=NONE, metaState=0, flags=0x0, edgeFlags=0x0, pointerCount=1, historySize=0, eventTime=2079533, downTime=2079490, deviceId=-1, source=0x1002, displayId=0, eventId=-464719833 }
07-06 00:04:01.031  1703  1703 I GoogleInputMethodService: GoogleInputMethodService.onFinishInput():3220
07-06 00:04:01.031 14334 14334 D InputMethodManager: showSoftInput() view=androidx.appcompat.widget.AppCompatEditText{b5f7791 VFED..CL. .F.P..ID 31,1529-1049,1667 #7f080001 app:id/ADD_Enter_Comment aid=1073741829} flags=0 reason=SHOW_SOFT_INPUT
07-06 00:04:01.032  1703  1703 I GoogleInputMethodService: GoogleInputMethodService.updateDeviceLockedStatus():2114 repeatCheckTimes = 0, unlocked = true
07-06 00:04:01.032  1703  1703 I GoogleInputMethodService: GoogleInputMethodService.onStartInput():1919 onStartInput(EditorInfo{inputType=0x20001(Normal) imeOptions=0x44000006 privateImeOptions=null actionName=DONE actionLabel=null actionId=0 initialSelStart=0 initialSelEnd=0 initialCapsMode=0x0 hintText=non-empty label=null packageName=com.example.cardioassistant fieldId=2131230721 fieldName=null extras=Bundle[mParcelledData.dataSize=240]}, false)
07-06 00:04:01.034  1703  1703 I GoogleInputMethodService: GoogleInputMethodService.updateDeviceLockedStatus():2114 repeatCheckTimes = 2, unlocked = true
07-06 00:04:01.041  1703  1703 I DeviceModeUtil: DeviceModeUtil.getDeviceMode():117 Get device mode phone by ui mode:1 and smallestScreenWidthDp:393
07-06 00:04:01.042  1703  1703 I GoogleInputMethodService: GoogleInputMethodService.onStartInputView():2023 onStartInputView(EditorInfo{inputType=0x20001(Normal) imeOptions=0x44000006 privateImeOptions=null actionName=DONE actionLabel=null actionId=0 initialSelStart=0 initialSelEnd=0 initialCapsMode=0x0 hintText=non-empty label=null packageName=com.example.cardioassistant fieldId=2131230721 fieldName=null extras=Bundle[{android.support.text.emoji.emojiCompat_metadataVersion=8, android.support.text.emoji.emojiCompat_replaceAll=false}]}, false)
07-06 00:04:01.044  1703  1703 I GoogleInputMethodService: GoogleInputMethodService.updateDeviceLockedStatus():2114 repeatCheckTimes = 2, unlocked = true
07-06 00:04:01.045  1703  1833 I DeviceModeUtil: DeviceModeUtil.getDeviceMode():117 Get device mode phone by ui mode:1 and smallestScreenWidthDp:393
07-06 00:04:01.046  1703  1703 I KeyboardViewUtil: KeyboardViewUtil.getKeyboardHeightRatio():168 systemKeyboardHeightRatio:1.000000; userKeyboardHeightRatio:1.000000.
07-06 00:04:01.047  1703  1703 I AndroidIME: AbstractIme.onActivate():91 LatinIme.onActivate() : EditorInfo = inputType=0x20001(Normal) imeOptions=0x44000006 privateImeOptions=null actionName=DONE actionLabel=null actionId=0 initialSelStart=0 initialSelEnd=0 initialCapsMode=0x0 hintText=non-empty label=null packageName=com.example.cardioassistant fieldId=2131230721 fieldName=null extras=Bundle[{android.support.text.emoji.emojiCompat_metadataVersion=8, android.support.text.emoji.emojiCompat_replaceAll=false}], IncognitoMode = false, DeviceLocked = false
07-06 00:04:01.047  1703  1703 I Delight5Facilitator: Delight5Facilitator.initializeForIme():777 initializeForIme() : Locale = [en_US], layout = qwerty
07-06 00:04:01.048  1703  1703 I VoiceInputManagerWrapper: VoiceInputManagerWrapper.cancelShutdown():55 cancelShutdown()
07-06 00:04:01.048  1703  1703 I VoiceInputManagerWrapper: VoiceInputManagerWrapper.syncLanguagePacks():67 syncLanguagePacks()
07-06 00:04:01.049  1703  1703 I LatinIme: LatinIme.updateEnableInlineSuggestionsOnDecoderSideFlags():1295 inline flag updated to:false
07-06 00:04:01.049  1703 11729 I SpeechFactory: SpeechRecognitionFactory.maybeScheduleAutoPackDownloadForFallback():202 maybeScheduleAutoPackDownloadForFallback()
07-06 00:04:01.049  1703 11729 I FallbackOnDeviceRecognitionProvider: FallbackOnDeviceRecognitionProvider.maybeScheduleAutoPackDownload():196 maybeScheduleAutoPackDownload() for language tag en-US
07-06 00:04:01.061  1703  1703 I KeyboardWrapper: KeyboardWrapper.consumeEvent():273 Skip consuming an event as current keyboard is deactivated (state=0, keyboard existence=true)
07-06 00:04:01.078  1703  1703 I KeyboardViewHelper: KeyboardViewHelper.getView():168 Get view with height ratio:1.000000
07-06 00:04:01.102   989  1140 D EGL_emulation: app_time_stats: avg=5.86ms min=1.25ms max=25.91ms count=55
07-06 00:04:01.116  1703  1703 I KeyboardViewUtil: KeyboardViewUtil.calculateMaxKeyboardBodyHeight():44 leave 344 height for app when screen height:2088, header height:121 and isFullscreenMode:false, so the max keyboard body height is:1623
07-06 00:04:01.122  1703  1703 I DeviceModeUtil: DeviceModeUtil.getDeviceMode():117 Get device mode phone by ui mode:1 and smallestScreenWidthDp:393
07-06 00:04:01.123  1703  1703 I KeyboardViewUtil: KeyboardViewUtil.calculateMaxKeyboardBodyHeight():44 leave 344 height for app when screen height:2088, header height:121 and isFullscreenMode:false, so the max keyboard body height is:1623
07-06 00:04:01.125  1703  1703 I DeviceModeUtil: DeviceModeUtil.getDeviceMode():117 Get device mode phone by ui mode:1 and smallestScreenWidthDp:393
07-06 00:04:01.130  1703  1703 I DeviceModeUtil: DeviceModeUtil.getDeviceMode():117 Get device mode phone by ui mode:1 and smallestScreenWidthDp:393
07-06 00:04:01.133  1703  1703 I DeviceModeUtil: DeviceModeUtil.getDeviceMode():117 Get device mode phone by ui mode:1 and smallestScreenWidthDp:393
07-06 00:04:01.133  1703  1703 I NormalModeController: NormalModeController.getKeyboardBodyViewHolderPaddingBottom():111 currentPrimeKeyboardType:SOFT systemPaddingBottom:-1
07-06 00:04:01.136  1703  1703 I NormalModeController: NormalModeController.getKeyboardBodyViewHolderPaddingBottom():111 currentPrimeKeyboardType:SOFT systemPaddingBottom:-1
07-06 00:04:01.156  1703  1703 W AutoPasteSuggestionHelper: AutoPasteSuggestionHelper.setMaxWidthOfChipTextView():773 Failed to get the width of the proactive suggestion view holder.
07-06 00:04:01.156  1703  1703 I ProactiveSuggestionsHolderManager: ProactiveSuggestionsHolderManager$3.display():214 Requesting to show proactive suggestions: CLIPBOARD PREEMPTIVE_WITH_SUPPRESSION
07-06 00:04:01.164  1703  1703 I VoiceImeExtension: VoiceImeExtension.shouldStartVoiceInputAutomatically():382 No private IME option set to start voice input.
07-06 00:04:01.171 14334 14334 W OnBackInvokedCallback: OnBackInvokedCallback is not enabled for the application.
07-06 00:04:01.171 14334 14334 W OnBackInvokedCallback: Set 'android:enableOnBackInvokedCallback="true"' in the application manifest.
07-06 00:04:01.171 14334 14334 D InsetsController: show(ime(), fromIme=true)
07-06 00:04:01.191  9712  9712 D BoundBrokerSvc: onBind: Intent { act=com.google.android.gms.common.BIND_SHARED_PREFS pkg=com.google.android.gms }
07-06 00:04:01.191  9712  9712 D BoundBrokerSvc: Loading bound service for intent: Intent { act=com.google.android.gms.common.BIND_SHARED_PREFS pkg=com.google.android.gms }
07-06 00:04:01.201  9712  9712 D BoundBrokerSvc: onUnbind: Intent { act=com.google.android.gms.common.BIND_SHARED_PREFS pkg=com.google.android.gms }
07-06 00:04:01.221   470   493 W TransactionTracing: Could not find layer handle 0x790bf1e3ed90
07-06 00:04:01.262  1703  2382 D EGL_emulation: app_time_stats: avg=1045.18ms min=1045.18ms max=1045.18ms count=1
07-06 00:04:01.263  1703  1703 I DeviceModeUtil: DeviceModeUtil.getDeviceMode():117 Get device mode phone by ui mode:1 and smallestScreenWidthDp:393
07-06 00:04:01.265  1703  1703 I DeviceModeUtil: DeviceModeUtil.getDeviceMode():117 Get device mode phone by ui mode:1 and smallestScreenWidthDp:393
07-06 00:04:01.275  1703  1703 I NormalModeController: NormalModeController.getKeyboardBodyViewHolderPaddingBottom():111 currentPrimeKeyboardType:SOFT systemPaddingBottom:-1
07-06 00:04:01.278  1703  2520 I Delight5Decoder: Delight5DecoderWrapper.setKeyboardLayout():442 setKeyboardLayout()
07-06 00:04:01.280  1703  2520 I Delight5Decoder: Delight5DecoderWrapper.setKeyboardLayout():442 setKeyboardLayout()
07-06 00:04:01.292  9712  9712 D BoundBrokerSvc: onBind: Intent { act=com.google.android.gms.common.BIND_SHARED_PREFS pkg=com.google.android.gms }
07-06 00:04:01.292  9712  9712 D BoundBrokerSvc: Loading bound service for intent: Intent { act=com.google.android.gms.common.BIND_SHARED_PREFS pkg=com.google.android.gms }
07-06 00:04:01.301  1703  1703 W TooltipLifecycleManager: TooltipLifecycleManager.dismissTooltips():159 Tooltip with id spell_check_add_to_dictionary not found in tooltipManager.
07-06 00:04:01.306  9712  9712 D BoundBrokerSvc: onUnbind: Intent { act=com.google.android.gms.common.BIND_SHARED_PREFS pkg=com.google.android.gms }
07-06 00:04:01.522   470   493 W TransactionTracing: Could not find layer id -1
07-06 00:04:01.756 14334 14334 D UiControllerImpl: Injecting string: "Good"
07-06 00:04:01.780   614   632 D InputDispatcher: Touch mode switch rejected, caller (pid=0, uid=10160) doesn't own the focused window nor none of the previously interacted window
07-06 00:04:01.788  1703  1703 W AndroidSpellCheckerService: AndroidSpellCheckerService.initialize():81 initialize...
07-06 00:04:01.789  1703  1703 I ShortcutsDataManager: ShortcutsDataManager.onContentChanged():70 onContentChanged()
07-06 00:04:01.789  1703  1703 I ContactsDataManager: ContactsDataManager.onContentChanged():155 onContentChanged()
07-06 00:04:01.789  1703  1703 W AndroidSpellCheckerService: AndroidSpellCheckerService.initialize():93 initialize...done
07-06 00:04:01.839  1703  1703 I KeyboardViewController: KeyboardViewController.lambda$showSelfAndAncestors$6():610 current view doesn't has the priority com.google.android.apps.inputmethod.latin.keyboard.widget.LatinFixedCountCandidatesHolderView{7060d72 I.E...... ......ID 116,0-952,121 #7f0b13d8 app:id/softkey_holder_fixed_candidates} to show itself, PREEMPTIVE
07-06 00:04:01.890   470   493 W TransactionTracing: Could not find layer id -1
07-06 00:04:01.895  1703  1703 I KeyboardViewController: KeyboardViewController.lambda$showSelfAndAncestors$6():610 current view doesn't has the priority com.google.android.apps.inputmethod.latin.keyboard.widget.LatinFixedCountCandidatesHolderView{7060d72 I.E...... ......ID 116,0-952,121 #7f0b13d8 app:id/softkey_holder_fixed_candidates} to show itself, PREEMPTIVE
07-06 00:04:01.927  1703  1703 I KeyboardViewController: KeyboardViewController.lambda$showSelfAndAncestors$6():610 current view doesn't has the priority com.google.android.apps.inputmethod.latin.keyboard.widget.LatinFixedCountCandidatesHolderView{7060d72 I.E...... ......ID 116,0-952,121 #7f0b13d8 app:id/softkey_holder_fixed_candidates} to show itself, PREEMPTIVE
07-06 00:04:01.952 14334 14334 I ViewInteraction: Performing 'send keyCode: 4, metaState: 0 key event' action on view view.getRootView() to equal view
07-06 00:04:01.962  1703  2520 W Delight5Decoder: Delight5DecoderWrapper.shouldAbandonMessage():1901 Detected old [FetchSuggestions] request in background: 261<262
07-06 00:04:02.000  1703  1703 I GoogleInputMethodService: GoogleInputMethodService.onFinishInputView():2266
07-06 00:04:02.001  1703  1703 W TooltipLifecycleManager: TooltipLifecycleManager.dismissTooltips():159 Tooltip with id spell_check_add_to_dictionary not found in tooltipManager.
07-06 00:04:02.007  1703  1703 I InputBundle: InputBundle.consumeEvent():894 Skip consuming an event as keyboard status is 0
07-06 00:04:02.012  1703  1703 I KeyboardWrapper: KeyboardWrapper.consumeEvent():273 Skip consuming an event as current keyboard is deactivated (state=0, keyboard existence=true)
07-06 00:04:02.013  1703  1703 I VoiceInputManagerWrapper: VoiceInputManagerWrapper.shutdown():77 shutdown()
07-06 00:04:02.016  1703  1703 I AndroidIME: AbstractIme.onDeactivate():213 LatinIme.onDeactivate()
07-06 00:04:02.018  1703  5953 E native  : E0000 00:00:1688580243.133693    5953 keyboard.cc:26] Cannot create a keyboard with 0 valid keys
07-06 00:04:02.031 14334 14361 D EGL_emulation: app_time_stats: avg=27.46ms min=2.16ms max=182.81ms count=32
07-06 00:04:02.112   989  1140 D EGL_emulation: app_time_stats: avg=2.64ms min=1.14ms max=10.42ms count=56
07-06 00:04:02.204   470   493 W TransactionTracing: Could not find layer id -1
07-06 00:04:02.204   470   493 W TransactionTracing: Could not find layer id -1
07-06 00:04:02.204   470   493 W TransactionTracing: Could not find layer id -1
07-06 00:04:02.337   470   493 W TransactionTracing: Could not find layer id -1
07-06 00:04:02.445 14334 14334 I KeyEventActionBase: Back was pressed but there was no Activity stage transition in 150ms. Pressing back may trigger an activity stage transition if the activity is finished as a result. However, the activity may handle the back behavior in any number of other ways internally as well, such as popping the fragment back stack, dismissing a dialog, otherwise manually transacting fragments, etc.
07-06 00:04:02.447 14334 14334 I ViewInteraction: Performing 'single click' action on view view.getId() is <2131230720/com.example.cardioassistant:id/ADD_ADDButton>
07-06 00:04:02.452  1338  1338 D TaplEvents: TIS / TouchInteractionService.onInputEvent: MotionEvent { action=ACTION_DOWN, actionButton=0, id[0]=0, x[0]=539.5, y[0]=1936.5, toolType[0]=TOOL_TYPE_UNKNOWN, buttonState=BUTTON_PRIMARY, classification=NONE, metaState=0, flags=0x0, edgeFlags=0x0, pointerCount=1, historySize=0, eventTime=2080956, downTime=2080956, deviceId=-1, source=0x1002, displayId=0, eventId=-992899410 }
07-06 00:04:02.493  1338  1338 D TaplEvents: TIS / TouchInteractionService.onInputEvent: MotionEvent { action=ACTION_UP, actionButton=0, id[0]=0, x[0]=539.5, y[0]=1936.5, toolType[0]=TOOL_TYPE_FINGER, buttonState=BUTTON_PRIMARY, classification=NONE, metaState=0, flags=0x0, edgeFlags=0x0, pointerCount=1, historySize=0, eventTime=2081000, downTime=2080956, deviceId=-1, source=0x1002, displayId=0, eventId=-482542702 }
07-06 00:04:02.501   458   578 D AudioFlinger: mixer(0x7ef9619749a0) throttle end: throttle time(34)
07-06 00:04:02.771   470   493 W TransactionTracing: Could not find layer handle 0x790bf1e3bb50
07-06 00:04:02.790 14334 14334 D LifecycleMonitor: Lifecycle status change: com.example.cardioassistant.AddActivity@5808a6f in: PAUSED
07-06 00:04:02.794 14334 14334 V ActivityScenario: Activity lifecycle changed event received but ignored because the intent does not match. startActivityIntent=Intent { act=android.intent.action.MAIN cat=[android.intent.category.LAUNCHER] flg=0x10008000 cmp=com.example.cardioassistant/.SplashActivity }, activity.getIntent()=Intent { cmp=com.example.cardioassistant/.AddActivity }, activity=com.example.cardioassistant.AddActivity@5808a6f
07-06 00:04:02.813 14334 14334 D LifecycleMonitor: Lifecycle status change: com.example.cardioassistant.HomeActivity@a8a8419 in: PRE_ON_CREATE
07-06 00:04:02.814 14334 14334 V ActivityScenario: Activity lifecycle changed event received but ignored because the intent does not match. startActivityIntent=Intent { act=android.intent.action.MAIN cat=[android.intent.category.LAUNCHER] flg=0x10008000 cmp=com.example.cardioassistant/.SplashActivity }, activity.getIntent()=Intent { cmp=com.example.cardioassistant/.HomeActivity }, activity=com.example.cardioassistant.HomeActivity@a8a8419
07-06 00:04:02.816   411   453 D goldfish-address-space: claimShared: Ask to claim region [0x3f3a8c000 0x3f3ad5000]
07-06 00:04:02.826   411   453 D goldfish-address-space: claimShared: Ask to claim region [0x3f3ad5000 0x3f3b1e000]
07-06 00:04:02.828   411   453 D goldfish-address-space: claimShared: Ask to claim region [0x3f3b1e000 0x3f3b67000]
07-06 00:04:02.834   989  1140 W Parcel  : Expecting binder but got null!
07-06 00:04:02.849 14334 14334 D LifecycleMonitor: Lifecycle status change: com.example.cardioassistant.HomeActivity@a8a8419 in: CREATED
07-06 00:04:02.849 14334 14334 V ActivityScenario: Activity lifecycle changed event received but ignored because the intent does not match. startActivityIntent=Intent { act=android.intent.action.MAIN cat=[android.intent.category.LAUNCHER] flg=0x10008000 cmp=com.example.cardioassistant/.SplashActivity }, activity.getIntent()=Intent { cmp=com.example.cardioassistant/.HomeActivity }, activity=com.example.cardioassistant.HomeActivity@a8a8419
07-06 00:04:02.851 14334 14334 D LifecycleMonitor: Lifecycle status change: com.example.cardioassistant.HomeActivity@a8a8419 in: STARTED
07-06 00:04:02.851 14334 14334 V ActivityScenario: Activity lifecycle changed event received but ignored because the intent does not match. startActivityIntent=Intent { act=android.intent.action.MAIN cat=[android.intent.category.LAUNCHER] flg=0x10008000 cmp=com.example.cardioassistant/.SplashActivity }, activity.getIntent()=Intent { cmp=com.example.cardioassistant/.HomeActivity }, activity=com.example.cardioassistant.HomeActivity@a8a8419
07-06 00:04:02.853 14334 14334 D LifecycleMonitor: Lifecycle status change: com.example.cardioassistant.HomeActivity@a8a8419 in: RESUMED
07-06 00:04:02.853 14334 14334 V ActivityScenario: Activity lifecycle changed event received but ignored because the intent does not match. startActivityIntent=Intent { act=android.intent.action.MAIN cat=[android.intent.category.LAUNCHER] flg=0x10008000 cmp=com.example.cardioassistant/.SplashActivity }, activity.getIntent()=Intent { cmp=com.example.cardioassistant/.HomeActivity }, activity=com.example.cardioassistant.HomeActivity@a8a8419
07-06 00:04:02.887   470   493 W TransactionTracing: Could not find layer id -1
07-06 00:04:02.888   470   493 W TransactionTracing: Could not find layer id -1
07-06 00:04:02.889   470   493 W TransactionTracing: Could not find layer id -1
07-06 00:04:02.890   470   493 W TransactionTracing: Could not find layer id -1
07-06 00:04:02.891   470   493 W TransactionTracing: Could not find layer id -1
07-06 00:04:02.897   411   453 D goldfish-address-space: claimShared: Ask to claim region [0x3f0000000 0x3f0926000]
07-06 00:04:02.900   411   453 D goldfish-address-space: claimShared: Ask to claim region [0x3f2832000 0x3f3158000]
07-06 00:04:02.903   411   453 D goldfish-address-space: claimShared: Ask to claim region [0x3f66fb000 0x3f7021000]
07-06 00:04:03.050 14334 14361 W Parcel  : Expecting binder but got null!
07-06 00:04:03.058   470   493 W TransactionTracing: Could not find layer id -1
07-06 00:04:03.058   470   493 W TransactionTracing: Could not find layer id -1
07-06 00:04:03.069   614   647 I ActivityTaskManager: Displayed com.example.cardioassistant/.HomeActivity: +284ms
07-06 00:04:03.071 14334 14361 D EGL_emulation: app_time_stats: avg=21.37ms min=10.03ms max=218.70ms count=48
07-06 00:04:03.089   411   453 D goldfish-address-space: claimShared: Ask to claim region [0x3f3b67000 0x3f3b6a000]
07-06 00:04:03.095   411   459 D goldfish-address-space: claimShared: Ask to claim region [0x3f3b6a000 0x3f3b6d000]
07-06 00:04:03.115   411   459 D goldfish-address-space: claimShared: Ask to claim region [0x3f3b6d000 0x3f3c58000]
07-06 00:04:03.134   411   459 D goldfish-address-space: claimShared: Ask to claim region [0x3f3c58000 0x3f3d43000]
07-06 00:04:03.138   614  1526 W Parcel  : Expecting binder but got null!
07-06 00:04:03.145   411   459 D goldfish-address-space: claimShared: Ask to claim region [0x3f3c58000 0x3f3d43000]
07-06 00:04:03.149   989  1140 D EGL_emulation: app_time_stats: avg=16.16ms min=1.75ms max=67.85ms count=55
07-06 00:04:03.155   470   493 W TransactionTracing: Could not find layer id -1
07-06 00:04:03.155   470   493 W TransactionTracing: Could not find layer id -1
07-06 00:04:03.156   470   493 W TransactionTracing: Could not find layer id -1
07-06 00:04:03.163   411   459 D goldfish-address-space: claimShared: Ask to claim region [0x3f3d43000 0x3f3e2e000]
07-06 00:04:03.167   614  1526 W Parcel  : Expecting binder but got null!
07-06 00:04:03.259  1703  1703 I GoogleInputMethodService: GoogleInputMethodService.onFinishInput():3220
07-06 00:04:03.261  1703  1703 I GoogleInputMethodService: GoogleInputMethodService.updateDeviceLockedStatus():2114 repeatCheckTimes = 0, unlocked = true
07-06 00:04:03.261  1703  1703 I GoogleInputMethodService: GoogleInputMethodService.onStartInput():1919 onStartInput(EditorInfo{inputType=0x0(NULL) imeOptions=0x0 privateImeOptions=null actionName=UNSPECIFIED actionLabel=null actionId=0 initialSelStart=-1 initialSelEnd=-1 initialCapsMode=0x0 hintText=null label=null packageName=com.example.cardioassistant fieldId=-1 fieldName=null extras=null}, false)
07-06 00:04:03.262  1703  1703 I GoogleInputMethodService: GoogleInputMethodService.updateDeviceLockedStatus():2114 repeatCheckTimes = 2, unlocked = true
07-06 00:04:03.264  1703  1703 I ShortcutsDataManager: AbstractContentDataManager.startImportContentTask():238 startImportContentTask()
07-06 00:04:03.265  1703  2287 I ShortcutsDataManager: AbstractContentDataManager$ImportContentTask.doInBackground():252 doInBackground()
07-06 00:04:03.265  1703  2287 I PersonalDictionaryDataHandler: PersonalDictionaryDataHandler.beginProcess():111 LanguageTags = [en-US]
07-06 00:04:03.272   470   493 W TransactionTracing: Could not find layer id -1
07-06 00:04:03.273   470   493 W TransactionTracing: Could not find layer id -1
07-06 00:04:03.273   470   493 W TransactionTracing: Could not find layer id -1
07-06 00:04:03.275   470   493 W TransactionTracing: Could not find layer id -1
07-06 00:04:03.285  1703  2287 I ShortcutsDataManager: AbstractContentDataManager.importRecords():342 importRecords() : Success : Count = 0
07-06 00:04:03.289  1703  2287 I ShortcutsDataManager: AbstractContentDataManager.importContentData():292 importContentData() : Ending import process
07-06 00:04:03.290  1703  2520 I Delight5Decoder: Delight5DecoderWrapper.unloadLanguageModel():831 unloadLanguageModel() : 4, version [n/a]
07-06 00:04:03.313  1703  2287 I PersonalLanguageModelUpdater: PersonalLanguageModelUpdater$UpdateOperation.performInternal():160 run() : Added 0 words and 0 shortcuts
07-06 00:04:03.314  1703  2287 I DynamicLanguageModelOperation: DynamicLanguageModelOperation.perform():38 perform() : 4 : ccz : Completed
07-06 00:04:03.314  1703  2520 I Delight5Decoder: Delight5DecoderWrapper.loadLanguageModel():626 loadLanguageModel() : 4, version [n/a]
07-06 00:04:03.315  1703  2520 I Delight5Decoder: Delight5DecoderWrapper.loadLanguageModel():667 Loaded dynamic LM 4.en
