07-06 00:04:07.571 14334 14358 I TestRunner: started: test3updatemeasurement(com.example.cardioassistant.HomeActivityTest)
07-06 00:04:07.578   411   459 D goldfish-address-space: claimShared: Ask to claim region [0x3fa498000 0x3fadbe000]
07-06 00:04:07.583 14334 14358 W Settings: Setting always_finish_activities has moved from android.provider.Settings.System to android.provider.Settings.Global, returning read-only value.
07-06 00:04:07.604  2534  2780 I A       : Using proto config with mendel
07-06 00:04:07.624  2534  2780 I A       : Using proto config with mendel
07-06 00:04:07.671  1703  1703 I GoogleInputMethodService: GoogleInputMethodService.onFinishInput():3220
07-06 00:04:07.673  1703  1703 I GoogleInputMethodService: GoogleInputMethodService.updateDeviceLockedStatus():2114 repeatCheckTimes = 0, unlocked = true
07-06 00:04:07.674  1703  1703 I GoogleInputMethodService: GoogleInputMethodService.onStartInput():1919 onStartInput(EditorInfo{inputType=0x0(NULL) imeOptions=0x0 privateImeOptions=null actionName=UNSPECIFIED actionLabel=null actionId=0 initialSelStart=-1 initialSelEnd=-1 initialCapsMode=0x0 hintText=null label=null packageName=com.google.android.apps.nexuslauncher fieldId=-1 fieldName=null extras=null}, false)
07-06 00:04:07.675  1703  1703 I GoogleInputMethodService: GoogleInputMethodService.updateDeviceLockedStatus():2114 repeatCheckTimes = 2, unlocked = true
07-06 00:04:07.684   989  1120 D SplashScreenView: Build android.window.SplashScreenView{ad40fcb V.E...... ......ID 0,0-0,0}
07-06 00:04:07.684   989  1120 D SplashScreenView: Icon: view: null drawable: null size: 0
07-06 00:04:07.684   989  1120 D SplashScreenView: Branding: view: android.view.View{b1cc3a8 G.ED..... ......I. 0,0-0,0 #10204db android:id/splashscreen_branding_view} drawable: null size w: 0 h: 0
07-06 00:04:07.688   470   493 W TransactionTracing: Could not find layer handle 0x790bf1e41070
07-06 00:04:07.704 14334 14334 D LifecycleMonitor: Lifecycle status change: com.example.cardioassistant.SplashActivity@a84483a in: PRE_ON_CREATE
07-06 00:04:07.704 14334 14334 V ActivityScenario: Activity lifecycle changed event received but ignored because the reported transition was not ON_CREATE while the last known transition was PRE_ON_CREATE
07-06 00:04:07.727 14334 14334 D LifecycleMonitor: Lifecycle status change: com.example.cardioassistant.SplashActivity@a84483a in: CREATED
07-06 00:04:07.728 14334 14334 V ActivityScenario: Update currentActivityStage to CREATED, currentActivity=com.example.cardioassistant.SplashActivity@a84483a
07-06 00:04:07.732 14334 14334 D LifecycleMonitor: Lifecycle status change: com.example.cardioassistant.SplashActivity@a84483a in: STARTED
07-06 00:04:07.732 14334 14334 V ActivityScenario: Update currentActivityStage to STARTED, currentActivity=com.example.cardioassistant.SplashActivity@a84483a
07-06 00:04:07.735 14334 14334 D LifecycleMonitor: Lifecycle status change: com.example.cardioassistant.SplashActivity@a84483a in: RESUMED
07-06 00:04:07.735 14334 14334 V ActivityScenario: Update currentActivityStage to RESUMED, currentActivity=com.example.cardioassistant.SplashActivity@a84483a
07-06 00:04:07.751   411   459 D goldfish-address-space: claimShared: Ask to claim region [0x3fadbe000 0x3fb6e4000]
07-06 00:04:07.758   411   459 D goldfish-address-space: claimShared: Ask to claim region [0x3fedbe000 0x3ff6e4000]
07-06 00:04:07.760   411   459 D goldfish-address-space: claimShared: Ask to claim region [0x3ec000000 0x3ec926000]
07-06 00:04:07.770   411   459 D goldfish-address-space: claimShared: Ask to claim region [0x3ec926000 0x3ed24c000]
07-06 00:04:07.772   470   493 W TransactionTracing: Could not find layer handle 0x790bf1e3f5d0
07-06 00:04:07.772   470   493 W TransactionTracing: Could not find layer handle 0x790bf1e3e1f0
07-06 00:04:07.772   470   493 W TransactionTracing: Could not find layer id -1
07-06 00:04:07.775   411   459 D goldfish-address-space: claimShared: Ask to claim region [0x3ed24c000 0x3edb72000]
07-06 00:04:07.779   411   459 D goldfish-address-space: claimShared: Ask to claim region [0x3edb72000 0x3ee498000]
07-06 00:04:07.789   989  1140 W Parcel  : Expecting binder but got null!
07-06 00:04:07.790 14334 14361 W Parcel  : Expecting binder but got null!
07-06 00:04:07.802   614   647 W ziparchive: Unable to open '/data/app/~~CQAhIATh-ewxMf725pptGg==/com.example.cardioassistant-lkiRLI-wVJ9m3ms-Q5_6vA==/base.dm': No such file or directory
07-06 00:04:07.803   614   647 I ActivityTaskManager: Displayed com.example.cardioassistant/.SplashActivity: +155ms
07-06 00:04:07.843  1703  1703 I GoogleInputMethodService: GoogleInputMethodService.onFinishInput():3220
07-06 00:04:07.845  1703  1703 I GoogleInputMethodService: GoogleInputMethodService.updateDeviceLockedStatus():2114 repeatCheckTimes = 0, unlocked = true
07-06 00:04:07.847  1703  1703 I GoogleInputMethodService: GoogleInputMethodService.onStartInput():1919 onStartInput(EditorInfo{inputType=0x0(NULL) imeOptions=0x0 privateImeOptions=null actionName=UNSPECIFIED actionLabel=null actionId=0 initialSelStart=-1 initialSelEnd=-1 initialCapsMode=0x0 hintText=null label=null packageName=com.example.cardioassistant fieldId=-1 fieldName=null extras=null}, false)
07-06 00:04:07.849  1703  1703 I GoogleInputMethodService: GoogleInputMethodService.updateDeviceLockedStatus():2114 repeatCheckTimes = 2, unlocked = true
07-06 00:04:07.938   470   493 W TransactionTracing: Could not find layer handle 0x790bf1e3c7b0
07-06 00:04:07.951   614  1978 W InputManager-JNI: Input channel object 'eacba93 Splash Screen com.example.cardioassistant.test (client)' was disposed without first being removed with the input manager!
07-06 00:04:07.971   470   493 W TransactionTracing: Could not find layer id -1
07-06 00:04:07.991   614  2176 W InputManager-JNI: Input channel object '90837ad com.example.cardioassistant.test/androidx.test.core.app.InstrumentationActivityInvoker$EmptyActivity (client)' was disposed without first being removed with the input manager!
07-06 00:04:08.005   470   493 W TransactionTracing: Could not find layer handle 0x790bf1e3aad0
07-06 00:04:08.005   470   493 W TransactionTracing: Could not find layer handle 0x790bf1e3aa10
07-06 00:04:08.085  1188  1531 D BtGatt.ScanManager: uid 10104 isForeground true scanMode -1
07-06 00:04:08.085  1188  1531 D BtGatt.ScanManager: uid 10104 isForeground true scanMode -1
07-06 00:04:08.088   470   493 W TransactionTracing: Could not find layer handle 0x790bf1e3ad70
07-06 00:04:08.089   470   493 W TransactionTracing: Could not find layer handle 0x790bf1e3c330
07-06 00:04:08.106   470   493 W TransactionTracing: Could not find layer handle 0x790bf1e40890
07-06 00:04:08.106   470   493 W TransactionTracing: Could not find layer handle 0x790bf1e3ff90
07-06 00:04:08.106   470   493 W TransactionTracing: Could not find layer handle 0x790bf1e3ae30
07-06 00:04:08.117  2534 10892 I PBSessionCacheImpl: Deleted sessionId[11146338437364359] from persistence.
07-06 00:04:08.122   470   493 W TransactionTracing: Could not find layer handle 0x790bf1e3c270
07-06 00:04:08.122   470   493 W TransactionTracing: Could not find layer handle 0x790bf1e3a110
07-06 00:04:08.150  2534  2780 W SearchServiceCore: Abort, client detached.
07-06 00:04:08.155   470   493 W TransactionTracing: Could not find layer handle 0x790bf1e41d90
07-06 00:04:08.165   614  2372 W InputManager-JNI: Input channel object '7c220af Splash Screen com.example.cardioassistant (client)' was disposed without first being removed with the input manager!
07-06 00:04:08.167   989  1140 D EGL_emulation: app_time_stats: avg=18.64ms min=2.10ms max=52.99ms count=44
07-06 00:04:08.560 14334 14334 D LifecycleMonitor: Lifecycle status change: com.example.cardioassistant.SplashActivity@a84483a in: PAUSED
07-06 00:04:08.560 14334 14334 V ActivityScenario: Update currentActivityStage to PAUSED, currentActivity=com.example.cardioassistant.SplashActivity@a84483a
07-06 00:04:08.569 14334 14334 D LifecycleMonitor: Lifecycle status change: com.example.cardioassistant.LoginActivity@2358aa7 in: PRE_ON_CREATE
07-06 00:04:08.569 14334 14334 V ActivityScenario: Activity lifecycle changed event received but ignored because the intent does not match. startActivityIntent=Intent { act=android.intent.action.MAIN cat=[android.intent.category.LAUNCHER] flg=0x10008000 cmp=com.example.cardioassistant/.SplashActivity }, activity.getIntent()=Intent { flg=0x10000000 cmp=com.example.cardioassistant/.LoginActivity }, activity=com.example.cardioassistant.LoginActivity@2358aa7
07-06 00:04:08.588 14334 14334 D AutofillManager: Fill dialog is enabled:false, hints=[password, passwordAuto, creditCardNumber, creditCardSecurityCode, creditCardExpirationDate]
07-06 00:04:08.601 14334 14334 D LifecycleMonitor: Lifecycle status change: com.example.cardioassistant.LoginActivity@2358aa7 in: CREATED
07-06 00:04:08.601 14334 14334 V ActivityScenario: Activity lifecycle changed event received but ignored because the intent does not match. startActivityIntent=Intent { act=android.intent.action.MAIN cat=[android.intent.category.LAUNCHER] flg=0x10008000 cmp=com.example.cardioassistant/.SplashActivity }, activity.getIntent()=Intent { flg=0x10000000 cmp=com.example.cardioassistant/.LoginActivity }, activity=com.example.cardioassistant.LoginActivity@2358aa7
07-06 00:04:08.603 14334 14334 D LifecycleMonitor: Lifecycle status change: com.example.cardioassistant.LoginActivity@2358aa7 in: STARTED
07-06 00:04:08.605 14334 14334 V ActivityScenario: Activity lifecycle changed event received but ignored because the intent does not match. startActivityIntent=Intent { act=android.intent.action.MAIN cat=[android.intent.category.LAUNCHER] flg=0x10008000 cmp=com.example.cardioassistant/.SplashActivity }, activity.getIntent()=Intent { flg=0x10000000 cmp=com.example.cardioassistant/.LoginActivity }, activity=com.example.cardioassistant.LoginActivity@2358aa7
07-06 00:04:08.607 14334 14334 D LifecycleMonitor: Lifecycle status change: com.example.cardioassistant.LoginActivity@2358aa7 in: RESUMED
07-06 00:04:08.607 14334 14334 V ActivityScenario: Activity lifecycle changed event received but ignored because the intent does not match. startActivityIntent=Intent { act=android.intent.action.MAIN cat=[android.intent.category.LAUNCHER] flg=0x10008000 cmp=com.example.cardioassistant/.SplashActivity }, activity.getIntent()=Intent { flg=0x10000000 cmp=com.example.cardioassistant/.LoginActivity }, activity=com.example.cardioassistant.LoginActivity@2358aa7
07-06 00:04:08.637   411   459 D goldfish-address-space: claimShared: Ask to claim region [0x3ec000000 0x3ec926000]
07-06 00:04:08.638 14334 14334 D AutofillManager: Trigger fill request at view entered
07-06 00:04:08.645   470   493 W TransactionTracing: Could not find layer id -1
07-06 00:04:08.656   411   459 D goldfish-address-space: claimShared: Ask to claim region [0x3ee498000 0x3eedbe000]
07-06 00:04:08.660   411   459 D goldfish-address-space: claimShared: Ask to claim region [0x3eedbe000 0x3ef6e4000]
07-06 00:04:08.664 14334 14361 W Parcel  : Expecting binder but got null!
07-06 00:04:08.675   614   647 I ActivityTaskManager: Displayed com.example.cardioassistant/.LoginActivity: +122ms
07-06 00:04:08.677 14334 14334 I AssistStructure: Flattened final assist data: 1760 bytes, containing 1 windows, 8 views
07-06 00:04:08.690   411   459 D goldfish-address-space: claimShared: Ask to claim region [0x3ef6e4000 0x3ef6e7000]
07-06 00:04:08.694   411   459 D goldfish-address-space: claimShared: Ask to claim region [0x3ef6e7000 0x3ef6ea000]
07-06 00:04:08.702   411   459 D goldfish-address-space: claimShared: Ask to claim region [0x3ef6ea000 0x3ef7d5000]
07-06 00:04:08.713   411   459 D goldfish-address-space: claimShared: Ask to claim region [0x3ef7d5000 0x3ef8c0000]
07-06 00:04:08.714   614  1526 W Parcel  : Expecting binder but got null!
07-06 00:04:08.716   411   459 D goldfish-address-space: claimShared: Ask to claim region [0x3ef7d5000 0x3ef8c0000]
07-06 00:04:08.728   411   459 D goldfish-address-space: claimShared: Ask to claim region [0x3ef8c0000 0x3ef9ab000]
07-06 00:04:08.730   614  1526 W Parcel  : Expecting binder but got null!
07-06 00:04:08.807  1703  1703 I GoogleInputMethodService: GoogleInputMethodService.onFinishInput():3220
07-06 00:04:08.809  1703  1703 I GoogleInputMethodService: GoogleInputMethodService.updateDeviceLockedStatus():2114 repeatCheckTimes = 0, unlocked = true
07-06 00:04:08.814  1703  1703 I GoogleInputMethodService: GoogleInputMethodService.onStartInput():1919 onStartInput(EditorInfo{inputType=0x0(NULL) imeOptions=0x0 privateImeOptions=null actionName=UNSPECIFIED actionLabel=null actionId=0 initialSelStart=-1 initialSelEnd=-1 initialCapsMode=0x0 hintText=null label=null packageName=com.example.cardioassistant fieldId=-1 fieldName=null extras=null}, false)
07-06 00:04:08.815  1703  1703 I GoogleInputMethodService: GoogleInputMethodService.updateDeviceLockedStatus():2114 repeatCheckTimes = 2, unlocked = true
07-06 00:04:08.820   470   493 W TransactionTracing: Could not find layer handle 0x790bf1e404d0
07-06 00:04:08.822   470   493 W TransactionTracing: Could not find layer id -1
07-06 00:04:08.822   470   493 W TransactionTracing: Could not find layer id -1
07-06 00:04:08.824   470   493 W TransactionTracing: Could not find layer id -1
07-06 00:04:08.827   470   493 W TransactionTracing: Could not find layer id -1
07-06 00:04:08.827   470   493 W TransactionTracing: Could not find layer id -1
07-06 00:04:08.827   470   493 W TransactionTracing: Could not find layer id -1
07-06 00:04:08.828   470   493 W TransactionTracing: Could not find layer id -1
07-06 00:04:08.828   470   493 W TransactionTracing: Could not find layer id -1
07-06 00:04:08.837  1353  1353 W svc     : Pending fill request while another request in the same session was triggered. [CONTEXT service_id=177 ]
07-06 00:04:08.849  1740  1740 V InlineSuggestionRenderService: handleDestroySuggestionViews called for 0:1331693237
07-06 00:04:08.853  1353  5871 I .gms.persistent: oneway function results for code 1 on binder at 0x76771ed724e0 will be dropped but finished with status UNKNOWN_TRANSACTION and reply parcel size 80
07-06 00:04:09.053   470   493 W TransactionTracing: Could not find layer id -1
07-06 00:04:09.055   470   493 W TransactionTracing: Could not find layer id -1
07-06 00:04:09.193   989  1140 D EGL_emulation: app_time_stats: avg=13.37ms min=1.17ms max=64.38ms count=47
07-06 00:04:09.206   470   493 W TransactionTracing: Could not find layer handle 0x790bf1e41eb0
07-06 00:04:09.209   470   493 W TransactionTracing: Could not find layer handle 0x790bf1e3fc90
07-06 00:04:09.209   470   493 W TransactionTracing: Could not find layer handle 0x790bf1e3e310
07-06 00:04:09.210   470   493 W TransactionTracing: Could not find layer handle 0x790bf1e42870
07-06 00:04:09.212   470   493 W TransactionTracing: Could not find layer handle 0x790bf1e42990
07-06 00:04:09.214   470   493 W TransactionTracing: Could not find layer handle 0x790bf1e3f990
07-06 00:04:09.215   470   493 W TransactionTracing: Could not find layer handle 0x790bf1e42870
07-06 00:04:09.215   470   493 W TransactionTracing: Could not find layer handle 0x790bf1e41eb0
07-06 00:04:09.218 14334 14334 D LifecycleMonitor: Lifecycle status change: com.example.cardioassistant.SplashActivity@a84483a in: STOPPED
07-06 00:04:09.218 14334 14334 V ActivityScenario: Update currentActivityStage to STOPPED, currentActivity=com.example.cardioassistant.SplashActivity@a84483a
07-06 00:04:09.254   470   493 W TransactionTracing: Could not find layer handle 0x790bf1e406b0
07-06 00:04:10.742 14334 14334 D LifecycleMonitor: Lifecycle status change: com.example.cardioassistant.LoginActivity@2358aa7 in: PAUSED
07-06 00:04:10.742 14334 14334 V ActivityScenario: Activity lifecycle changed event received but ignored because the intent does not match. startActivityIntent=Intent { act=android.intent.action.MAIN cat=[android.intent.category.LAUNCHER] flg=0x10008000 cmp=com.example.cardioassistant/.SplashActivity }, activity.getIntent()=Intent { flg=0x10000000 cmp=com.example.cardioassistant/.LoginActivity }, activity=com.example.cardioassistant.LoginActivity@2358aa7
07-06 00:04:10.750 14334 14334 D LifecycleMonitor: Lifecycle status change: com.example.cardioassistant.SplashActivity@a84483a in: DESTROYED
07-06 00:04:10.751 14334 14334 V ActivityScenario: Update currentActivityStage to DESTROYED, currentActivity=null
07-06 00:04:10.758   614  1978 W InputManager-JNI: Input channel object '32c98a8 com.example.cardioassistant/com.example.cardioassistant.SplashActivity (client)' was disposed without first being removed with the input manager!
07-06 00:04:10.767 14334 14334 D LifecycleMonitor: Lifecycle status change: com.example.cardioassistant.LoginActivity@f54d244 in: PRE_ON_CREATE
07-06 00:04:10.767 14334 14334 V ActivityScenario: Activity lifecycle changed event received but ignored because the intent does not match. startActivityIntent=Intent { act=android.intent.action.MAIN cat=[android.intent.category.LAUNCHER] flg=0x10008000 cmp=com.example.cardioassistant/.SplashActivity }, activity.getIntent()=Intent { cmp=com.example.cardioassistant/.LoginActivity }, activity=com.example.cardioassistant.LoginActivity@f54d244
07-06 00:04:10.772   470   493 W TransactionTracing: Could not find layer handle 0x790bf1e3ba90
07-06 00:04:10.773   470   493 W TransactionTracing: Could not find layer handle 0x790bf1e3dcb0
07-06 00:04:10.786 14334 14334 D AutofillManager: Fill dialog is enabled:false, hints=[password, passwordAuto, creditCardNumber, creditCardSecurityCode, creditCardExpirationDate]
07-06 00:04:10.793 14334 14334 D LifecycleMonitor: Lifecycle status change: com.example.cardioassistant.LoginActivity@f54d244 in: CREATED
07-06 00:04:10.793 14334 14334 V ActivityScenario: Activity lifecycle changed event received but ignored because the intent does not match. startActivityIntent=Intent { act=android.intent.action.MAIN cat=[android.intent.category.LAUNCHER] flg=0x10008000 cmp=com.example.cardioassistant/.SplashActivity }, activity.getIntent()=Intent { cmp=com.example.cardioassistant/.LoginActivity }, activity=com.example.cardioassistant.LoginActivity@f54d244
07-06 00:04:10.795 14334 14334 D LifecycleMonitor: Lifecycle status change: com.example.cardioassistant.LoginActivity@f54d244 in: STARTED
07-06 00:04:10.796 14334 14334 V ActivityScenario: Activity lifecycle changed event received but ignored because the intent does not match. startActivityIntent=Intent { act=android.intent.action.MAIN cat=[android.intent.category.LAUNCHER] flg=0x10008000 cmp=com.example.cardioassistant/.SplashActivity }, activity.getIntent()=Intent { cmp=com.example.cardioassistant/.LoginActivity }, activity=com.example.cardioassistant.LoginActivity@f54d244
07-06 00:04:10.796 14334 14334 D LifecycleMonitor: Lifecycle status change: com.example.cardioassistant.LoginActivity@f54d244 in: RESUMED
07-06 00:04:10.797 14334 14334 V ActivityScenario: Activity lifecycle changed event received but ignored because the intent does not match. startActivityIntent=Intent { act=android.intent.action.MAIN cat=[android.intent.category.LAUNCHER] flg=0x10008000 cmp=com.example.cardioassistant/.SplashActivity }, activity.getIntent()=Intent { cmp=com.example.cardioassistant/.LoginActivity }, activity=com.example.cardioassistant.LoginActivity@f54d244
07-06 00:04:10.821   411   459 D goldfish-address-space: claimShared: Ask to claim region [0x3ec926000 0x3ed24c000]
07-06 00:04:10.830 14334 14334 D AutofillManager: Trigger fill request at view entered
07-06 00:04:10.834   411   459 D goldfish-address-space: claimShared: Ask to claim region [0x3ed24c000 0x3edb72000]
07-06 00:04:10.836   411   459 D goldfish-address-space: claimShared: Ask to claim region [0x3edb72000 0x3ee498000]
07-06 00:04:10.851 14334 14361 W Parcel  : Expecting binder but got null!
07-06 00:04:10.863   614   647 I ActivityTaskManager: Displayed com.example.cardioassistant/.LoginActivity: +130ms
07-06 00:04:10.867 14334 14334 I AssistStructure: Flattened final assist data: 1760 bytes, containing 1 windows, 8 views
07-06 00:04:10.872   411   459 D goldfish-address-space: claimShared: Ask to claim region [0x3ef6ea000 0x3ef6ed000]
07-06 00:04:10.879   411   453 D goldfish-address-space: claimShared: Ask to claim region [0x3ef6ed000 0x3ef6f0000]
07-06 00:04:10.890   411   459 D goldfish-address-space: claimShared: Ask to claim region [0x3ef6f0000 0x3ef7db000]
07-06 00:04:10.900   411   459 D goldfish-address-space: claimShared: Ask to claim region [0x3ef7db000 0x3ef8c6000]
07-06 00:04:10.902   614  1526 W Parcel  : Expecting binder but got null!
07-06 00:04:10.903   411   459 D goldfish-address-space: claimShared: Ask to claim region [0x3ef8c6000 0x3ef9b1000]
07-06 00:04:10.915   411   459 D goldfish-address-space: claimShared: Ask to claim region [0x3ef9b1000 0x3efa9c000]
07-06 00:04:10.917   614  1526 W Parcel  : Expecting binder but got null!
07-06 00:04:11.008  1703  1703 I GoogleInputMethodService: GoogleInputMethodService.onFinishInput():3220
07-06 00:04:11.009  1703  1703 I GoogleInputMethodService: GoogleInputMethodService.updateDeviceLockedStatus():2114 repeatCheckTimes = 0, unlocked = true
07-06 00:04:11.014  1703  1703 I GoogleInputMethodService: GoogleInputMethodService.onStartInput():1919 onStartInput(EditorInfo{inputType=0x0(NULL) imeOptions=0x0 privateImeOptions=null actionName=UNSPECIFIED actionLabel=null actionId=0 initialSelStart=-1 initialSelEnd=-1 initialCapsMode=0x0 hintText=null label=null packageName=com.example.cardioassistant fieldId=-1 fieldName=null extras=null}, false)
07-06 00:04:11.017  1703  1703 I GoogleInputMethodService: GoogleInputMethodService.updateDeviceLockedStatus():2114 repeatCheckTimes = 2, unlocked = true
07-06 00:04:11.025   470   493 W TransactionTracing: Could not find layer handle 0x790bf1e3acb0
07-06 00:04:11.035  1353  1353 W svc     : Pending fill request while another request in the same session was triggered. [CONTEXT service_id=177 ]
07-06 00:04:11.044  1740  1740 V InlineSuggestionRenderService: handleDestroySuggestionViews called for 0:1148759989
07-06 00:04:11.054  1353  5871 I .gms.persistent: oneway function results for code 1 on binder at 0x76771ed59d30 will be dropped but finished with status UNKNOWN_TRANSACTION and reply parcel size 80
07-06 00:04:11.405   470   493 W TransactionTracing: Could not find layer handle 0x790bf1e3bfd0
07-06 00:04:11.407   470   493 W TransactionTracing: Could not find layer handle 0x790bf1e43050
07-06 00:04:11.408   470   493 W TransactionTracing: Could not find layer handle 0x790bf1e3a890
07-06 00:04:11.410   470   493 W TransactionTracing: Could not find layer handle 0x790bf1e3c5d0
07-06 00:04:11.411   470   493 W TransactionTracing: Could not find layer handle 0x790bf1e42990
07-06 00:04:11.411   470   493 W TransactionTracing: Could not find layer handle 0x790bf1e3cb10
07-06 00:04:11.412   470   493 W TransactionTracing: Could not find layer handle 0x790bf1e3c5d0
07-06 00:04:11.412   470   493 W TransactionTracing: Could not find layer handle 0x790bf1e3bfd0
07-06 00:04:11.415 14334 14334 D LifecycleMonitor: Lifecycle status change: com.example.cardioassistant.LoginActivity@2358aa7 in: STOPPED
07-06 00:04:11.416 14334 14334 V ActivityScenario: Activity lifecycle changed event received but ignored because the intent does not match. startActivityIntent=Intent { act=android.intent.action.MAIN cat=[android.intent.category.LAUNCHER] flg=0x10008000 cmp=com.example.cardioassistant/.SplashActivity }, activity.getIntent()=Intent { flg=0x10000000 cmp=com.example.cardioassistant/.LoginActivity }, activity=com.example.cardioassistant.LoginActivity@2358aa7
07-06 00:04:11.438   470   493 W TransactionTracing: Could not find layer handle 0x790bf1e3fab0
07-06 00:04:12.536 14446 14457 W oassistant.test: Cleared Reference was only reachable from finalizer (only reported once)
07-06 00:04:13.091 14334 14334 I ViewInteraction: Performing 'replace text()' action on view view.getId() is <2131230983/com.example.cardioassistant:id/login_email_view>
07-06 00:04:13.109 14334 14334 I ViewInteraction: Performing 'type text(ridoy@gmail.com)' action on view view.getId() is <2131230983/com.example.cardioassistant:id/login_email_view>
07-06 00:04:13.113  1338  1338 D TaplEvents: TIS / TouchInteractionService.onInputEvent: MotionEvent { action=ACTION_DOWN, actionButton=0, id[0]=0, x[0]=539.5, y[0]=858.0, toolType[0]=TOOL_TYPE_UNKNOWN, buttonState=BUTTON_PRIMARY, classification=NONE, metaState=0, flags=0x0, edgeFlags=0x0, pointerCount=1, historySize=0, eventTime=2091619, downTime=2091619, deviceId=-1, source=0x1002, displayId=0, eventId=-1021851875 }
07-06 00:04:13.155  1338  1338 D TaplEvents: TIS / TouchInteractionService.onInputEvent: MotionEvent { action=ACTION_UP, actionButton=0, id[0]=0, x[0]=539.5, y[0]=858.0, toolType[0]=TOOL_TYPE_FINGER, buttonState=BUTTON_PRIMARY, classification=NONE, metaState=0, flags=0x0, edgeFlags=0x0, pointerCount=1, historySize=0, eventTime=2091660, downTime=2091619, deviceId=-1, source=0x1002, displayId=0, eventId=-28404619 }
07-06 00:04:13.157  1703  1703 I GoogleInputMethodService: GoogleInputMethodService.onFinishInput():3220
07-06 00:04:13.159 14334 14334 D InputMethodManager: showSoftInput() view=androidx.appcompat.widget.AppCompatEditText{85d19b3 VFED..CL. .F.P..ID 31,710-1049,875 #7f080107 app:id/login_email_view aid=1073741824} flags=0 reason=SHOW_SOFT_INPUT
07-06 00:04:13.160  1703  1703 I GoogleInputMethodService: GoogleInputMethodService.updateDeviceLockedStatus():2114 repeatCheckTimes = 0, unlocked = true
07-06 00:04:13.161  1703  1703 I GoogleInputMethodService: GoogleInputMethodService.onStartInput():1919 onStartInput(EditorInfo{inputType=0x21(EmailAddress) imeOptions=0x8000005 privateImeOptions=null actionName=NEXT actionLabel=null actionId=0 initialSelStart=0 initialSelEnd=0 initialCapsMode=0x0 hintText=non-empty label=null packageName=com.example.cardioassistant fieldId=2131230983 fieldName=null extras=Bundle[mParcelledData.dataSize=240]}, false)
07-06 00:04:13.161  1703  1703 I GoogleInputMethodService: GoogleInputMethodService.updateDeviceLockedStatus():2114 repeatCheckTimes = 2, unlocked = true
07-06 00:04:13.165  1703  1703 I DeviceModeUtil: DeviceModeUtil.getDeviceMode():117 Get device mode phone by ui mode:1 and smallestScreenWidthDp:393
07-06 00:04:13.166  1703  1703 I GoogleInputMethodService: GoogleInputMethodService.onStartInputView():2023 onStartInputView(EditorInfo{inputType=0x21(EmailAddress) imeOptions=0x8000005 privateImeOptions=null actionName=NEXT actionLabel=null actionId=0 initialSelStart=0 initialSelEnd=0 initialCapsMode=0x0 hintText=non-empty label=null packageName=com.example.cardioassistant fieldId=2131230983 fieldName=null extras=Bundle[{android.support.text.emoji.emojiCompat_metadataVersion=8, android.support.text.emoji.emojiCompat_replaceAll=false}]}, false)
07-06 00:04:13.167  1703  1833 I DeviceModeUtil: DeviceModeUtil.getDeviceMode():117 Get device mode phone by ui mode:1 and smallestScreenWidthDp:393
07-06 00:04:13.168  1703  1703 I GoogleInputMethodService: GoogleInputMethodService.updateDeviceLockedStatus():2114 repeatCheckTimes = 2, unlocked = true
07-06 00:04:13.170  1703  1703 I KeyboardViewUtil: KeyboardViewUtil.getKeyboardHeightRatio():168 systemKeyboardHeightRatio:1.000000; userKeyboardHeightRatio:1.000000.
07-06 00:04:13.170  1703  1703 I AndroidIME: AbstractIme.onActivate():91 LatinIme.onActivate() : EditorInfo = inputType=0x21(EmailAddress) imeOptions=0x8000005 privateImeOptions=null actionName=NEXT actionLabel=null actionId=0 initialSelStart=0 initialSelEnd=0 initialCapsMode=0x0 hintText=non-empty label=null packageName=com.example.cardioassistant fieldId=2131230983 fieldName=null extras=Bundle[{android.support.text.emoji.emojiCompat_metadataVersion=8, android.support.text.emoji.emojiCompat_replaceAll=false}], IncognitoMode = false, DeviceLocked = false
07-06 00:04:13.171  1703  1703 I Delight5Facilitator: Delight5Facilitator.initializeForIme():777 initializeForIme() : Locale = [en_US], layout = qwerty
07-06 00:04:13.171  1703  1703 I VoiceInputManagerWrapper: VoiceInputManagerWrapper.cancelShutdown():55 cancelShutdown()
07-06 00:04:13.172  1703  1703 I VoiceInputManagerWrapper: VoiceInputManagerWrapper.syncLanguagePacks():67 syncLanguagePacks()
07-06 00:04:13.172  1703  1703 I LatinIme: LatinIme.updateEnableInlineSuggestionsOnDecoderSideFlags():1295 inline flag updated to:false
07-06 00:04:13.173  1703 11729 I SpeechFactory: SpeechRecognitionFactory.maybeScheduleAutoPackDownloadForFallback():202 maybeScheduleAutoPackDownloadForFallback()
07-06 00:04:13.173  1703 11729 I FallbackOnDeviceRecognitionProvider: FallbackOnDeviceRecognitionProvider.maybeScheduleAutoPackDownload():196 maybeScheduleAutoPackDownload() for language tag en-US
07-06 00:04:13.177  1703  1703 I KeyboardWrapper: KeyboardWrapper.consumeEvent():273 Skip consuming an event as current keyboard is deactivated (state=0, keyboard existence=true)
07-06 00:04:13.187   470   493 W TransactionTracing: Could not find layer id -1
07-06 00:04:13.187   470   493 W TransactionTracing: Could not find layer id -1
07-06 00:04:13.187   470   493 W TransactionTracing: Could not find layer id -1
07-06 00:04:13.187   470   493 W TransactionTracing: Could not find layer id -1
07-06 00:04:13.187   470   493 W TransactionTracing: Could not find layer id -1
07-06 00:04:13.187   470   493 W TransactionTracing: Could not find layer id -1
07-06 00:04:13.188   470   493 W TransactionTracing: Could not find layer id -1
07-06 00:04:13.188   470   493 W TransactionTracing: Could not find layer id -1
07-06 00:04:13.191  1703  1703 I KeyboardViewUtil: KeyboardViewUtil.calculateMaxKeyboardBodyHeight():44 leave 344 height for app when screen height:2088, header height:121 and isFullscreenMode:false, so the max keyboard body height is:1623
07-06 00:04:13.192  1703  1703 I DeviceModeUtil: DeviceModeUtil.getDeviceMode():117 Get device mode phone by ui mode:1 and smallestScreenWidthDp:393
07-06 00:04:13.197  1703  1703 I KeyboardViewUtil: KeyboardViewUtil.calculateMaxKeyboardBodyHeight():44 leave 344 height for app when screen height:2088, header height:121 and isFullscreenMode:false, so the max keyboard body height is:1623
07-06 00:04:13.199  1703  1703 I DeviceModeUtil: DeviceModeUtil.getDeviceMode():117 Get device mode phone by ui mode:1 and smallestScreenWidthDp:393
07-06 00:04:13.206  1703  1703 I DeviceModeUtil: DeviceModeUtil.getDeviceMode():117 Get device mode phone by ui mode:1 and smallestScreenWidthDp:393
07-06 00:04:13.207  1703  1703 I DeviceModeUtil: DeviceModeUtil.getDeviceMode():117 Get device mode phone by ui mode:1 and smallestScreenWidthDp:393
07-06 00:04:13.207  1703  1703 I NormalModeController: NormalModeController.getKeyboardBodyViewHolderPaddingBottom():111 currentPrimeKeyboardType:SOFT systemPaddingBottom:-1
07-06 00:04:13.207  1703  1703 I NormalModeController: NormalModeController.getKeyboardBodyViewHolderPaddingBottom():111 currentPrimeKeyboardType:SOFT systemPaddingBottom:-1
07-06 00:04:13.222  1703  1703 I ProactiveSuggestionsHolderManager: ProactiveSuggestionsHolderManager$3.display():214 Requesting to show proactive suggestions: CLIPBOARD PREEMPTIVE_WITH_SUPPRESSION
07-06 00:04:13.229  1703  1703 I CurrentMicStatusHolder: CurrentMicStatusHolder.onStartInputView():79 Current Mic status = {MicIconHidden-EmailInputType,}
07-06 00:04:13.229  1703  1703 I VoiceImeExtension: VoiceImeExtension.shouldStartVoiceInputAutomatically():382 No private IME option set to start voice input.
07-06 00:04:13.237 14334 14334 W OnBackInvokedCallback: OnBackInvokedCallback is not enabled for the application.
07-06 00:04:13.237 14334 14334 W OnBackInvokedCallback: Set 'android:enableOnBackInvokedCallback="true"' in the application manifest.
07-06 00:04:13.264  9712  9712 D BoundBrokerSvc: onBind: Intent { act=com.google.android.gms.common.BIND_SHARED_PREFS pkg=com.google.android.gms }
07-06 00:04:13.264  9712  9712 D BoundBrokerSvc: Loading bound service for intent: Intent { act=com.google.android.gms.common.BIND_SHARED_PREFS pkg=com.google.android.gms }
07-06 00:04:13.278   411   459 D goldfish-address-space: claimShared: Ask to claim region [0x3ef6f0000 0x3effd0000]
07-06 00:04:13.285  9712  9712 D BoundBrokerSvc: onUnbind: Intent { act=com.google.android.gms.common.BIND_SHARED_PREFS pkg=com.google.android.gms }
07-06 00:04:13.307   411   459 D goldfish-address-space: claimShared: Ask to claim region [0x3ee498000 0x3eed78000]
07-06 00:04:13.320 14334 14334 D InsetsController: show(ime(), fromIme=true)
07-06 00:04:13.323   470   493 W TransactionTracing: Could not find layer id -1
07-06 00:04:13.325  1703  1703 I DeviceModeUtil: DeviceModeUtil.getDeviceMode():117 Get device mode phone by ui mode:1 and smallestScreenWidthDp:393
07-06 00:04:13.329  1703  1703 I DeviceModeUtil: DeviceModeUtil.getDeviceMode():117 Get device mode phone by ui mode:1 and smallestScreenWidthDp:393
07-06 00:04:13.332  1703  1703 I NormalModeController: NormalModeController.getKeyboardBodyViewHolderPaddingBottom():111 currentPrimeKeyboardType:SOFT systemPaddingBottom:-1
07-06 00:04:13.338  1703  2520 I Delight5Decoder: Delight5DecoderWrapper.setKeyboardLayout():442 setKeyboardLayout()
07-06 00:04:13.347   470   493 W TransactionTracing: Could not find layer handle 0x790bf1e42db0
07-06 00:04:13.368   411   459 D goldfish-address-space: claimShared: Ask to claim region [0x3eed78000 0x3ef658000]
07-06 00:04:13.376  9712  9712 D BoundBrokerSvc: onBind: Intent { act=com.google.android.gms.common.BIND_SHARED_PREFS pkg=com.google.android.gms }
07-06 00:04:13.376  9712  9712 D BoundBrokerSvc: Loading bound service for intent: Intent { act=com.google.android.gms.common.BIND_SHARED_PREFS pkg=com.google.android.gms }
07-06 00:04:13.384  9712  9712 D BoundBrokerSvc: onUnbind: Intent { act=com.google.android.gms.common.BIND_SHARED_PREFS pkg=com.google.android.gms }
07-06 00:04:13.403  1703  1703 W TooltipLifecycleManager: TooltipLifecycleManager.dismissTooltips():159 Tooltip with id spell_check_add_to_dictionary not found in tooltipManager.
07-06 00:04:13.423 14334 14334 D UiControllerImpl: Injecting string: "ridoy@gmail.com"
07-06 00:04:13.440   614  2007 D InputDispatcher: Touch mode switch rejected, caller (pid=0, uid=10160) doesn't own the focused window nor none of the previously interacted window
07-06 00:04:13.456   470   493 W TransactionTracing: Could not find layer id -1
07-06 00:04:13.494  1703  1703 I KeyboardViewController: KeyboardViewController.lambda$showSelfAndAncestors$6():610 current view doesn't has the priority com.google.android.apps.inputmethod.latin.keyboard.widget.LatinFixedCountCandidatesHolderView{7060d72 I.E...... ......ID 116,0-952,121 #7f0b13d8 app:id/softkey_holder_fixed_candidates} to show itself, PREEMPTIVE
07-06 00:04:13.500   989  1140 D EGL_emulation: app_time_stats: avg=1076.74ms min=34.31ms max=4126.85ms count=4
07-06 00:04:13.565  1703  1703 W InputContextProxy: InputContextProxy.applyClientDiffInternal():920 Ignore [FetchSuggestions] diff due to stale request: 269<271, inputStateId=225, lastInputStateId=226
07-06 00:04:13.598  1703  1703 I KeyboardViewController: KeyboardViewController.lambda$showSelfAndAncestors$6():610 current view doesn't has the priority com.google.android.apps.inputmethod.latin.keyboard.widget.LatinFixedCountCandidatesHolderView{7060d72 I.E...... ......ID 116,0-952,121 #7f0b13d8 app:id/softkey_holder_fixed_candidates} to show itself, PREEMPTIVE
07-06 00:04:13.635  1703  1703 I KeyboardViewController: KeyboardViewController.lambda$showSelfAndAncestors$6():610 current view doesn't has the priority com.google.android.apps.inputmethod.latin.keyboard.widget.LatinFixedCountCandidatesHolderView{7060d72 I.E...... ......ID 116,0-952,121 #7f0b13d8 app:id/softkey_holder_fixed_candidates} to show itself, PREEMPTIVE
07-06 00:04:13.668  1703  1703 E InputContextLock: InputContextLock.maybeTrackAcquireLockTime():64 Acquire InputContextLock takes 4 ms, mainThreadForSure=true.
07-06 00:04:13.697  1703  1703 W InputContextProxy: InputContextProxy.applyClientDiffInternal():920 Ignore [FetchSuggestions] diff due to stale request: 275<276, inputStateId=231, lastInputStateId=230
07-06 00:04:13.703  1703  1703 I KeyboardViewController: KeyboardViewController.lambda$showSelfAndAncestors$6():610 current view doesn't has the priority com.google.android.apps.inputmethod.latin.keyboard.widget.LatinFixedCountCandidatesHolderView{7060d72 I.E...... ......ID 116,0-952,121 #7f0b13d8 app:id/softkey_holder_fixed_candidates} to show itself, PREEMPTIVE
07-06 00:04:13.874   470   493 W TransactionTracing: Could not find layer id -1
07-06 00:04:14.009 14334 14334 I ViewInteraction: Performing 'send keyCode: 4, metaState: 0 key event' action on view view.getRootView() to equal view
07-06 00:04:14.020  1703  1703 I GoogleInputMethodService: GoogleInputMethodService.onFinishInputView():2266
07-06 00:04:14.021  1703  1703 W TooltipLifecycleManager: TooltipLifecycleManager.dismissTooltips():159 Tooltip with id spell_check_add_to_dictionary not found in tooltipManager.
07-06 00:04:14.034  1703  1703 I InputBundle: InputBundle.consumeEvent():894 Skip consuming an event as keyboard status is 0
07-06 00:04:14.035  1703  1703 I KeyboardWrapper: KeyboardWrapper.consumeEvent():273 Skip consuming an event as current keyboard is deactivated (state=0, keyboard existence=true)
07-06 00:04:14.035  1703  1703 I VoiceInputManagerWrapper: VoiceInputManagerWrapper.shutdown():77 shutdown()
07-06 00:04:14.042  1703  1703 I AndroidIME: AbstractIme.onDeactivate():213 LatinIme.onDeactivate()
07-06 00:04:14.062  1703  5953 E native  : E0000 00:00:1688580254.261615    5953 keyboard.cc:26] Cannot create a keyboard with 0 valid keys
07-06 00:04:14.201 14334 14334 I KeyEventActionBase: Back was pressed but there was no Activity stage transition in 150ms. Pressing back may trigger an activity stage transition if the activity is finished as a result. However, the activity may handle the back behavior in any number of other ways internally as well, such as popping the fragment back stack, dismissing a dialog, otherwise manually transacting fragments, etc.
07-06 00:04:14.206 14334 14334 I ViewInteraction: Performing 'replace text()' action on view view.getId() is <2131230985/com.example.cardioassistant:id/login_password_view>
07-06 00:04:14.226 14334 14361 D EGL_emulation: app_time_stats: avg=134.78ms min=13.33ms max=2260.59ms count=25
07-06 00:04:14.228 14334 14334 I ViewInteraction: Performing 'type text(123456)' action on view view.getId() is <2131230985/com.example.cardioassistant:id/login_password_view>
07-06 00:04:14.232  1338  1338 D TaplEvents: TIS / TouchInteractionService.onInputEvent: MotionEvent { action=ACTION_DOWN, actionButton=0, id[0]=0, x[0]=539.5, y[0]=1119.0, toolType[0]=TOOL_TYPE_UNKNOWN, buttonState=BUTTON_PRIMARY, classification=NONE, metaState=0, flags=0x0, edgeFlags=0x0, pointerCount=1, historySize=0, eventTime=2092738, downTime=2092738, deviceId=-1, source=0x1002, displayId=0, eventId=-81053382 }
07-06 00:04:14.276  1338  1338 D TaplEvents: TIS / TouchInteractionService.onInputEvent: MotionEvent { action=ACTION_UP, actionButton=0, id[0]=0, x[0]=539.5, y[0]=1119.0, toolType[0]=TOOL_TYPE_FINGER, buttonState=BUTTON_PRIMARY, classification=NONE, metaState=0, flags=0x0, edgeFlags=0x0, pointerCount=1, historySize=0, eventTime=2092782, downTime=2092738, deviceId=-1, source=0x1002, displayId=0, eventId=-665594413 }
07-06 00:04:14.281  1703  1703 I GoogleInputMethodService: GoogleInputMethodService.onFinishInput():3220
07-06 00:04:14.281 14334 14334 D InputMethodManager: showSoftInput() view=androidx.appcompat.widget.AppCompatEditText{eaab70 VFED..CL. .F.P..ID 31,971-1049,1136 #7f080109 app:id/login_password_view aid=1073741825} flags=0 reason=SHOW_SOFT_INPUT
07-06 00:04:14.283  1703  1703 I GoogleInputMethodService: GoogleInputMethodService.updateDeviceLockedStatus():2114 repeatCheckTimes = 0, unlocked = true
07-06 00:04:14.283  1703  1703 I GoogleInputMethodService: GoogleInputMethodService.onStartInput():1919 onStartInput(EditorInfo{inputType=0x81(Password) imeOptions=0x4000006 privateImeOptions=null actionName=DONE actionLabel=null actionId=0 initialSelStart=0 initialSelEnd=0 initialCapsMode=0x0 hintText=non-empty label=null packageName=com.example.cardioassistant fieldId=2131230985 fieldName=null extras=Bundle[mParcelledData.dataSize=240]}, false)
07-06 00:04:14.286  1703  1703 I GoogleInputMethodService: GoogleInputMethodService.updateDeviceLockedStatus():2114 repeatCheckTimes = 2, unlocked = true
07-06 00:04:14.297  1703  1703 I DeviceModeUtil: DeviceModeUtil.getDeviceMode():117 Get device mode phone by ui mode:1 and smallestScreenWidthDp:393
07-06 00:04:14.298  1703  1703 I GoogleInputMethodService: GoogleInputMethodService.onStartInputView():2023 onStartInputView(EditorInfo{inputType=0x81(Password) imeOptions=0x4000006 privateImeOptions=null actionName=DONE actionLabel=null actionId=0 initialSelStart=0 initialSelEnd=0 initialCapsMode=0x0 hintText=non-empty label=null packageName=com.example.cardioassistant fieldId=2131230985 fieldName=null extras=Bundle[{android.support.text.emoji.emojiCompat_metadataVersion=8, android.support.text.emoji.emojiCompat_replaceAll=false}]}, false)
07-06 00:04:14.299  1703  1703 I GoogleInputMethodService: GoogleInputMethodService.updateDeviceLockedStatus():2114 repeatCheckTimes = 2, unlocked = true
07-06 00:04:14.302  1703  1833 I DeviceModeUtil: DeviceModeUtil.getDeviceMode():117 Get device mode phone by ui mode:1 and smallestScreenWidthDp:393
07-06 00:04:14.310  1703  1703 I KeyboardViewUtil: KeyboardViewUtil.getKeyboardHeightRatio():168 systemKeyboardHeightRatio:1.000000; userKeyboardHeightRatio:1.000000.
07-06 00:04:14.312  1703  1703 I AndroidIME: AbstractIme.onActivate():91 PasswordIme.onActivate() : EditorInfo = inputType=0x81(Password) imeOptions=0x4000006 privateImeOptions=null actionName=DONE actionLabel=null actionId=0 initialSelStart=0 initialSelEnd=0 initialCapsMode=0x0 hintText=non-empty label=null packageName=com.example.cardioassistant fieldId=2131230985 fieldName=null extras=Bundle[{android.support.text.emoji.emojiCompat_metadataVersion=8, android.support.text.emoji.emojiCompat_replaceAll=false}], IncognitoMode = false, DeviceLocked = false
07-06 00:04:14.316  1703  1703 I KeyboardViewHelper: KeyboardViewHelper.getView():168 Get view with height ratio:1.000000
07-06 00:04:14.320   470   493 W TransactionTracing: Could not find layer id -1
07-06 00:04:14.330  1703  1703 I KeyboardViewUtil: KeyboardViewUtil.calculateMaxKeyboardBodyHeight():44 leave 344 height for app when screen height:2088, header height:121 and isFullscreenMode:false, so the max keyboard body height is:1623
07-06 00:04:14.332  1703  1703 I KeyboardViewUtil: KeyboardViewUtil.calculateMaxKeyboardBodyHeight():44 leave 344 height for app when screen height:2088, header height:121 and isFullscreenMode:false, so the max keyboard body height is:1623
07-06 00:04:14.333  1703  1703 I DeviceModeUtil: DeviceModeUtil.getDeviceMode():117 Get device mode phone by ui mode:1 and smallestScreenWidthDp:393
07-06 00:04:14.334  1703  1703 I DeviceModeUtil: DeviceModeUtil.getDeviceMode():117 Get device mode phone by ui mode:1 and smallestScreenWidthDp:393
07-06 00:04:14.336  1703  1703 I DeviceModeUtil: DeviceModeUtil.getDeviceMode():117 Get device mode phone by ui mode:1 and smallestScreenWidthDp:393
07-06 00:04:14.337  1703  1703 I NormalModeController: NormalModeController.getKeyboardBodyViewHolderPaddingBottom():111 currentPrimeKeyboardType:SOFT systemPaddingBottom:-1
07-06 00:04:14.338  1703  1703 I NormalModeController: NormalModeController.getKeyboardBodyViewHolderPaddingBottom():111 currentPrimeKeyboardType:SOFT systemPaddingBottom:-1
07-06 00:04:14.345  1703  1703 I ProactiveSuggestionsHolderManager: ProactiveSuggestionsHolderManager$3.display():214 Requesting to show proactive suggestions: CLIPBOARD PREEMPTIVE_WITH_SUPPRESSION
07-06 00:04:14.348  1703  1703 I CurrentMicStatusHolder: CurrentMicStatusHolder.onStartInputView():79 Current Mic status = {MicIconHidden-SettingOff,MicIconHidden-PasswordOrNumberOrDateInputType,}
07-06 00:04:14.349  1703  1703 I VoiceImeExtension: VoiceImeExtension.shouldStartVoiceInputAutomatically():382 No private IME option set to start voice input.
07-06 00:04:14.352 14334 14334 W OnBackInvokedCallback: OnBackInvokedCallback is not enabled for the application.
07-06 00:04:14.352 14334 14334 W OnBackInvokedCallback: Set 'android:enableOnBackInvokedCallback="true"' in the application manifest.
07-06 00:04:14.363 14334 14334 D InsetsController: show(ime(), fromIme=true)
07-06 00:04:14.384  9712  9712 D BoundBrokerSvc: onBind: Intent { act=com.google.android.gms.common.BIND_SHARED_PREFS pkg=com.google.android.gms }
07-06 00:04:14.384  9712  9712 D BoundBrokerSvc: Loading bound service for intent: Intent { act=com.google.android.gms.common.BIND_SHARED_PREFS pkg=com.google.android.gms }
07-06 00:04:14.389  1703  2382 D EGL_emulation: app_time_stats: avg=103.04ms min=4.01ms max=372.84ms count=10
07-06 00:04:14.393  1703  1703 I DeviceModeUtil: DeviceModeUtil.getDeviceMode():117 Get device mode phone by ui mode:1 and smallestScreenWidthDp:393
07-06 00:04:14.399  1703  1703 I DeviceModeUtil: DeviceModeUtil.getDeviceMode():117 Get device mode phone by ui mode:1 and smallestScreenWidthDp:393
07-06 00:04:14.404  9712  9712 D BoundBrokerSvc: onUnbind: Intent { act=com.google.android.gms.common.BIND_SHARED_PREFS pkg=com.google.android.gms }
07-06 00:04:14.455  9712  9712 D BoundBrokerSvc: onBind: Intent { act=com.google.android.gms.common.BIND_SHARED_PREFS pkg=com.google.android.gms }
07-06 00:04:14.455  9712  9712 D BoundBrokerSvc: Loading bound service for intent: Intent { act=com.google.android.gms.common.BIND_SHARED_PREFS pkg=com.google.android.gms }
07-06 00:04:14.476  9712  9712 D BoundBrokerSvc: onUnbind: Intent { act=com.google.android.gms.common.BIND_SHARED_PREFS pkg=com.google.android.gms }
07-06 00:04:14.502   989  1140 D EGL_emulation: app_time_stats: avg=16.17ms min=3.26ms max=37.27ms count=59
07-06 00:04:14.527 14334 14334 D UiControllerImpl: Injecting string: "123456"
07-06 00:04:14.533   614  1978 D InputDispatcher: Touch mode switch rejected, caller (pid=0, uid=10160) doesn't own the focused window nor none of the previously interacted window
07-06 00:04:14.561  1703  1703 I KeyboardViewController: KeyboardViewController.lambda$showSelfAndAncestors$6():610 current view doesn't has the priority android.widget.LinearLayout{8d6f189 I.E...... .......D 0,0-1080,121 #7f0b0399 app:id/key_pos_password_header_numbers} to show itself, DEFAULT
07-06 00:04:14.585  1703  1703 I KeyboardViewController: KeyboardViewController.lambda$showSelfAndAncestors$6():610 current view doesn't has the priority android.widget.LinearLayout{8d6f189 I.E...... .......D 0,0-1080,121 #7f0b0399 app:id/key_pos_password_header_numbers} to show itself, DEFAULT
07-06 00:04:14.633  1703  1703 I KeyboardViewController: KeyboardViewController.lambda$showSelfAndAncestors$6():610 current view doesn't has the priority android.widget.LinearLayout{8d6f189 I.E...... .......D 0,0-1080,121 #7f0b0399 app:id/key_pos_password_header_numbers} to show itself, DEFAULT
07-06 00:04:14.680  1703  1703 I KeyboardViewController: KeyboardViewController.lambda$showSelfAndAncestors$6():610 current view doesn't has the priority android.widget.LinearLayout{8d6f189 I.E...... .......D 0,0-1080,121 #7f0b0399 app:id/key_pos_password_header_numbers} to show itself, DEFAULT
07-06 00:04:14.709  1703  1703 I KeyboardViewController: KeyboardViewController.lambda$showSelfAndAncestors$6():610 current view doesn't has the priority android.widget.LinearLayout{8d6f189 I.E...... .......D 0,0-1080,121 #7f0b0399 app:id/key_pos_password_header_numbers} to show itself, DEFAULT
07-06 00:04:14.728  1703  1703 I KeyboardViewController: KeyboardViewController.lambda$showSelfAndAncestors$6():610 current view doesn't has the priority android.widget.LinearLayout{8d6f189 I.E...... .......D 0,0-1080,121 #7f0b0399 app:id/key_pos_password_header_numbers} to show itself, DEFAULT
07-06 00:04:14.733 14334 14334 I ViewInteraction: Performing 'send keyCode: 4, metaState: 0 key event' action on view view.getRootView() to equal view
07-06 00:04:14.746  1703  1703 I GoogleInputMethodService: GoogleInputMethodService.onFinishInputView():2266
07-06 00:04:14.747  1703  1703 W TooltipLifecycleManager: TooltipLifecycleManager.dismissTooltips():159 Tooltip with id spell_check_add_to_dictionary not found in tooltipManager.
07-06 00:04:14.747  1703  1703 I AndroidIME: AbstractIme.onDeactivate():213 PasswordIme.onDeactivate()
07-06 00:04:14.917 14334 14334 I KeyEventActionBase: Back was pressed but there was no Activity stage transition in 150ms. Pressing back may trigger an activity stage transition if the activity is finished as a result. However, the activity may handle the back behavior in any number of other ways internally as well, such as popping the fragment back stack, dismissing a dialog, otherwise manually transacting fragments, etc.
07-06 00:04:14.920 14334 14334 I ViewInteraction: Performing 'single click' action on view view.getId() is <2131230984/com.example.cardioassistant:id/login_loginButton>
07-06 00:04:14.926  1338  1338 D TaplEvents: TIS / TouchInteractionService.onInputEvent: MotionEvent { action=ACTION_DOWN, actionButton=0, id[0]=0, x[0]=539.5, y[0]=1438.5, toolType[0]=TOOL_TYPE_UNKNOWN, buttonState=BUTTON_PRIMARY, classification=NONE, metaState=0, flags=0x0, edgeFlags=0x0, pointerCount=1, historySize=0, eventTime=2093430, downTime=2093430, deviceId=-1, source=0x1002, displayId=0, eventId=-341794736 }
