07-06 00:04:41.722   411   453 D goldfish-address-space: claimShared: Ask to claim region [0x3f3bec000 0x3f3cd7000]
07-06 00:04:41.730   614  1526 W Parcel  : Expecting binder but got null!
07-06 00:04:41.808  1703  1703 I GoogleInputMethodService: GoogleInputMethodService.onFinishInput():3220
07-06 00:04:41.809  1703  1703 I GoogleInputMethodService: GoogleInputMethodService.updateDeviceLockedStatus():2114 repeatCheckTimes = 0, unlocked = true
07-06 00:04:41.810  1703  1703 I GoogleInputMethodService: GoogleInputMethodService.onStartInput():1919 onStartInput(EditorInfo{inputType=0x0(NULL) imeOptions=0x0 privateImeOptions=null actionName=UNSPECIFIED actionLabel=null actionId=0 initialSelStart=-1 initialSelEnd=-1 initialCapsMode=0x0 hintText=null label=null packageName=com.example.cardioassistant fieldId=-1 fieldName=null extras=null}, false)
07-06 00:04:41.810  1703  1703 I GoogleInputMethodService: GoogleInputMethodService.updateDeviceLockedStatus():2114 repeatCheckTimes = 2, unlocked = true
07-06 00:04:41.825   470   493 W TransactionTracing: Could not find layer handle 0x790bf1e3b910
07-06 00:04:42.206   470   493 W TransactionTracing: Could not find layer handle 0x790bf1e3de90
07-06 00:04:42.207   470   493 W TransactionTracing: Could not find layer handle 0x790bf1e3f990
07-06 00:04:42.208   470   493 W TransactionTracing: Could not find layer handle 0x790bf1e389d0
07-06 00:04:42.208   470   493 W TransactionTracing: Could not find layer handle 0x790bf1e41f70
07-06 00:04:42.210   470   493 W TransactionTracing: Could not find layer handle 0x790bf1e3bfd0
07-06 00:04:42.212   470   493 W TransactionTracing: Could not find layer handle 0x790bf1e3ec10
07-06 00:04:42.213   470   493 W TransactionTracing: Could not find layer handle 0x790bf1e41f70
07-06 00:04:42.214   470   493 W TransactionTracing: Could not find layer handle 0x790bf1e3de90
07-06 00:04:42.224 14334 14334 D LifecycleMonitor: Lifecycle status change: com.example.cardioassistant.LoginActivity@1f9ee95 in: STOPPED
07-06 00:04:42.225 14334 14334 V ActivityScenario: Activity lifecycle changed event received but ignored because the intent does not match. startActivityIntent=Intent { act=android.intent.action.MAIN cat=[android.intent.category.LAUNCHER] flg=0x10008000 cmp=com.example.cardioassistant/.SplashActivity }, activity.getIntent()=Intent { cmp=com.example.cardioassistant/.LoginActivity }, activity=com.example.cardioassistant.LoginActivity@1f9ee95
07-06 00:04:42.254   470   493 W TransactionTracing: Could not find layer handle 0x790bf1e40230
07-06 00:04:43.855   989  1140 D EGL_emulation: app_time_stats: avg=115.48ms min=7.26ms max=2012.76ms count=20
07-06 00:04:44.097   614  2007 W InputManager-JNI: Input channel object '3d5287b Toast (client)' was disposed without first being removed with the input manager!
07-06 00:04:44.106   470   493 W TransactionTracing: Could not find layer handle 0x790bf1e3ce10
07-06 00:04:44.106   470   493 W TransactionTracing: Could not find layer handle 0x790bf1e3e910
07-06 00:04:44.106   470   493 W TransactionTracing: Could not find layer handle 0x790bf1e412b0
07-06 00:04:45.432  1703  1715 W SP      : File ref is being finalized but wasn't closed, file: en_cpu_16b072342fa0445f7b8dd639d078f18b[3]
07-06 00:04:45.819 14334 14334 I ViewInteraction: Performing 'single click' action on view view.getId() is <2131231091/com.example.cardioassistant:id/record_recycler_view>
07-06 00:04:45.825  1338  1338 D TaplEvents: TIS / TouchInteractionService.onInputEvent: MotionEvent { action=ACTION_DOWN, actionButton=0, id[0]=0, x[0]=539.5, y[0]=1109.5, toolType[0]=TOOL_TYPE_UNKNOWN, buttonState=BUTTON_PRIMARY, classification=NONE, metaState=0, flags=0x0, edgeFlags=0x0, pointerCount=1, historySize=0, eventTime=2124329, downTime=2124329, deviceId=-1, source=0x1002, displayId=0, eventId=-285999842 }
07-06 00:04:45.825 14334 14334 D AutofillManager: Fill dialog is enabled:false, hints=[password, passwordAuto, creditCardNumber, creditCardSecurityCode, creditCardExpirationDate]
07-06 00:04:45.865  1338  1338 D TaplEvents: TIS / TouchInteractionService.onInputEvent: MotionEvent { action=ACTION_UP, actionButton=0, id[0]=0, x[0]=539.5, y[0]=1109.5, toolType[0]=TOOL_TYPE_FINGER, buttonState=BUTTON_PRIMARY, classification=NONE, metaState=0, flags=0x0, edgeFlags=0x0, pointerCount=1, historySize=0, eventTime=2124372, downTime=2124329, deviceId=-1, source=0x1002, displayId=0, eventId=-742299657 }
07-06 00:04:45.883 14334 14361 D EGL_emulation: app_time_stats: avg=295.37ms min=2.62ms max=3940.30ms count=14
07-06 00:04:45.884   458   578 D AudioFlinger: mixer(0x7ef9619749a0) throttle end: throttle time(37)
07-06 00:04:45.901 14334 14334 D LifecycleMonitor: Lifecycle status change: com.example.cardioassistant.HomeActivity@a45b3e9 in: PAUSED
07-06 00:04:45.902 14334 14334 V ActivityScenario: Activity lifecycle changed event received but ignored because the intent does not match. startActivityIntent=Intent { act=android.intent.action.MAIN cat=[android.intent.category.LAUNCHER] flg=0x10008000 cmp=com.example.cardioassistant/.SplashActivity }, activity.getIntent()=Intent { cmp=com.example.cardioassistant/.HomeActivity }, activity=com.example.cardioassistant.HomeActivity@a45b3e9
07-06 00:04:45.920   470   493 W TransactionTracing: Could not find layer id -1
07-06 00:04:45.937 14334 14334 D LifecycleMonitor: Lifecycle status change: com.example.cardioassistant.UpdateActivity@42f68ae in: PRE_ON_CREATE
07-06 00:04:45.937 14334 14334 V ActivityScenario: Activity lifecycle changed event received but ignored because the intent does not match. startActivityIntent=Intent { act=android.intent.action.MAIN cat=[android.intent.category.LAUNCHER] flg=0x10008000 cmp=com.example.cardioassistant/.SplashActivity }, activity.getIntent()=Intent { cmp=com.example.cardioassistant/.UpdateActivity (has extras) }, activity=com.example.cardioassistant.UpdateActivity@42f68ae
07-06 00:04:45.950 14334 14334 D AutofillManager: Fill dialog is enabled:false, hints=[password, passwordAuto, creditCardNumber, creditCardSecurityCode, creditCardExpirationDate]
07-06 00:04:45.967 14334 14334 D LifecycleMonitor: Lifecycle status change: com.example.cardioassistant.UpdateActivity@42f68ae in: CREATED
07-06 00:04:45.967 14334 14334 V ActivityScenario: Activity lifecycle changed event received but ignored because the intent does not match. startActivityIntent=Intent { act=android.intent.action.MAIN cat=[android.intent.category.LAUNCHER] flg=0x10008000 cmp=com.example.cardioassistant/.SplashActivity }, activity.getIntent()=Intent { cmp=com.example.cardioassistant/.UpdateActivity (has extras) }, activity=com.example.cardioassistant.UpdateActivity@42f68ae
07-06 00:04:45.968 14334 14334 D LifecycleMonitor: Lifecycle status change: com.example.cardioassistant.UpdateActivity@42f68ae in: STARTED
07-06 00:04:45.968 14334 14334 V ActivityScenario: Activity lifecycle changed event received but ignored because the intent does not match. startActivityIntent=Intent { act=android.intent.action.MAIN cat=[android.intent.category.LAUNCHER] flg=0x10008000 cmp=com.example.cardioassistant/.SplashActivity }, activity.getIntent()=Intent { cmp=com.example.cardioassistant/.UpdateActivity (has extras) }, activity=com.example.cardioassistant.UpdateActivity@42f68ae
07-06 00:04:45.969 14334 14334 D LifecycleMonitor: Lifecycle status change: com.example.cardioassistant.UpdateActivity@42f68ae in: RESUMED
07-06 00:04:45.969 14334 14334 V ActivityScenario: Activity lifecycle changed event received but ignored because the intent does not match. startActivityIntent=Intent { act=android.intent.action.MAIN cat=[android.intent.category.LAUNCHER] flg=0x10008000 cmp=com.example.cardioassistant/.SplashActivity }, activity.getIntent()=Intent { cmp=com.example.cardioassistant/.UpdateActivity (has extras) }, activity=com.example.cardioassistant.UpdateActivity@42f68ae
07-06 00:04:46.003   411   453 D goldfish-address-space: claimShared: Ask to claim region [0x3ec000000 0x3ec926000]
07-06 00:04:46.018   411   453 D goldfish-address-space: claimShared: Ask to claim region [0x3ec926000 0x3ed24c000]
07-06 00:04:46.021   411   459 D goldfish-address-space: claimShared: Ask to claim region [0x3ed24c000 0x3edb72000]
07-06 00:04:46.050 14334 14361 W Parcel  : Expecting binder but got null!
07-06 00:04:46.085   614   647 I ActivityTaskManager: Displayed com.example.cardioassistant/.UpdateActivity: +207ms
07-06 00:04:46.106   411   459 D goldfish-address-space: claimShared: Ask to claim region [0x3eff8c000 0x3eff8f000]
07-06 00:04:46.108   411   453 D goldfish-address-space: claimShared: Ask to claim region [0x3eff8f000 0x3eff92000]
07-06 00:04:46.116  1703  1703 W AndroidSpellCheckerService: AndroidSpellCheckerService.initialize():81 initialize...
07-06 00:04:46.117  1703  1703 I ShortcutsDataManager: ShortcutsDataManager.onContentChanged():70 onContentChanged()
07-06 00:04:46.117  1703  1703 I ContactsDataManager: ContactsDataManager.onContentChanged():155 onContentChanged()
07-06 00:04:46.117  1703  1703 W AndroidSpellCheckerService: AndroidSpellCheckerService.initialize():93 initialize...done
07-06 00:04:46.130 14334 14334 I AssistStructure: Flattened final assist data: 3000 bytes, containing 1 windows, 12 views
07-06 00:04:46.141   411   453 D goldfish-address-space: claimShared: Ask to claim region [0x3ef6e4000 0x3ef7cf000]
07-06 00:04:46.155   411   453 D goldfish-address-space: claimShared: Ask to claim region [0x3ef7cf000 0x3ef8ba000]
07-06 00:04:46.158   470   493 W TransactionTracing: Could not find layer id -1
07-06 00:04:46.158   614  1526 W Parcel  : Expecting binder but got null!
07-06 00:04:46.158   470   493 W TransactionTracing: Could not find layer id -1
07-06 00:04:46.158   470   493 W TransactionTracing: Could not find layer id -1
07-06 00:04:46.158   470   493 W TransactionTracing: Could not find layer id -1
07-06 00:04:46.159   470   493 W TransactionTracing: Could not find layer id -1
07-06 00:04:46.160   470   493 W TransactionTracing: Could not find layer id -1
07-06 00:04:46.165   411   453 D goldfish-address-space: claimShared: Ask to claim region [0x3ef7cf000 0x3ef8ba000]
07-06 00:04:46.179   411   453 D goldfish-address-space: claimShared: Ask to claim region [0x3f3bec000 0x3f3cd7000]
07-06 00:04:46.181   614  1526 W Parcel  : Expecting binder but got null!
07-06 00:04:46.187   470   493 W TransactionTracing: Could not find layer id -1
07-06 00:04:46.262  1703  1703 I GoogleInputMethodService: GoogleInputMethodService.onFinishInput():3220
07-06 00:04:46.264  1703  1703 I GoogleInputMethodService: GoogleInputMethodService.updateDeviceLockedStatus():2114 repeatCheckTimes = 0, unlocked = true
07-06 00:04:46.264  1703  1703 W KeyboardViewController: KeyboardViewController.show():493 Requesting to show sub view with id 2131428249(#0x7f0b0399) when keyboard HEADER view is not ready to show
07-06 00:04:46.264  1703  1703 I GoogleInputMethodService: GoogleInputMethodService.onStartInput():1919 onStartInput(EditorInfo{inputType=0x0(NULL) imeOptions=0x0 privateImeOptions=null actionName=UNSPECIFIED actionLabel=null actionId=0 initialSelStart=-1 initialSelEnd=-1 initialCapsMode=0x0 hintText=null label=null packageName=com.example.cardioassistant fieldId=-1 fieldName=null extras=null}, false)
07-06 00:04:46.265  1703  1703 I GoogleInputMethodService: GoogleInputMethodService.updateDeviceLockedStatus():2114 repeatCheckTimes = 2, unlocked = true
07-06 00:04:46.266  1703  1703 I ShortcutsDataManager: AbstractContentDataManager.startImportContentTask():238 startImportContentTask()
07-06 00:04:46.267  1703  2287 I ShortcutsDataManager: AbstractContentDataManager$ImportContentTask.doInBackground():252 doInBackground()
07-06 00:04:46.268  1703  2287 I PersonalDictionaryDataHandler: PersonalDictionaryDataHandler.beginProcess():111 LanguageTags = [en-US]
07-06 00:04:46.270   470   493 W TransactionTracing: Could not find layer id -1
07-06 00:04:46.271   470   493 W TransactionTracing: Could not find layer id -1
07-06 00:04:46.286  1703  2287 I ShortcutsDataManager: AbstractContentDataManager.importRecords():342 importRecords() : Success : Count = 0
07-06 00:04:46.292  1703  2287 I ShortcutsDataManager: AbstractContentDataManager.importContentData():292 importContentData() : Ending import process
07-06 00:04:46.292  1703  2520 I Delight5Decoder: Delight5DecoderWrapper.unloadLanguageModel():831 unloadLanguageModel() : 4, version [n/a]
07-06 00:04:46.303   470   493 W TransactionTracing: Could not find layer id -1
07-06 00:04:46.310  1703  2287 I PersonalLanguageModelUpdater: PersonalLanguageModelUpdater$UpdateOperation.performInternal():160 run() : Added 0 words and 0 shortcuts
07-06 00:04:46.310  1703  2287 I DynamicLanguageModelOperation: DynamicLanguageModelOperation.perform():38 perform() : 4 : ccz : Completed
07-06 00:04:46.310  1703  2520 I Delight5Decoder: Delight5DecoderWrapper.loadLanguageModel():626 loadLanguageModel() : 4, version [n/a]
07-06 00:04:46.312  1703  1703 I ShortcutsDataManager: AbstractContentDataManager$ImportContentTask.onPostExecute():263 onPostExecute() : Result = [2,0]
07-06 00:04:46.312  1703  1703 I ShortcutsDataManager: ShortcutsDataManager.onImportFinished():80 onImportFinished() : Result = 2 : Count = 0
07-06 00:04:46.312  1703  2520 I Delight5Decoder: Delight5DecoderWrapper.loadLanguageModel():667 Loaded dynamic LM 4.en
07-06 00:04:46.336   470   493 W TransactionTracing: Could not find layer id -1
07-06 00:04:46.337   470   493 W TransactionTracing: Could not find layer id -1
07-06 00:04:46.337   470   493 W TransactionTracing: Could not find layer id -1
07-06 00:04:46.337   470   493 W TransactionTracing: Could not find layer id -1
07-06 00:04:46.605   470   493 W TransactionTracing: Could not find layer id -1
07-06 00:04:46.654   470   493 W TransactionTracing: Could not find layer handle 0x790bf1e40770
07-06 00:04:46.656   470   493 W TransactionTracing: Could not find layer handle 0x790bf1e3abf0
07-06 00:04:46.658   470   493 W TransactionTracing: Could not find layer handle 0x790bf1e3d110
07-06 00:04:46.658   470   493 W TransactionTracing: Could not find layer handle 0x790bf1e3de30
07-06 00:04:46.658   470   493 W TransactionTracing: Could not find layer handle 0x790bf1e3ea90
07-06 00:04:46.659   470   493 W TransactionTracing: Could not find layer handle 0x790bf1e42270
07-06 00:04:46.660   470   493 W TransactionTracing: Could not find layer handle 0x790bf1e3ea90
07-06 00:04:46.660   470   493 W TransactionTracing: Could not find layer handle 0x790bf1e3abf0
07-06 00:04:46.661 14334 14361 D OpenGLRenderer: endAllActiveAnimators on 0x76780ee23930 (MaterialCardView) with handle 0x76771ed7bf00
07-06 00:04:46.666 14334 14334 D LifecycleMonitor: Lifecycle status change: com.example.cardioassistant.HomeActivity@a45b3e9 in: STOPPED
07-06 00:04:46.666 14334 14334 V ActivityScenario: Activity lifecycle changed event received but ignored because the intent does not match. startActivityIntent=Intent { act=android.intent.action.MAIN cat=[android.intent.category.LAUNCHER] flg=0x10008000 cmp=com.example.cardioassistant/.SplashActivity }, activity.getIntent()=Intent { cmp=com.example.cardioassistant/.HomeActivity }, activity=com.example.cardioassistant.HomeActivity@a45b3e9
07-06 00:04:46.688   470   493 W TransactionTracing: Could not find layer handle 0x790bf1e3f150
07-06 00:04:47.465 14334 14334 I ViewInteraction: Performing 'single click' action on view view.getId() is <2131230741/com.example.cardioassistant:id/Update_DeleteButton>
07-06 00:04:47.471  1338  1338 D TaplEvents: TIS / TouchInteractionService.onInputEvent: MotionEvent { action=ACTION_DOWN, actionButton=0, id[0]=0, x[0]=787.0, y[0]=1870.5, toolType[0]=TOOL_TYPE_UNKNOWN, buttonState=BUTTON_PRIMARY, classification=NONE, metaState=0, flags=0x0, edgeFlags=0x0, pointerCount=1, historySize=0, eventTime=2125974, downTime=2125974, deviceId=-1, source=0x1002, displayId=0, eventId=-905249398 }
07-06 00:04:47.498 14334 14361 D EGL_emulation: app_time_stats: avg=120.71ms min=15.22ms max=1103.62ms count=12
07-06 00:04:47.511  1338  1338 D TaplEvents: TIS / TouchInteractionService.onInputEvent: MotionEvent { action=ACTION_UP, actionButton=0, id[0]=0, x[0]=787.0, y[0]=1870.5, toolType[0]=TOOL_TYPE_FINGER, buttonState=BUTTON_PRIMARY, classification=NONE, metaState=0, flags=0x0, edgeFlags=0x0, pointerCount=1, historySize=0, eventTime=2126015, downTime=2125974, deviceId=-1, source=0x1002, displayId=0, eventId=-1001968701 }
07-06 00:04:47.535   458   578 D AudioFlinger: mixer(0x7ef9619749a0) throttle end: throttle time(31)
07-06 00:04:47.638   470   493 W TransactionTracing: Could not find layer id -1
07-06 00:04:47.638   470   493 W TransactionTracing: Could not find layer id -1
07-06 00:04:47.639   470   493 W TransactionTracing: Could not find layer id -1
07-06 00:04:47.825 14334 14334 D LifecycleMonitor: Lifecycle status change: com.example.cardioassistant.UpdateActivity@42f68ae in: PAUSED
07-06 00:04:47.827 14334 14334 V ActivityScenario: Activity lifecycle changed event received but ignored because the intent does not match. startActivityIntent=Intent { act=android.intent.action.MAIN cat=[android.intent.category.LAUNCHER] flg=0x10008000 cmp=com.example.cardioassistant/.SplashActivity }, activity.getIntent()=Intent { cmp=com.example.cardioassistant/.UpdateActivity (has extras) }, activity=com.example.cardioassistant.UpdateActivity@42f68ae
07-06 00:04:47.845 14334 14334 D LifecycleMonitor: Lifecycle status change: com.example.cardioassistant.HomeActivity@819e665 in: PRE_ON_CREATE
07-06 00:04:47.845 14334 14334 V ActivityScenario: Activity lifecycle changed event received but ignored because the intent does not match. startActivityIntent=Intent { act=android.intent.action.MAIN cat=[android.intent.category.LAUNCHER] flg=0x10008000 cmp=com.example.cardioassistant/.SplashActivity }, activity.getIntent()=Intent { cmp=com.example.cardioassistant/.HomeActivity }, activity=com.example.cardioassistant.HomeActivity@819e665
07-06 00:04:47.847   411   453 D goldfish-address-space: claimShared: Ask to claim region [0x3eff92000 0x3effdd000]
07-06 00:04:47.858   411   453 D goldfish-address-space: claimShared: Ask to claim region [0x3efea5000 0x3efef0000]
07-06 00:04:47.863   411   453 D goldfish-address-space: claimShared: Ask to claim region [0x3efef0000 0x3eff3b000]
07-06 00:04:47.869   989  1140 W Parcel  : Expecting binder but got null!
07-06 00:04:47.880 14334 14334 D LifecycleMonitor: Lifecycle status change: com.example.cardioassistant.HomeActivity@819e665 in: CREATED
07-06 00:04:47.881 14334 14334 V ActivityScenario: Activity lifecycle changed event received but ignored because the intent does not match. startActivityIntent=Intent { act=android.intent.action.MAIN cat=[android.intent.category.LAUNCHER] flg=0x10008000 cmp=com.example.cardioassistant/.SplashActivity }, activity.getIntent()=Intent { cmp=com.example.cardioassistant/.HomeActivity }, activity=com.example.cardioassistant.HomeActivity@819e665
07-06 00:04:47.882 14334 14334 D LifecycleMonitor: Lifecycle status change: com.example.cardioassistant.HomeActivity@819e665 in: STARTED
07-06 00:04:47.882 14334 14334 V ActivityScenario: Activity lifecycle changed event received but ignored because the intent does not match. startActivityIntent=Intent { act=android.intent.action.MAIN cat=[android.intent.category.LAUNCHER] flg=0x10008000 cmp=com.example.cardioassistant/.SplashActivity }, activity.getIntent()=Intent { cmp=com.example.cardioassistant/.HomeActivity }, activity=com.example.cardioassistant.HomeActivity@819e665
07-06 00:04:47.884 14334 14334 D LifecycleMonitor: Lifecycle status change: com.example.cardioassistant.HomeActivity@819e665 in: RESUMED
07-06 00:04:47.884 14334 14334 V ActivityScenario: Activity lifecycle changed event received but ignored because the intent does not match. startActivityIntent=Intent { act=android.intent.action.MAIN cat=[android.intent.category.LAUNCHER] flg=0x10008000 cmp=com.example.cardioassistant/.SplashActivity }, activity.getIntent()=Intent { cmp=com.example.cardioassistant/.HomeActivity }, activity=com.example.cardioassistant.HomeActivity@819e665
07-06 00:04:47.916   411   453 D goldfish-address-space: claimShared: Ask to claim region [0x3edb72000 0x3ee498000]
07-06 00:04:47.918   411   453 D goldfish-address-space: claimShared: Ask to claim region [0x3ee498000 0x3eedbe000]
07-06 00:04:47.920   411   453 D goldfish-address-space: claimShared: Ask to claim region [0x3eedbe000 0x3ef6e4000]
07-06 00:04:47.993 14334 14361 W Parcel  : Expecting binder but got null!
07-06 00:04:48.001   614   647 I ActivityTaskManager: Displayed com.example.cardioassistant/.HomeActivity: +184ms
07-06 00:04:48.006   411   453 D goldfish-address-space: claimShared: Ask to claim region [0x3effdd000 0x3effe0000]
07-06 00:04:48.009   411   459 D goldfish-address-space: claimShared: Ask to claim region [0x3effe0000 0x3effe3000]
07-06 00:04:48.018   411   459 D goldfish-address-space: claimShared: Ask to claim region [0x3ef6e4000 0x3ef7cf000]
07-06 00:04:48.025   470   493 W TransactionTracing: Could not find layer id -1
07-06 00:04:48.025   470   493 W TransactionTracing: Could not find layer id -1
07-06 00:04:48.036   411   459 D goldfish-address-space: claimShared: Ask to claim region [0x3ef7cf000 0x3ef8ba000]
07-06 00:04:48.038   614  1526 W Parcel  : Expecting binder but got null!
07-06 00:04:48.045   411   459 D goldfish-address-space: claimShared: Ask to claim region [0x3ef7cf000 0x3ef8ba000]
07-06 00:04:48.062   411   459 D goldfish-address-space: claimShared: Ask to claim region [0x3f3bec000 0x3f3cd7000]
07-06 00:04:48.064   614  1526 W Parcel  : Expecting binder but got null!
07-06 00:04:48.146  1703  1703 I GoogleInputMethodService: GoogleInputMethodService.onFinishInput():3220
07-06 00:04:48.147  1703  1703 I GoogleInputMethodService: GoogleInputMethodService.updateDeviceLockedStatus():2114 repeatCheckTimes = 0, unlocked = true
07-06 00:04:48.148  1703  1703 I GoogleInputMethodService: GoogleInputMethodService.onStartInput():1919 onStartInput(EditorInfo{inputType=0x0(NULL) imeOptions=0x0 privateImeOptions=null actionName=UNSPECIFIED actionLabel=null actionId=0 initialSelStart=-1 initialSelEnd=-1 initialCapsMode=0x0 hintText=null label=null packageName=com.example.cardioassistant fieldId=-1 fieldName=null extras=null}, false)
07-06 00:04:48.149  1703  1703 I GoogleInputMethodService: GoogleInputMethodService.updateDeviceLockedStatus():2114 repeatCheckTimes = 2, unlocked = true
07-06 00:04:48.208   470   493 W TransactionTracing: Could not find layer id -1
07-06 00:04:48.208   470   493 W TransactionTracing: Could not find layer id -1
07-06 00:04:48.208   470   493 W TransactionTracing: Could not find layer id -1
07-06 00:04:48.530   470   493 W TransactionTracing: Could not find layer handle 0x790bf1e3d650
07-06 00:04:48.531   470   493 W TransactionTracing: Could not find layer handle 0x790bf1e41f70
07-06 00:04:48.532   470   493 W TransactionTracing: Could not find layer handle 0x790bf1e421b0
07-06 00:04:48.533   470   493 W TransactionTracing: Could not find layer handle 0x790bf1e40fb0
07-06 00:04:48.533   470   493 W TransactionTracing: Could not find layer handle 0x790bf1e3f930
07-06 00:04:48.534   470   493 W TransactionTracing: Could not find layer handle 0x790bf1e3dfb0
07-06 00:04:48.540   470   493 W TransactionTracing: Could not find layer id -1
07-06 00:04:48.541   470   493 W TransactionTracing: Could not find layer id -1
07-06 00:04:48.541   470   493 W TransactionTracing: Could not find layer id -1
07-06 00:04:48.543   470   493 W TransactionTracing: Could not find layer id -1
07-06 00:04:48.545 14334 14334 D LifecycleMonitor: Lifecycle status change: com.example.cardioassistant.UpdateActivity@42f68ae in: STOPPED
07-06 00:04:48.545 14334 14334 V ActivityScenario: Activity lifecycle changed event received but ignored because the intent does not match. startActivityIntent=Intent { act=android.intent.action.MAIN cat=[android.intent.category.LAUNCHER] flg=0x10008000 cmp=com.example.cardioassistant/.SplashActivity }, activity.getIntent()=Intent { cmp=com.example.cardioassistant/.UpdateActivity (has extras) }, activity=com.example.cardioassistant.UpdateActivity@42f68ae
07-06 00:04:48.573   470   493 W TransactionTracing: Could not find layer handle 0x790bf1e3b730
07-06 00:04:50.173   989  1140 D EGL_emulation: app_time_stats: avg=114.64ms min=1.87ms max=1989.96ms count=19
07-06 00:04:50.414   614  1978 W InputManager-JNI: Input channel object 'c868a07 Toast (client)' was disposed without first being removed with the input manager!
07-06 00:04:50.425   470   493 W TransactionTracing: Could not find layer handle 0x790bf1e41670
07-06 00:04:50.425   470   493 W TransactionTracing: Could not find layer handle 0x790bf1e3abf0
07-06 00:04:50.425   470   493 W TransactionTracing: Could not find layer handle 0x790bf1e406b0
07-06 00:04:52.142  9712  9712 D BoundBrokerSvc: onUnbind: Intent { act=com.google.android.mdd.service.START dat=chimera-action:/... cmp=com.google.android.gms/.chimera.GmsBoundBrokerService }
07-06 00:04:52.771 14334 14358 I TestRunner: finished: test4deletemeasurement(com.example.cardioassistant.HomeActivityTest)
