07-06 00:04:14.965  1338  1338 D TaplEvents: TIS / TouchInteractionService.onInputEvent: MotionEvent { action=ACTION_UP, actionButton=0, id[0]=0, x[0]=539.5, y[0]=1438.5, toolType[0]=TOOL_TYPE_FINGER, buttonState=BUTTON_PRIMARY, classification=NONE, metaState=0, flags=0x0, edgeFlags=0x0, pointerCount=1, historySize=0, eventTime=2093472, downTime=2093430, deviceId=-1, source=0x1002, displayId=0, eventId=-64755176 }
07-06 00:04:14.966 14334 14334 I FirebaseAuth: Logging in as ridoy@gmail.com with empty reCAPTCHA token
07-06 00:04:14.968 14334 14390 W System  : Ignoring header X-Firebase-Locale because its value was null.
07-06 00:04:14.978   458   578 D AudioFlinger: mixer(0x7ef9619749a0) throttle end: throttle time(34)
07-06 00:04:15.407 14334 14390 W System  : Ignoring header X-Firebase-Locale because its value was null.
07-06 00:04:15.471   470   493 W TransactionTracing: Could not find layer id -1
07-06 00:04:15.494   470   493 W TransactionTracing: Could not find layer handle 0x790bf1e3ebb0
07-06 00:04:15.513   989  1140 D EGL_emulation: app_time_stats: avg=16.22ms min=9.06ms max=27.03ms count=59
07-06 00:04:15.727 14334 14361 D EGL_emulation: app_time_stats: avg=136.03ms min=7.49ms max=501.54ms count=11
07-06 00:04:15.820 14334 14390 D FirebaseAuth: Notifying id token listeners about user ( AUp9jigfbpRY3zMxcKIgScP5s532 ).
07-06 00:04:15.846 14334 14334 D LifecycleMonitor: Lifecycle status change: com.example.cardioassistant.LoginActivity@f54d244 in: PAUSED
07-06 00:04:15.847 14334 14334 V ActivityScenario: Activity lifecycle changed event received but ignored because the intent does not match. startActivityIntent=Intent { act=android.intent.action.MAIN cat=[android.intent.category.LAUNCHER] flg=0x10008000 cmp=com.example.cardioassistant/.SplashActivity }, activity.getIntent()=Intent { cmp=com.example.cardioassistant/.LoginActivity }, activity=com.example.cardioassistant.LoginActivity@f54d244
07-06 00:04:15.858 14334 14334 D LifecycleMonitor: Lifecycle status change: com.example.cardioassistant.HomeActivity@8e6fc0b in: PRE_ON_CREATE
07-06 00:04:15.859 14334 14334 V ActivityScenario: Activity lifecycle changed event received but ignored because the intent does not match. startActivityIntent=Intent { act=android.intent.action.MAIN cat=[android.intent.category.LAUNCHER] flg=0x10008000 cmp=com.example.cardioassistant/.SplashActivity }, activity.getIntent()=Intent { cmp=com.example.cardioassistant/.HomeActivity }, activity=com.example.cardioassistant.HomeActivity@8e6fc0b
07-06 00:04:15.872   411   459 D goldfish-address-space: claimShared: Ask to claim region [0x3ef6f0000 0x3ef73b000]
07-06 00:04:15.878 14334 14334 D LifecycleMonitor: Lifecycle status change: com.example.cardioassistant.HomeActivity@8e6fc0b in: CREATED
07-06 00:04:15.879 14334 14334 V ActivityScenario: Activity lifecycle changed event received but ignored because the intent does not match. startActivityIntent=Intent { act=android.intent.action.MAIN cat=[android.intent.category.LAUNCHER] flg=0x10008000 cmp=com.example.cardioassistant/.SplashActivity }, activity.getIntent()=Intent { cmp=com.example.cardioassistant/.HomeActivity }, activity=com.example.cardioassistant.HomeActivity@8e6fc0b
07-06 00:04:15.880 14334 14334 D LifecycleMonitor: Lifecycle status change: com.example.cardioassistant.HomeActivity@8e6fc0b in: STARTED
07-06 00:04:15.880 14334 14334 V ActivityScenario: Activity lifecycle changed event received but ignored because the intent does not match. startActivityIntent=Intent { act=android.intent.action.MAIN cat=[android.intent.category.LAUNCHER] flg=0x10008000 cmp=com.example.cardioassistant/.SplashActivity }, activity.getIntent()=Intent { cmp=com.example.cardioassistant/.HomeActivity }, activity=com.example.cardioassistant.HomeActivity@8e6fc0b
07-06 00:04:15.881 14334 14334 D LifecycleMonitor: Lifecycle status change: com.example.cardioassistant.HomeActivity@8e6fc0b in: RESUMED
07-06 00:04:15.881 14334 14334 V ActivityScenario: Activity lifecycle changed event received but ignored because the intent does not match. startActivityIntent=Intent { act=android.intent.action.MAIN cat=[android.intent.category.LAUNCHER] flg=0x10008000 cmp=com.example.cardioassistant/.SplashActivity }, activity.getIntent()=Intent { cmp=com.example.cardioassistant/.HomeActivity }, activity=com.example.cardioassistant.HomeActivity@8e6fc0b
07-06 00:04:15.883   411   459 D goldfish-address-space: claimShared: Ask to claim region [0x3ef73b000 0x3ef786000]
07-06 00:04:15.885   411   453 D goldfish-address-space: claimShared: Ask to claim region [0x3ef786000 0x3ef7d1000]
07-06 00:04:15.898   989  1140 W Parcel  : Expecting binder but got null!
07-06 00:04:15.903   411   453 D goldfish-address-space: claimShared: Ask to claim region [0x3ec000000 0x3ec926000]
07-06 00:04:15.906   411   453 D goldfish-address-space: claimShared: Ask to claim region [0x3ee498000 0x3eedbe000]
07-06 00:04:15.910   411   453 D goldfish-address-space: claimShared: Ask to claim region [0x3eedbe000 0x3ef6e4000]
07-06 00:04:15.917 14334 14361 W Parcel  : Expecting binder but got null!
07-06 00:04:15.942   614   647 I ActivityTaskManager: Displayed com.example.cardioassistant/.HomeActivity: +109ms
07-06 00:04:15.962   411   453 D goldfish-address-space: claimShared: Ask to claim region [0x3ef7d1000 0x3ef7d4000]
07-06 00:04:15.963   411   459 D goldfish-address-space: claimShared: Ask to claim region [0x3ef7d4000 0x3ef7d7000]
07-06 00:04:15.980   411   459 D goldfish-address-space: claimShared: Ask to claim region [0x3ef7d7000 0x3ef8c2000]
07-06 00:04:15.996   411   459 D goldfish-address-space: claimShared: Ask to claim region [0x3ef8c2000 0x3ef9ad000]
07-06 00:04:16.001   614  1526 W Parcel  : Expecting binder but got null!
07-06 00:04:16.003   411   459 D goldfish-address-space: claimShared: Ask to claim region [0x3ef9ad000 0x3efa98000]
07-06 00:04:16.020   411   459 D goldfish-address-space: claimShared: Ask to claim region [0x3efa98000 0x3efb83000]
07-06 00:04:16.024   614  1526 W Parcel  : Expecting binder but got null!
07-06 00:04:16.115  1703  1703 I GoogleInputMethodService: GoogleInputMethodService.onFinishInput():3220
07-06 00:04:16.117  1703  1703 I GoogleInputMethodService: GoogleInputMethodService.updateDeviceLockedStatus():2114 repeatCheckTimes = 0, unlocked = true
07-06 00:04:16.117  1703  1703 I GoogleInputMethodService: GoogleInputMethodService.onStartInput():1919 onStartInput(EditorInfo{inputType=0x0(NULL) imeOptions=0x0 privateImeOptions=null actionName=UNSPECIFIED actionLabel=null actionId=0 initialSelStart=-1 initialSelEnd=-1 initialCapsMode=0x0 hintText=null label=null packageName=com.example.cardioassistant fieldId=-1 fieldName=null extras=null}, false)
07-06 00:04:16.119  1703  1703 I GoogleInputMethodService: GoogleInputMethodService.updateDeviceLockedStatus():2114 repeatCheckTimes = 2, unlocked = true
07-06 00:04:16.517 14334 14334 D LifecycleMonitor: Lifecycle status change: com.example.cardioassistant.LoginActivity@f54d244 in: STOPPED
07-06 00:04:16.517 14334 14334 V ActivityScenario: Activity lifecycle changed event received but ignored because the intent does not match. startActivityIntent=Intent { act=android.intent.action.MAIN cat=[android.intent.category.LAUNCHER] flg=0x10008000 cmp=com.example.cardioassistant/.SplashActivity }, activity.getIntent()=Intent { cmp=com.example.cardioassistant/.LoginActivity }, activity=com.example.cardioassistant.LoginActivity@f54d244
07-06 00:04:16.538   470   493 W TransactionTracing: Could not find layer handle 0x790bf1e3e010
07-06 00:04:18.210   989  1140 D EGL_emulation: app_time_stats: avg=111.43ms min=1.85ms max=1999.35ms count=19
07-06 00:04:18.449   614  2007 W InputManager-JNI: Input channel object '1f28bda Toast (client)' was disposed without first being removed with the input manager!
07-06 00:04:18.454   470   493 W TransactionTracing: Could not find layer handle 0x790bf1e3fab0
07-06 00:04:18.455   470   493 W TransactionTracing: Could not find layer handle 0x790bf1e42bd0
07-06 00:04:18.455   470   493 W TransactionTracing: Could not find layer handle 0x790bf1e3ebb0
07-06 00:04:19.083   989  1140 D EGL_emulation: app_time_stats: avg=639.58ms min=5.08ms max=11054.77ms count=18
07-06 00:04:20.190 14334 14334 I ViewInteraction: Performing 'single click' action on view view.getId() is <2131231091/com.example.cardioassistant:id/record_recycler_view>
07-06 00:04:20.194  1338  1338 D TaplEvents: TIS / TouchInteractionService.onInputEvent: MotionEvent { action=ACTION_DOWN, actionButton=0, id[0]=0, x[0]=539.5, y[0]=1109.5, toolType[0]=TOOL_TYPE_UNKNOWN, buttonState=BUTTON_PRIMARY, classification=NONE, metaState=0, flags=0x0, edgeFlags=0x0, pointerCount=1, historySize=0, eventTime=2098699, downTime=2098699, deviceId=-1, source=0x1002, displayId=0, eventId=-818757327 }
07-06 00:04:20.196 14334 14334 D AutofillManager: Fill dialog is enabled:false, hints=[password, passwordAuto, creditCardNumber, creditCardSecurityCode, creditCardExpirationDate]
07-06 00:04:20.235  1338  1338 D TaplEvents: TIS / TouchInteractionService.onInputEvent: MotionEvent { action=ACTION_UP, actionButton=0, id[0]=0, x[0]=539.5, y[0]=1109.5, toolType[0]=TOOL_TYPE_FINGER, buttonState=BUTTON_PRIMARY, classification=NONE, metaState=0, flags=0x0, edgeFlags=0x0, pointerCount=1, historySize=0, eventTime=2098741, downTime=2098699, deviceId=-1, source=0x1002, displayId=0, eventId=-900553378 }
07-06 00:04:20.267   458   578 D AudioFlinger: mixer(0x7ef9619749a0) throttle end: throttle time(32)
07-06 00:04:20.297 14334 14361 D EGL_emulation: app_time_stats: avg=280.84ms min=2.18ms max=4054.54ms count=15
07-06 00:04:20.300 14334 14334 D LifecycleMonitor: Lifecycle status change: com.example.cardioassistant.HomeActivity@8e6fc0b in: PAUSED
07-06 00:04:20.300 14334 14334 V ActivityScenario: Activity lifecycle changed event received but ignored because the intent does not match. startActivityIntent=Intent { act=android.intent.action.MAIN cat=[android.intent.category.LAUNCHER] flg=0x10008000 cmp=com.example.cardioassistant/.SplashActivity }, activity.getIntent()=Intent { cmp=com.example.cardioassistant/.HomeActivity }, activity=com.example.cardioassistant.HomeActivity@8e6fc0b
07-06 00:04:20.341 14334 14334 D LifecycleMonitor: Lifecycle status change: com.example.cardioassistant.UpdateActivity@774ab2f in: PRE_ON_CREATE
07-06 00:04:20.341 14334 14334 V ActivityScenario: Activity lifecycle changed event received but ignored because the intent does not match. startActivityIntent=Intent { act=android.intent.action.MAIN cat=[android.intent.category.LAUNCHER] flg=0x10008000 cmp=com.example.cardioassistant/.SplashActivity }, activity.getIntent()=Intent { cmp=com.example.cardioassistant/.UpdateActivity (has extras) }, activity=com.example.cardioassistant.UpdateActivity@774ab2f
07-06 00:04:20.367 14334 14334 D AutofillManager: Fill dialog is enabled:false, hints=[password, passwordAuto, creditCardNumber, creditCardSecurityCode, creditCardExpirationDate]
07-06 00:04:20.384 14334 14334 D LifecycleMonitor: Lifecycle status change: com.example.cardioassistant.UpdateActivity@774ab2f in: CREATED
07-06 00:04:20.384 14334 14334 V ActivityScenario: Activity lifecycle changed event received but ignored because the intent does not match. startActivityIntent=Intent { act=android.intent.action.MAIN cat=[android.intent.category.LAUNCHER] flg=0x10008000 cmp=com.example.cardioassistant/.SplashActivity }, activity.getIntent()=Intent { cmp=com.example.cardioassistant/.UpdateActivity (has extras) }, activity=com.example.cardioassistant.UpdateActivity@774ab2f
07-06 00:04:20.397 14334 14334 D LifecycleMonitor: Lifecycle status change: com.example.cardioassistant.UpdateActivity@774ab2f in: STARTED
07-06 00:04:20.398 14334 14334 V ActivityScenario: Activity lifecycle changed event received but ignored because the intent does not match. startActivityIntent=Intent { act=android.intent.action.MAIN cat=[android.intent.category.LAUNCHER] flg=0x10008000 cmp=com.example.cardioassistant/.SplashActivity }, activity.getIntent()=Intent { cmp=com.example.cardioassistant/.UpdateActivity (has extras) }, activity=com.example.cardioassistant.UpdateActivity@774ab2f
07-06 00:04:20.399 14334 14334 D LifecycleMonitor: Lifecycle status change: com.example.cardioassistant.UpdateActivity@774ab2f in: RESUMED
07-06 00:04:20.399 14334 14334 V ActivityScenario: Activity lifecycle changed event received but ignored because the intent does not match. startActivityIntent=Intent { act=android.intent.action.MAIN cat=[android.intent.category.LAUNCHER] flg=0x10008000 cmp=com.example.cardioassistant/.SplashActivity }, activity.getIntent()=Intent { cmp=com.example.cardioassistant/.UpdateActivity (has extras) }, activity=com.example.cardioassistant.UpdateActivity@774ab2f
07-06 00:04:20.484   411   459 D goldfish-address-space: claimShared: Ask to claim region [0x3ec926000 0x3ed24c000]
07-06 00:04:20.509   411   459 D goldfish-address-space: claimShared: Ask to claim region [0x3ed24c000 0x3edb72000]
07-06 00:04:20.515   411   459 D goldfish-address-space: claimShared: Ask to claim region [0x3edb72000 0x3ee498000]
07-06 00:04:20.525 14334 14361 W Parcel  : Expecting binder but got null!
07-06 00:04:20.536   614   647 I ActivityTaskManager: Displayed com.example.cardioassistant/.UpdateActivity: +272ms
07-06 00:04:20.561   411   459 D goldfish-address-space: claimShared: Ask to claim region [0x3ef7d7000 0x3ef7da000]
07-06 00:04:20.564   411   453 D goldfish-address-space: claimShared: Ask to claim region [0x3ef7da000 0x3ef7dd000]
07-06 00:04:20.567  1703  1703 W AndroidSpellCheckerService: AndroidSpellCheckerService.initialize():81 initialize...
07-06 00:04:20.567  1703  1703 I ShortcutsDataManager: ShortcutsDataManager.onContentChanged():70 onContentChanged()
07-06 00:04:20.569  1703  1703 I ContactsDataManager: ContactsDataManager.onContentChanged():155 onContentChanged()
07-06 00:04:20.575  1703  1703 W AndroidSpellCheckerService: AndroidSpellCheckerService.initialize():93 initialize...done
07-06 00:04:20.576 14334 14334 I AssistStructure: Flattened final assist data: 2976 bytes, containing 1 windows, 12 views
07-06 00:04:20.601   411   453 D goldfish-address-space: claimShared: Ask to claim region [0x3ef7dd000 0x3ef8c8000]
07-06 00:04:20.610   470   493 W TransactionTracing: Could not find layer id -1
07-06 00:04:20.625   411   453 D goldfish-address-space: claimShared: Ask to claim region [0x3ef8c8000 0x3ef9b3000]
07-06 00:04:20.628   614  1526 W Parcel  : Expecting binder but got null!
07-06 00:04:20.628   411   453 D goldfish-address-space: claimShared: Ask to claim region [0x3ef9b3000 0x3efa9e000]
07-06 00:04:20.639   411   453 D goldfish-address-space: claimShared: Ask to claim region [0x3efa9e000 0x3efb89000]
07-06 00:04:20.644   614  1526 W Parcel  : Expecting binder but got null!
07-06 00:04:20.752  1703  1703 I GoogleInputMethodService: GoogleInputMethodService.onFinishInput():3220
07-06 00:04:20.764  1703  1703 I GoogleInputMethodService: GoogleInputMethodService.updateDeviceLockedStatus():2114 repeatCheckTimes = 0, unlocked = true
07-06 00:04:20.764  1703  1703 W KeyboardViewController: KeyboardViewController.show():493 Requesting to show sub view with id 2131428249(#0x7f0b0399) when keyboard HEADER view is not ready to show
07-06 00:04:20.765  1703  1703 I GoogleInputMethodService: GoogleInputMethodService.onStartInput():1919 onStartInput(EditorInfo{inputType=0x0(NULL) imeOptions=0x0 privateImeOptions=null actionName=UNSPECIFIED actionLabel=null actionId=0 initialSelStart=-1 initialSelEnd=-1 initialCapsMode=0x0 hintText=null label=null packageName=com.example.cardioassistant fieldId=-1 fieldName=null extras=null}, false)
07-06 00:04:20.766  1703  1703 I GoogleInputMethodService: GoogleInputMethodService.updateDeviceLockedStatus():2114 repeatCheckTimes = 2, unlocked = true
07-06 00:04:20.775  1703  1703 I ShortcutsDataManager: AbstractContentDataManager.startImportContentTask():238 startImportContentTask()
07-06 00:04:20.776  1703  2287 I ShortcutsDataManager: AbstractContentDataManager$ImportContentTask.doInBackground():252 doInBackground()
07-06 00:04:20.777  1703  2287 I PersonalDictionaryDataHandler: PersonalDictionaryDataHandler.beginProcess():111 LanguageTags = [en-US]
07-06 00:04:20.813  1703  2287 I ShortcutsDataManager: AbstractContentDataManager.importRecords():342 importRecords() : Success : Count = 0
07-06 00:04:20.827  1703  2287 I ShortcutsDataManager: AbstractContentDataManager.importContentData():292 importContentData() : Ending import process
07-06 00:04:20.828  1703  2520 I Delight5Decoder: Delight5DecoderWrapper.unloadLanguageModel():831 unloadLanguageModel() : 4, version [n/a]
07-06 00:04:20.848  1703  2287 I PersonalLanguageModelUpdater: PersonalLanguageModelUpdater$UpdateOperation.performInternal():160 run() : Added 0 words and 0 shortcuts
07-06 00:04:20.848  1703  2287 I DynamicLanguageModelOperation: DynamicLanguageModelOperation.perform():38 perform() : 4 : ccz : Completed
07-06 00:04:20.848  1703  2520 I Delight5Decoder: Delight5DecoderWrapper.loadLanguageModel():626 loadLanguageModel() : 4, version [n/a]
07-06 00:04:20.849  1703  1703 I ShortcutsDataManager: AbstractContentDataManager$ImportContentTask.onPostExecute():263 onPostExecute() : Result = [2,0]
07-06 00:04:20.849  1703  1703 I ShortcutsDataManager: ShortcutsDataManager.onImportFinished():80 onImportFinished() : Result = 2 : Count = 0
07-06 00:04:20.850  1703  2520 I Delight5Decoder: Delight5DecoderWrapper.loadLanguageModel():667 Loaded dynamic LM 4.en
07-06 00:04:21.127   470   493 W TransactionTracing: Could not find layer handle 0x790bf1e3add0
07-06 00:04:21.128   470   493 W TransactionTracing: Could not find layer handle 0x790bf1e422d0
07-06 00:04:21.129   470   493 W TransactionTracing: Could not find layer handle 0x790bf1e3f870
07-06 00:04:21.130   470   493 W TransactionTracing: Could not find layer handle 0x790bf1e3fab0
07-06 00:04:21.130   470   493 W TransactionTracing: Could not find layer handle 0x790bf1e3de30
07-06 00:04:21.131   470   493 W TransactionTracing: Could not find layer handle 0x790bf1e40950
07-06 00:04:21.131   470   493 W TransactionTracing: Could not find layer handle 0x790bf1e40950
07-06 00:04:21.132   470   493 W TransactionTracing: Could not find layer handle 0x790bf1e3add0
07-06 00:04:21.135 14334 14361 D OpenGLRenderer: endAllActiveAnimators on 0x76780edcde00 (MaterialCardView) with handle 0x76771ed4e900
07-06 00:04:21.141 14334 14334 D LifecycleMonitor: Lifecycle status change: com.example.cardioassistant.HomeActivity@8e6fc0b in: STOPPED
07-06 00:04:21.141 14334 14334 V ActivityScenario: Activity lifecycle changed event received but ignored because the intent does not match. startActivityIntent=Intent { act=android.intent.action.MAIN cat=[android.intent.category.LAUNCHER] flg=0x10008000 cmp=com.example.cardioassistant/.SplashActivity }, activity.getIntent()=Intent { cmp=com.example.cardioassistant/.HomeActivity }, activity=com.example.cardioassistant.HomeActivity@8e6fc0b
07-06 00:04:21.171   470   493 W TransactionTracing: Could not find layer handle 0x790bf1e3d830
07-06 00:04:21.884 14334 14334 I ViewInteraction: Performing 'replace text()' action on view view.getId() is <2131230747/com.example.cardioassistant:id/Update_Enter_Systolic_pressure>
07-06 00:04:21.910 14334 14334 I ViewInteraction: Performing 'type text(140)' action on view view.getId() is <2131230747/com.example.cardioassistant:id/Update_Enter_Systolic_pressure>
07-06 00:04:21.910 14334 14361 D EGL_emulation: app_time_stats: avg=105.36ms min=8.02ms max=999.62ms count=13
07-06 00:04:21.914  1338  1338 D TaplEvents: TIS / TouchInteractionService.onInputEvent: MotionEvent { action=ACTION_DOWN, actionButton=0, id[0]=0, x[0]=539.5, y[0]=493.5, toolType[0]=TOOL_TYPE_UNKNOWN, buttonState=BUTTON_PRIMARY, classification=NONE, metaState=0, flags=0x0, edgeFlags=0x0, pointerCount=1, historySize=0, eventTime=2100421, downTime=2100420, deviceId=-1, source=0x1002, displayId=0, eventId=-235535167 }
07-06 00:04:21.964  1338  1338 D TaplEvents: TIS / TouchInteractionService.onInputEvent: MotionEvent { action=ACTION_UP, actionButton=0, id[0]=0, x[0]=539.5, y[0]=493.5, toolType[0]=TOOL_TYPE_FINGER, buttonState=BUTTON_PRIMARY, classification=NONE, metaState=0, flags=0x0, edgeFlags=0x0, pointerCount=1, historySize=0, eventTime=2100462, downTime=2100420, deviceId=-1, source=0x1002, displayId=0, eventId=-61473771 }
07-06 00:04:21.971  1703  1703 I GoogleInputMethodService: GoogleInputMethodService.onFinishInput():3220
07-06 00:04:21.972 14334 14334 D InputMethodManager: showSoftInput() view=androidx.appcompat.widget.AppCompatEditText{90301c1 VFED..CL. .F.P..ID 31,359-1049,497 #7f08001b app:id/Update_Enter_Systolic_pressure aid=1073741824} flags=0 reason=SHOW_SOFT_INPUT
07-06 00:04:21.972  1703  1703 I GoogleInputMethodService: GoogleInputMethodService.updateDeviceLockedStatus():2114 repeatCheckTimes = 0, unlocked = true
07-06 00:04:21.976  1703  1703 I GoogleInputMethodService: GoogleInputMethodService.onStartInput():1919 onStartInput(EditorInfo{inputType=0x2(Number) imeOptions=0x8000005 privateImeOptions=null actionName=NEXT actionLabel=null actionId=0 initialSelStart=0 initialSelEnd=0 initialCapsMode=0x0 hintText=non-empty label=null packageName=com.example.cardioassistant fieldId=2131230747 fieldName=null extras=Bundle[mParcelledData.dataSize=240]}, false)
07-06 00:04:21.976  1703  1703 I GoogleInputMethodService: GoogleInputMethodService.updateDeviceLockedStatus():2114 repeatCheckTimes = 2, unlocked = true
07-06 00:04:21.980  1703  1703 I DeviceModeUtil: DeviceModeUtil.getDeviceMode():117 Get device mode phone by ui mode:1 and smallestScreenWidthDp:393
07-06 00:04:21.981  1703  1703 I GoogleInputMethodService: GoogleInputMethodService.onStartInputView():2023 onStartInputView(EditorInfo{inputType=0x2(Number) imeOptions=0x8000005 privateImeOptions=null actionName=NEXT actionLabel=null actionId=0 initialSelStart=0 initialSelEnd=0 initialCapsMode=0x0 hintText=non-empty label=null packageName=com.example.cardioassistant fieldId=2131230747 fieldName=null extras=Bundle[{android.support.text.emoji.emojiCompat_metadataVersion=8, android.support.text.emoji.emojiCompat_replaceAll=false}]}, false)
07-06 00:04:21.982  1703  1833 I DeviceModeUtil: DeviceModeUtil.getDeviceMode():117 Get device mode phone by ui mode:1 and smallestScreenWidthDp:393
07-06 00:04:21.982  1703  1703 I GoogleInputMethodService: GoogleInputMethodService.updateDeviceLockedStatus():2114 repeatCheckTimes = 2, unlocked = true
07-06 00:04:21.984  1703  1703 I KeyboardViewUtil: KeyboardViewUtil.getKeyboardHeightRatio():168 systemKeyboardHeightRatio:1.000000; userKeyboardHeightRatio:1.000000.
07-06 00:04:21.987  1703  1703 I KeyboardViewHelper: KeyboardViewHelper.getView():168 Get view with height ratio:1.000000
07-06 00:04:21.990  1703  1703 I KeyboardViewUtil: KeyboardViewUtil.calculateMaxKeyboardBodyHeight():44 leave 344 height for app when screen height:2088, header height:121 and isFullscreenMode:false, so the max keyboard body height is:1623
07-06 00:04:21.992  1703  1703 W Keyboard: Keyboard.getKeyboardViewHelper():611 null helper is returned: keyboardDef=hyz{className=.latin.keyboard.LatinNumberKeyboard, id=#0x7f0b062a, initialStates=0, keyboardViewDefs=[hzr{direction=LOCALE, id=#0x7f0b013c, isScalable=false, layoutId=#0x7f0e03db, type=HEADER, touchable=true}, hzr{direction=null, id=#0x7f0b013c, isScalable=true, layoutId=#0x7f0e041e, type=BODY, touchable=true}], keyTextSizeRatio=1.0, persistentStates=0, persistentStatesPrefKey=null, popupBubbleLayoutId=#0x7f0e04a2, recentKeyLayoutId=0, recentKeyPopupLayoutId=0, recentKeyType=null, rememberRecentKey=NONE, sessionStates=0}, type=FLOATING_CANDIDATES, helpersCreated=[hro@94d9c7f, hro@4f4844c, null],
07-06 00:04:21.992  1703  1703 W Keyboard: Keyboard.getKeyboardViewHelper():611 null helper is returned: keyboardDef=hyz{className=.latin.keyboard.LatinNumberKeyboard, id=#0x7f0b062a, initialStates=0, keyboardViewDefs=[hzr{direction=LOCALE, id=#0x7f0b013c, isScalable=false, layoutId=#0x7f0e03db, type=HEADER, touchable=true}, hzr{direction=null, id=#0x7f0b013c, isScalable=true, layoutId=#0x7f0e041e, type=BODY, touchable=true}], keyTextSizeRatio=1.0, persistentStates=0, persistentStatesPrefKey=null, popupBubbleLayoutId=#0x7f0e04a2, recentKeyLayoutId=0, recentKeyPopupLayoutId=0, recentKeyType=null, rememberRecentKey=NONE, sessionStates=0}, type=FLOATING_CANDIDATES, helpersCreated=[hro@94d9c7f, hro@4f4844c, null],
07-06 00:04:21.994  1703  1703 I DeviceModeUtil: DeviceModeUtil.getDeviceMode():117 Get device mode phone by ui mode:1 and smallestScreenWidthDp:393
07-06 00:04:21.995  1703  1703 I DeviceModeUtil: DeviceModeUtil.getDeviceMode():117 Get device mode phone by ui mode:1 and smallestScreenWidthDp:393
07-06 00:04:21.995  1703  1703 I DeviceModeUtil: DeviceModeUtil.getDeviceMode():117 Get device mode phone by ui mode:1 and smallestScreenWidthDp:393
07-06 00:04:21.996  1703  1703 I NormalModeController: NormalModeController.getKeyboardBodyViewHolderPaddingBottom():111 currentPrimeKeyboardType:SOFT systemPaddingBottom:-1
07-06 00:04:21.997  1703  1703 I NormalModeController: NormalModeController.getKeyboardBodyViewHolderPaddingBottom():111 currentPrimeKeyboardType:SOFT systemPaddingBottom:-1
07-06 00:04:22.001  1703  1703 W AutoPasteSuggestionHelper: AutoPasteSuggestionHelper.createProactiveSuggestions():377 Failed to create item chips. Clip items are [ClipItem{ id = 1688580210844, timestamp = 1688580210846, clipItemContent = ClipItemContent{text=SystemClock.sleep(5000);
07-06 00:04:22.001  1703  1703 W AutoPasteSuggestionHelper:         Espresso.onView(withId(R.id.login_email_view)).perform(clearText()).perform(ViewActions.typeText("ridoy@gmail.com"));
07-06 00:04:22.001  1703  1703 W AutoPasteSuggestionHelper:         Espresso.pressBack();
07-06 00:04:22.001  1703  1703 W AutoPasteSuggestionHelper:         Espresso.onView(withId(R.id.login_password_view)).perform(clearText()).perform(ViewActions.typeText("123456"));
07-06 00:04:22.001  1703  1703 W AutoPasteSuggestionHelper:         Espresso.pressBack();
07-06 00:04:22.001  1703  1703 W AutoPasteSuggestionHelper:         Espresso.onView(withId(R.id.login_loginButton)).perform(click());
07-06 00:04:22.001  1703  1703 W AutoPasteSuggestionHelper:         SystemClock.sleep(5000);, htmlText=, itemType=0, entityType=0, uri=, groupId=-1, viewType=0}}, ClipItem{ id = 1688580210845, timestamp = 1688580210846, clipItemContent = ClipItemContent{text=ridoy@gmail.com, htmlText=, itemType=0, entityType=2, uri=, groupId=-1, viewType=0}}, ClipItem{ id = 1688580210846, timestamp = 1688580210846, clipItemContent = ClipItemContent{text=123456, htmlText=, itemType=0, entityType=3, uri=, groupId=-1, viewType=0}}].
07-06 00:04:22.002  1703  1703 I CurrentMicStatusHolder: CurrentMicStatusHolder.onStartInputView():79 Current Mic status = {MicIconHidden-SettingOff,MicIconHidden-PasswordOrNumberOrDateInputType,}
07-06 00:04:22.003  1703  1703 I VoiceImeExtension: VoiceImeExtension.shouldStartVoiceInputAutomatically():382 No private IME option set to start voice input.
07-06 00:04:22.006 14334 14334 W OnBackInvokedCallback: OnBackInvokedCallback is not enabled for the application.
07-06 00:04:22.006 14334 14334 W OnBackInvokedCallback: Set 'android:enableOnBackInvokedCallback="true"' in the application manifest.
07-06 00:04:22.013   411   453 D goldfish-address-space: claimShared: Ask to claim region [0x3ee498000 0x3eed78000]
07-06 00:04:22.018  1353  1353 W svc     : Pending fill request while another request in the same session was triggered. [CONTEXT service_id=177 ]
07-06 00:04:22.035  9712  9712 D BoundBrokerSvc: onBind: Intent { act=com.google.android.gms.common.BIND_SHARED_PREFS pkg=com.google.android.gms }
07-06 00:04:22.035  9712  9712 D BoundBrokerSvc: Loading bound service for intent: Intent { act=com.google.android.gms.common.BIND_SHARED_PREFS pkg=com.google.android.gms }
07-06 00:04:22.041  1740  1740 V InlineSuggestionRenderService: handleDestroySuggestionViews called for 0:1953406492
07-06 00:04:22.054   411   453 D goldfish-address-space: claimShared: Ask to claim region [0x3eed78000 0x3ef658000]
07-06 00:04:22.063  9712  9712 D BoundBrokerSvc: onUnbind: Intent { act=com.google.android.gms.common.BIND_SHARED_PREFS pkg=com.google.android.gms }
07-06 00:04:22.069  1703  1703 I DeviceModeUtil: DeviceModeUtil.getDeviceMode():117 Get device mode phone by ui mode:1 and smallestScreenWidthDp:393
07-06 00:04:22.069  1703  1703 I DeviceModeUtil: DeviceModeUtil.getDeviceMode():117 Get device mode phone by ui mode:1 and smallestScreenWidthDp:393
07-06 00:04:22.080 14334 14334 D InsetsController: show(ime(), fromIme=true)
07-06 00:04:22.083   411   453 D goldfish-address-space: claimShared: Ask to claim region [0x3ec000000 0x3ec8e0000]
07-06 00:04:22.102  9712  9712 D BoundBrokerSvc: onBind: Intent { act=com.google.android.gms.common.BIND_SHARED_PREFS pkg=com.google.android.gms }
07-06 00:04:22.103  9712  9712 D BoundBrokerSvc: Loading bound service for intent: Intent { act=com.google.android.gms.common.BIND_SHARED_PREFS pkg=com.google.android.gms }
07-06 00:04:22.109   470   493 W TransactionTracing: Could not find layer handle 0x790bf1e402f0
07-06 00:04:22.112  9712  9712 D BoundBrokerSvc: onUnbind: Intent { act=com.google.android.gms.common.BIND_SHARED_PREFS pkg=com.google.android.gms }
07-06 00:04:22.225 14334 14334 D UiControllerImpl: Injecting string: "140"
07-06 00:04:22.235   614  1978 D InputDispatcher: Touch mode switch rejected, caller (pid=0, uid=10160) doesn't own the focused window nor none of the previously interacted window
07-06 00:04:22.313   989  1140 D EGL_emulation: app_time_stats: avg=188.76ms min=10.32ms max=5818.10ms count=36
07-06 00:04:22.333 14334 14334 I ViewInteraction: Performing 'replace text()' action on view view.getId() is <2131230743/com.example.cardioassistant:id/Update_Enter_Diastolic_pressure>
07-06 00:04:22.340 14334 14334 I ViewInteraction: Performing 'type text(100)' action on view view.getId() is <2131230743/com.example.cardioassistant:id/Update_Enter_Diastolic_pressure>
07-06 00:04:22.349  1338  1338 D TaplEvents: TIS / TouchInteractionService.onInputEvent: MotionEvent { action=ACTION_DOWN, actionButton=0, id[0]=0, x[0]=539.5, y[0]=727.5, toolType[0]=TOOL_TYPE_UNKNOWN, buttonState=BUTTON_PRIMARY, classification=NONE, metaState=0, flags=0x0, edgeFlags=0x0, pointerCount=1, historySize=0, eventTime=2100850, downTime=2100850, deviceId=-1, source=0x1002, displayId=0, eventId=-309761908 }
07-06 00:04:22.385  1338  1338 D TaplEvents: TIS / TouchInteractionService.onInputEvent: MotionEvent { action=ACTION_UP, actionButton=0, id[0]=0, x[0]=539.5, y[0]=727.5, toolType[0]=TOOL_TYPE_FINGER, buttonState=BUTTON_PRIMARY, classification=NONE, metaState=0, flags=0x0, edgeFlags=0x0, pointerCount=1, historySize=0, eventTime=2100892, downTime=2100850, deviceId=-1, source=0x1002, displayId=0, eventId=-744843386 }
07-06 00:04:22.391  1703  1703 I GoogleInputMethodService: GoogleInputMethodService.onFinishInputView():2266
07-06 00:04:22.391 14334 14334 D InputMethodManager: showSoftInput() view=androidx.appcompat.widget.AppCompatEditText{d16bd66 VFED..CL. .F.P..ID 31,593-1049,731 #7f080017 app:id/Update_Enter_Diastolic_pressure aid=1073741825} flags=0 reason=SHOW_SOFT_INPUT
07-06 00:04:22.392  1703  1703 W TooltipLifecycleManager: TooltipLifecycleManager.dismissTooltips():159 Tooltip with id spell_check_add_to_dictionary not found in tooltipManager.
07-06 00:04:22.394  1703  1703 I GoogleInputMethodService: GoogleInputMethodService.onFinishInput():3220
07-06 00:04:22.396  1703  1703 I GoogleInputMethodService: GoogleInputMethodService.updateDeviceLockedStatus():2114 repeatCheckTimes = 0, unlocked = true
07-06 00:04:22.397  1703  1703 I GoogleInputMethodService: GoogleInputMethodService.onStartInput():1919 onStartInput(EditorInfo{inputType=0x2(Number) imeOptions=0xc000005 privateImeOptions=null actionName=NEXT actionLabel=null actionId=0 initialSelStart=0 initialSelEnd=0 initialCapsMode=0x0 hintText=non-empty label=null packageName=com.example.cardioassistant fieldId=2131230743 fieldName=null extras=Bundle[mParcelledData.dataSize=240]}, false)
07-06 00:04:22.399  1703  1703 I GoogleInputMethodService: GoogleInputMethodService.updateDeviceLockedStatus():2114 repeatCheckTimes = 2, unlocked = true
07-06 00:04:22.401  1703  1703 I GoogleInputMethodService: GoogleInputMethodService.onStartInputView():2023 onStartInputView(EditorInfo{inputType=0x2(Number) imeOptions=0xc000005 privateImeOptions=null actionName=NEXT actionLabel=null actionId=0 initialSelStart=0 initialSelEnd=0 initialCapsMode=0x0 hintText=non-empty label=null packageName=com.example.cardioassistant fieldId=2131230743 fieldName=null extras=Bundle[{android.support.text.emoji.emojiCompat_metadataVersion=8, android.support.text.emoji.emojiCompat_replaceAll=false}]}, false)
07-06 00:04:22.407  1703  1833 I DeviceModeUtil: DeviceModeUtil.getDeviceMode():117 Get device mode phone by ui mode:1 and smallestScreenWidthDp:393
07-06 00:04:22.408  1703  1703 I GoogleInputMethodService: GoogleInputMethodService.updateDeviceLockedStatus():2114 repeatCheckTimes = 2, unlocked = true
07-06 00:04:22.413  1703  1703 I KeyboardViewUtil: KeyboardViewUtil.getKeyboardHeightRatio():168 systemKeyboardHeightRatio:1.000000; userKeyboardHeightRatio:1.000000.
07-06 00:04:22.414  1703  1703 I KeyboardViewUtil: KeyboardViewUtil.calculateMaxKeyboardBodyHeight():44 leave 344 height for app when screen height:2088, header height:121 and isFullscreenMode:false, so the max keyboard body height is:1623
07-06 00:04:22.415  1703  1703 W Keyboard: Keyboard.getKeyboardViewHelper():611 null helper is returned: keyboardDef=hyz{className=.latin.keyboard.LatinNumberKeyboard, id=#0x7f0b062a, initialStates=0, keyboardViewDefs=[hzr{direction=LOCALE, id=#0x7f0b013c, isScalable=false, layoutId=#0x7f0e03db, type=HEADER, touchable=true}, hzr{direction=null, id=#0x7f0b013c, isScalable=true, layoutId=#0x7f0e041e, type=BODY, touchable=true}], keyTextSizeRatio=1.0, persistentStates=0, persistentStatesPrefKey=null, popupBubbleLayoutId=#0x7f0e04a2, recentKeyLayoutId=0, recentKeyPopupLayoutId=0, recentKeyType=null, rememberRecentKey=NONE, sessionStates=0}, type=FLOATING_CANDIDATES, helpersCreated=[hro@94d9c7f, hro@4f4844c, null],
07-06 00:04:22.416  1703  1703 W Keyboard: Keyboard.getKeyboardViewHelper():611 null helper is returned: keyboardDef=hyz{className=.latin.keyboard.LatinNumberKeyboard, id=#0x7f0b062a, initialStates=0, keyboardViewDefs=[hzr{direction=LOCALE, id=#0x7f0b013c, isScalable=false, layoutId=#0x7f0e03db, type=HEADER, touchable=true}, hzr{direction=null, id=#0x7f0b013c, isScalable=true, layoutId=#0x7f0e041e, type=BODY, touchable=true}], keyTextSizeRatio=1.0, persistentStates=0, persistentStatesPrefKey=null, popupBubbleLayoutId=#0x7f0e04a2, recentKeyLayoutId=0, recentKeyPopupLayoutId=0, recentKeyType=null, rememberRecentKey=NONE, sessionStates=0}, type=FLOATING_CANDIDATES, helpersCreated=[hro@94d9c7f, hro@4f4844c, null],
07-06 00:04:22.418  1703  1703 I DeviceModeUtil: DeviceModeUtil.getDeviceMode():117 Get device mode phone by ui mode:1 and smallestScreenWidthDp:393
07-06 00:04:22.419  1703  1703 I DeviceModeUtil: DeviceModeUtil.getDeviceMode():117 Get device mode phone by ui mode:1 and smallestScreenWidthDp:393
07-06 00:04:22.419  1703  1703 I DeviceModeUtil: DeviceModeUtil.getDeviceMode():117 Get device mode phone by ui mode:1 and smallestScreenWidthDp:393
07-06 00:04:22.420  1703  1703 I NormalModeController: NormalModeController.getKeyboardBodyViewHolderPaddingBottom():111 currentPrimeKeyboardType:SOFT systemPaddingBottom:-1
07-06 00:04:22.421  1703  1703 I NormalModeController: NormalModeController.getKeyboardBodyViewHolderPaddingBottom():111 currentPrimeKeyboardType:SOFT systemPaddingBottom:-1
07-06 00:04:22.423  1703  1703 W AutoPasteSuggestionHelper: AutoPasteSuggestionHelper.createProactiveSuggestions():377 Failed to create item chips. Clip items are [ClipItem{ id = 1688580210844, timestamp = 1688580210846, clipItemContent = ClipItemContent{text=SystemClock.sleep(5000);
07-06 00:04:22.423  1703  1703 W AutoPasteSuggestionHelper:         Espresso.onView(withId(R.id.login_email_view)).perform(clearText()).perform(ViewActions.typeText("ridoy@gmail.com"));
07-06 00:04:22.423  1703  1703 W AutoPasteSuggestionHelper:         Espresso.pressBack();
07-06 00:04:22.423  1703  1703 W AutoPasteSuggestionHelper:         Espresso.onView(withId(R.id.login_password_view)).perform(clearText()).perform(ViewActions.typeText("123456"));
07-06 00:04:22.423  1703  1703 W AutoPasteSuggestionHelper:         Espresso.pressBack();
07-06 00:04:22.423  1703  1703 W AutoPasteSuggestionHelper:         Espresso.onView(withId(R.id.login_loginButton)).perform(click());
07-06 00:04:22.423  1703  1703 W AutoPasteSuggestionHelper:         SystemClock.sleep(5000);, htmlText=, itemType=0, entityType=0, uri=, groupId=-1, viewType=0}}, ClipItem{ id = 1688580210845, timestamp = 1688580210846, clipItemContent = ClipItemContent{text=ridoy@gmail.com, htmlText=, itemType=0, entityType=2, uri=, groupId=-1, viewType=0}}, ClipItem{ id = 1688580210846, timestamp = 1688580210846, clipItemContent = ClipItemContent{text=123456, htmlText=, itemType=0, entityType=3, uri=, groupId=-1, viewType=0}}].
07-06 00:04:22.425  1703  1703 I CurrentMicStatusHolder: CurrentMicStatusHolder.onStartInputView():79 Current Mic status = {MicIconHidden-SettingOff,MicIconHidden-PasswordOrNumberOrDateInputType,}
07-06 00:04:22.426  1703  1703 I VoiceImeExtension: VoiceImeExtension.shouldStartVoiceInputAutomatically():382 No private IME option set to start voice input.
07-06 00:04:22.427  1703  1703 I DeviceModeUtil: DeviceModeUtil.getDeviceMode():117 Get device mode phone by ui mode:1 and smallestScreenWidthDp:393
07-06 00:04:22.430  1703  1703 I DeviceModeUtil: DeviceModeUtil.getDeviceMode():117 Get device mode phone by ui mode:1 and smallestScreenWidthDp:393
07-06 00:04:22.438  1703  1703 I DeviceModeUtil: DeviceModeUtil.getDeviceMode():117 Get device mode phone by ui mode:1 and smallestScreenWidthDp:393
07-06 00:04:22.438  1703  1703 I DeviceModeUtil: DeviceModeUtil.getDeviceMode():117 Get device mode phone by ui mode:1 and smallestScreenWidthDp:393
07-06 00:04:22.454 14334 14334 W OnBackInvokedCallback: OnBackInvokedCallback is not enabled for the application.
07-06 00:04:22.454 14334 14334 W OnBackInvokedCallback: Set 'android:enableOnBackInvokedCallback="true"' in the application manifest.
07-06 00:04:22.454 14334 14334 D InsetsController: show(ime(), fromIme=true)
07-06 00:04:22.459  9712  9712 D BoundBrokerSvc: onBind: Intent { act=com.google.android.gms.common.BIND_SHARED_PREFS pkg=com.google.android.gms }
07-06 00:04:22.459 14334 14334 D InsetsController: show(ime(), fromIme=true)
07-06 00:04:22.460  9712  9712 D BoundBrokerSvc: Loading bound service for intent: Intent { act=com.google.android.gms.common.BIND_SHARED_PREFS pkg=com.google.android.gms }
07-06 00:04:22.464  9712  9712 D BoundBrokerSvc: onUnbind: Intent { act=com.google.android.gms.common.BIND_SHARED_PREFS pkg=com.google.android.gms }
07-06 00:04:22.474  9712  9712 D BoundBrokerSvc: onBind: Intent { act=com.google.android.gms.common.BIND_SHARED_PREFS pkg=com.google.android.gms }
07-06 00:04:22.475  9712  9712 D BoundBrokerSvc: Loading bound service for intent: Intent { act=com.google.android.gms.common.BIND_SHARED_PREFS pkg=com.google.android.gms }
07-06 00:04:22.481  9712  9712 D BoundBrokerSvc: onUnbind: Intent { act=com.google.android.gms.common.BIND_SHARED_PREFS pkg=com.google.android.gms }
07-06 00:04:22.673 14334 14334 D UiControllerImpl: Injecting string: "100"
07-06 00:04:22.685   614  1123 D InputDispatcher: Touch mode switch rejected, caller (pid=0, uid=10160) doesn't own the focused window nor none of the previously interacted window
07-06 00:04:22.737   470   493 W TransactionTracing: Could not find layer id -1
07-06 00:04:22.741   470   493 W TransactionTracing: Could not find layer id -1
07-06 00:04:22.741   470   493 W TransactionTracing: Could not find layer id -1
07-06 00:04:22.741   470   493 W TransactionTracing: Could not find layer id -1
07-06 00:04:22.742   470   493 W TransactionTracing: Could not find layer id -1
07-06 00:04:22.742   470   493 W TransactionTracing: Could not find layer id -1
07-06 00:04:22.743   470   493 W TransactionTracing: Could not find layer id -1
07-06 00:04:22.744   470   493 W TransactionTracing: Could not find layer id -1
07-06 00:04:22.749 14334 14334 I ViewInteraction: Performing 'replace text()' action on view view.getId() is <2131230744/com.example.cardioassistant:id/Update_Enter_Heart_Rate>
07-06 00:04:22.759 14334 14334 I ViewInteraction: Performing 'type text(80)' action on view view.getId() is <2131230744/com.example.cardioassistant:id/Update_Enter_Heart_Rate>
07-06 00:04:22.763  1338  1338 D TaplEvents: TIS / TouchInteractionService.onInputEvent: MotionEvent { action=ACTION_DOWN, actionButton=0, id[0]=0, x[0]=539.5, y[0]=961.5, toolType[0]=TOOL_TYPE_UNKNOWN, buttonState=BUTTON_PRIMARY, classification=NONE, metaState=0, flags=0x0, edgeFlags=0x0, pointerCount=1, historySize=0, eventTime=2101269, downTime=2101269, deviceId=-1, source=0x1002, displayId=0, eventId=-208003375 }
07-06 00:04:22.813  1338  1338 D TaplEvents: TIS / TouchInteractionService.onInputEvent: MotionEvent { action=ACTION_UP, actionButton=0, id[0]=0, x[0]=539.5, y[0]=961.5, toolType[0]=TOOL_TYPE_FINGER, buttonState=BUTTON_PRIMARY, classification=NONE, metaState=0, flags=0x0, edgeFlags=0x0, pointerCount=1, historySize=0, eventTime=2101318, downTime=2101269, deviceId=-1, source=0x1002, displayId=0, eventId=-96504794 }
07-06 00:04:22.814  1703  1703 I GoogleInputMethodService: GoogleInputMethodService.onFinishInputView():2266
07-06 00:04:22.815  1703  1703 W TooltipLifecycleManager: TooltipLifecycleManager.dismissTooltips():159 Tooltip with id spell_check_add_to_dictionary not found in tooltipManager.
07-06 00:04:22.815 14334 14334 D InputMethodManager: showSoftInput() view=androidx.appcompat.widget.AppCompatEditText{347e8a7 VFED..CL. .F.P..ID 31,827-1049,965 #7f080018 app:id/Update_Enter_Heart_Rate aid=1073741826} flags=0 reason=SHOW_SOFT_INPUT
07-06 00:04:22.817  1703  1703 I GoogleInputMethodService: GoogleInputMethodService.onFinishInput():3220
07-06 00:04:22.818  1703  1703 I GoogleInputMethodService: GoogleInputMethodService.updateDeviceLockedStatus():2114 repeatCheckTimes = 0, unlocked = true
07-06 00:04:22.819  1703  1703 I GoogleInputMethodService: GoogleInputMethodService.onStartInput():1919 onStartInput(EditorInfo{inputType=0x2(Number) imeOptions=0xc000005 privateImeOptions=null actionName=NEXT actionLabel=null actionId=0 initialSelStart=0 initialSelEnd=0 initialCapsMode=0x0 hintText=non-empty label=null packageName=com.example.cardioassistant fieldId=2131230744 fieldName=null extras=Bundle[mParcelledData.dataSize=240]}, false)
07-06 00:04:22.820  1703  1703 I GoogleInputMethodService: GoogleInputMethodService.updateDeviceLockedStatus():2114 repeatCheckTimes = 2, unlocked = true
07-06 00:04:22.821  1703  1703 I GoogleInputMethodService: GoogleInputMethodService.onStartInputView():2023 onStartInputView(EditorInfo{inputType=0x2(Number) imeOptions=0xc000005 privateImeOptions=null actionName=NEXT actionLabel=null actionId=0 initialSelStart=0 initialSelEnd=0 initialCapsMode=0x0 hintText=non-empty label=null packageName=com.example.cardioassistant fieldId=2131230744 fieldName=null extras=Bundle[{android.support.text.emoji.emojiCompat_metadataVersion=8, android.support.text.emoji.emojiCompat_replaceAll=false}]}, false)
07-06 00:04:22.822  1703  1703 I GoogleInputMethodService: GoogleInputMethodService.updateDeviceLockedStatus():2114 repeatCheckTimes = 2, unlocked = true
07-06 00:04:22.825  1703  1703 I KeyboardViewUtil: KeyboardViewUtil.getKeyboardHeightRatio():168 systemKeyboardHeightRatio:1.000000; userKeyboardHeightRatio:1.000000.
07-06 00:04:22.829  1703  1703 I KeyboardViewUtil: KeyboardViewUtil.calculateMaxKeyboardBodyHeight():44 leave 344 height for app when screen height:2088, header height:121 and isFullscreenMode:false, so the max keyboard body height is:1623
07-06 00:04:22.830  1703  1703 W Keyboard: Keyboard.getKeyboardViewHelper():611 null helper is returned: keyboardDef=hyz{className=.latin.keyboard.LatinNumberKeyboard, id=#0x7f0b062a, initialStates=0, keyboardViewDefs=[hzr{direction=LOCALE, id=#0x7f0b013c, isScalable=false, layoutId=#0x7f0e03db, type=HEADER, touchable=true}, hzr{direction=null, id=#0x7f0b013c, isScalable=true, layoutId=#0x7f0e041e, type=BODY, touchable=true}], keyTextSizeRatio=1.0, persistentStates=0, persistentStatesPrefKey=null, popupBubbleLayoutId=#0x7f0e04a2, recentKeyLayoutId=0, recentKeyPopupLayoutId=0, recentKeyType=null, rememberRecentKey=NONE, sessionStates=0}, type=FLOATING_CANDIDATES, helpersCreated=[hro@94d9c7f, hro@4f4844c, null],
07-06 00:04:22.831  1703  1703 W Keyboard: Keyboard.getKeyboardViewHelper():611 null helper is returned: keyboardDef=hyz{className=.latin.keyboard.LatinNumberKeyboard, id=#0x7f0b062a, initialStates=0, keyboardViewDefs=[hzr{direction=LOCALE, id=#0x7f0b013c, isScalable=false, layoutId=#0x7f0e03db, type=HEADER, touchable=true}, hzr{direction=null, id=#0x7f0b013c, isScalable=true, layoutId=#0x7f0e041e, type=BODY, touchable=true}], keyTextSizeRatio=1.0, persistentStates=0, persistentStatesPrefKey=null, popupBubbleLayoutId=#0x7f0e04a2, recentKeyLayoutId=0, recentKeyPopupLayoutId=0, recentKeyType=null, rememberRecentKey=NONE, sessionStates=0}, type=FLOATING_CANDIDATES, helpersCreated=[hro@94d9c7f, hro@4f4844c, null],
07-06 00:04:22.832  1703  1703 I DeviceModeUtil: DeviceModeUtil.getDeviceMode():117 Get device mode phone by ui mode:1 and smallestScreenWidthDp:393
07-06 00:04:22.836  1703  1833 I DeviceModeUtil: DeviceModeUtil.getDeviceMode():117 Get device mode phone by ui mode:1 and smallestScreenWidthDp:393
07-06 00:04:22.836  1703  1703 I DeviceModeUtil: DeviceModeUtil.getDeviceMode():117 Get device mode phone by ui mode:1 and smallestScreenWidthDp:393
07-06 00:04:22.837  1703  1703 I DeviceModeUtil: DeviceModeUtil.getDeviceMode():117 Get device mode phone by ui mode:1 and smallestScreenWidthDp:393
07-06 00:04:22.844   470   493 W TransactionTracing: Could not find layer id -1
07-06 00:04:22.845  1703  1703 I NormalModeController: NormalModeController.getKeyboardBodyViewHolderPaddingBottom():111 currentPrimeKeyboardType:SOFT systemPaddingBottom:-1
07-06 00:04:22.846  1703  1703 I NormalModeController: NormalModeController.getKeyboardBodyViewHolderPaddingBottom():111 currentPrimeKeyboardType:SOFT systemPaddingBottom:-1
07-06 00:04:22.849  1703  1703 W AutoPasteSuggestionHelper: AutoPasteSuggestionHelper.createProactiveSuggestions():377 Failed to create item chips. Clip items are [ClipItem{ id = 1688580210844, timestamp = 1688580210846, clipItemContent = ClipItemContent{text=SystemClock.sleep(5000);
07-06 00:04:22.849  1703  1703 W AutoPasteSuggestionHelper:         Espresso.onView(withId(R.id.login_email_view)).perform(clearText()).perform(ViewActions.typeText("ridoy@gmail.com"));
07-06 00:04:22.849  1703  1703 W AutoPasteSuggestionHelper:         Espresso.pressBack();
07-06 00:04:22.849  1703  1703 W AutoPasteSuggestionHelper:         Espresso.onView(withId(R.id.login_password_view)).perform(clearText()).perform(ViewActions.typeText("123456"));
07-06 00:04:22.849  1703  1703 W AutoPasteSuggestionHelper:         Espresso.pressBack();
07-06 00:04:22.849  1703  1703 W AutoPasteSuggestionHelper:         Espresso.onView(withId(R.id.login_loginButton)).perform(click());
07-06 00:04:22.849  1703  1703 W AutoPasteSuggestionHelper:         SystemClock.sleep(5000);, htmlText=, itemType=0, entityType=0, uri=, groupId=-1, viewType=0}}, ClipItem{ id = 1688580210845, timestamp = 1688580210846, clipItemContent = ClipItemContent{text=ridoy@gmail.com, htmlText=, itemType=0, entityType=2, uri=, groupId=-1, viewType=0}}, ClipItem{ id = 1688580210846, timestamp = 1688580210846, clipItemContent = ClipItemContent{text=123456, htmlText=, itemType=0, entityType=3, uri=, groupId=-1, viewType=0}}].
07-06 00:04:22.857  1703  1703 I CurrentMicStatusHolder: CurrentMicStatusHolder.onStartInputView():79 Current Mic status = {MicIconHidden-SettingOff,MicIconHidden-PasswordOrNumberOrDateInputType,}
07-06 00:04:22.858  1703  1703 I VoiceImeExtension: VoiceImeExtension.shouldStartVoiceInputAutomatically():382 No private IME option set to start voice input.
07-06 00:04:22.861  1703  1703 I DeviceModeUtil: DeviceModeUtil.getDeviceMode():117 Get device mode phone by ui mode:1 and smallestScreenWidthDp:393
07-06 00:04:22.863 14334 14334 W OnBackInvokedCallback: OnBackInvokedCallback is not enabled for the application.
07-06 00:04:22.863 14334 14334 W OnBackInvokedCallback: Set 'android:enableOnBackInvokedCallback="true"' in the application manifest.
07-06 00:04:22.863  1703  1703 I DeviceModeUtil: DeviceModeUtil.getDeviceMode():117 Get device mode phone by ui mode:1 and smallestScreenWidthDp:393
07-06 00:04:22.865 14334 14334 D InsetsController: show(ime(), fromIme=true)
07-06 00:04:22.868 14334 14334 D InsetsController: show(ime(), fromIme=true)
07-06 00:04:22.874  1703  1703 I DeviceModeUtil: DeviceModeUtil.getDeviceMode():117 Get device mode phone by ui mode:1 and smallestScreenWidthDp:393
07-06 00:04:22.877  1703  1703 I DeviceModeUtil: DeviceModeUtil.getDeviceMode():117 Get device mode phone by ui mode:1 and smallestScreenWidthDp:393
07-06 00:04:22.890   470   493 W TransactionTracing: Could not find layer id -1
07-06 00:04:22.898  9712  9712 D BoundBrokerSvc: onBind: Intent { act=com.google.android.gms.common.BIND_SHARED_PREFS pkg=com.google.android.gms }
07-06 00:04:22.898  9712  9712 D BoundBrokerSvc: Loading bound service for intent: Intent { act=com.google.android.gms.common.BIND_SHARED_PREFS pkg=com.google.android.gms }
