07-06 00:03:43.176 14334 14358 I TestRunner: started: test2addmeasurement(com.example.cardioassistant.HomeActivityTest)
07-06 00:03:43.189 14334 14358 W Settings: Setting always_finish_activities has moved from android.provider.Settings.System to android.provider.Settings.Global, returning read-only value.
07-06 00:03:43.217   989  1120 D SplashScreenView: Build android.window.SplashScreenView{56670d4 V.E...... ......ID 0,0-0,0}
07-06 00:03:43.217   989  1120 D SplashScreenView: Icon: view: null drawable: null size: 0
07-06 00:03:43.217   989  1120 D SplashScreenView: Branding: view: android.view.View{af6d27d G.ED..... ......I. 0,0-0,0 #10204db android:id/splashscreen_branding_view} drawable: null size w: 0 h: 0
07-06 00:03:43.244   411   453 D goldfish-address-space: claimShared: Ask to claim region [0x3f0cc0000 0x3f15e6000]
07-06 00:03:43.280  1338  2142 D EGL_emulation: app_time_stats: avg=1517.35ms min=1517.35ms max=1517.35ms count=1
07-06 00:03:43.282   411   453 D goldfish-address-space: claimShared: Ask to claim region [0x3f2832000 0x3f3158000]
07-06 00:03:43.290 14334 14364 D libEGL  : loaded /vendor/lib64/egl/libEGL_emulation.so
07-06 00:03:43.293 14334 14364 D libEGL  : loaded /vendor/lib64/egl/libGLESv1_CM_emulation.so
07-06 00:03:43.293   411   459 D goldfish-address-space: claimShared: Ask to claim region [0x3f66fb000 0x3f7021000]
07-06 00:03:43.297 14334 14364 D libEGL  : loaded /vendor/lib64/egl/libGLESv2_emulation.so
07-06 00:03:43.301   989  1140 W Parcel  : Expecting binder but got null!
07-06 00:03:43.393 14334 14334 D AppCompatDelegate: Checking for metadata for AppLocalesMetadataHolderService : Service not found
07-06 00:03:43.404 14334 14334 D LifecycleMonitor: Lifecycle status change: com.example.cardioassistant.SplashActivity@e971c50 in: PRE_ON_CREATE
07-06 00:03:43.404 14334 14334 V ActivityScenario: Activity lifecycle changed event received but ignored because the reported transition was not ON_CREATE while the last known transition was PRE_ON_CREATE
07-06 00:03:43.466 14334 14334 W cardioassistant: Accessing hidden method Landroid/view/View;->computeFitSystemWindows(Landroid/graphics/Rect;Landroid/graphics/Rect;)Z (unsupported, reflection, allowed)
07-06 00:03:43.466 14334 14334 W cardioassistant: Accessing hidden method Landroid/view/ViewGroup;->makeOptionalFitsSystemWindows()V (unsupported, reflection, allowed)
07-06 00:03:43.495 14334 14334 D CompatibilityChangeReporter: Compat change id reported: 210923482; UID 10160; state: ENABLED
07-06 00:03:43.537 14334 14334 D LifecycleMonitor: Lifecycle status change: com.example.cardioassistant.SplashActivity@e971c50 in: CREATED
07-06 00:03:43.538 14334 14334 V ActivityScenario: Update currentActivityStage to CREATED, currentActivity=com.example.cardioassistant.SplashActivity@e971c50
07-06 00:03:43.540 14334 14334 D LifecycleMonitor: Lifecycle status change: com.example.cardioassistant.SplashActivity@e971c50 in: STARTED
07-06 00:03:43.541 14334 14334 V ActivityScenario: Update currentActivityStage to STARTED, currentActivity=com.example.cardioassistant.SplashActivity@e971c50
07-06 00:03:43.542 14334 14334 D LifecycleMonitor: Lifecycle status change: com.example.cardioassistant.SplashActivity@e971c50 in: RESUMED
07-06 00:03:43.543 14334 14334 V ActivityScenario: Update currentActivityStage to RESUMED, currentActivity=com.example.cardioassistant.SplashActivity@e971c50
07-06 00:03:43.582 14334 14361 D HostConnection: createUnique: call
07-06 00:03:43.587 14334 14361 D HostConnection: HostConnection::get() New Host Connection established 0x76778ed16190, tid 14361
07-06 00:03:43.593 14334 14361 D HostConnection: HostComposition ext ANDROID_EMU_CHECKSUM_HELPER_v1 ANDROID_EMU_native_sync_v2 ANDROID_EMU_native_sync_v3 ANDROID_EMU_native_sync_v4 ANDROID_EMU_dma_v1 ANDROID_EMU_direct_mem ANDROID_EMU_host_composition_v1 ANDROID_EMU_host_composition_v2 ANDROID_EMU_vulkan ANDROID_EMU_deferred_vulkan_commands ANDROID_EMU_vulkan_null_optional_strings ANDROID_EMU_vulkan_create_resources_with_requirements ANDROID_EMU_YUV_Cache ANDROID_EMU_vulkan_ignored_handles ANDROID_EMU_has_shared_slots_host_memory_allocator ANDROID_EMU_vulkan_free_memory_sync ANDROID_EMU_vulkan_shader_float16_int8 ANDROID_EMU_vulkan_async_queue_submit ANDROID_EMU_vulkan_queue_submit_with_commands ANDROID_EMU_sync_buffer_data ANDROID_EMU_vulkan_async_qsri ANDROID_EMU_read_color_buffer_dma ANDROID_EMU_hwc_multi_configs GL_OES_vertex_array_object GL_KHR_texture_compression_astc_ldr ANDROID_EMU_host_side_tracing ANDROID_EMU_gles_max_version_2
07-06 00:03:43.596   470   493 W TransactionTracing: Could not find layer id -1
07-06 00:03:43.596   470   493 W TransactionTracing: Could not find layer id -1
07-06 00:03:43.597   470   493 W TransactionTracing: Could not find layer id -1
07-06 00:03:43.597   470   493 W TransactionTracing: Could not find layer id -1
07-06 00:03:43.597   470   493 W TransactionTracing: Could not find layer id -1
07-06 00:03:43.597   470   493 W TransactionTracing: Could not find layer id -1
07-06 00:03:43.599 14334 14361 W OpenGLRenderer: Failed to choose config with EGL_SWAP_BEHAVIOR_PRESERVED, retrying without...
07-06 00:03:43.599 14334 14361 W OpenGLRenderer: Failed to initialize 101010-2 format, error = EGL_SUCCESS
07-06 00:03:43.622   470   493 W TransactionTracing: Could not find layer handle 0x790bf1e42b70
07-06 00:03:43.622   470   493 W TransactionTracing: Could not find layer handle 0x790bf1e3b130
07-06 00:03:43.622   470   493 W TransactionTracing: Could not find layer handle 0x790bf1e3b130
07-06 00:03:43.623   470   493 W TransactionTracing: Could not find layer handle 0x790bf1e42b70
07-06 00:03:43.623   470   493 W TransactionTracing: Could not find layer id -1
07-06 00:03:43.626 14334 14361 D EGL_emulation: eglCreateContext: 0x76778ed18ad0: maj 2 min 0 rcv 2
07-06 00:03:43.635   989  1140 D EGL_emulation: app_time_stats: avg=43564.15ms min=43564.15ms max=43564.15ms count=1
07-06 00:03:43.688   470   493 W TransactionTracing: Could not find layer handle 0x790bf1e3f990
07-06 00:03:43.688   470   493 W TransactionTracing: Could not find layer handle 0x790bf1e3f990
07-06 00:03:43.702   989  1140 D EGL_emulation: app_time_stats: avg=18083.44ms min=65.37ms max=36101.51ms count=2
07-06 00:03:43.706 14334 14361 D EGL_emulation: eglMakeCurrent: 0x76778ed18ad0: ver 2 0 (tinfo 0x7679b7665080) (first time)
07-06 00:03:43.714   227   227 I hwservicemanager: getTransport: Cannot find entry android.hardware.graphics.mapper@4.0::IMapper/default in either framework or device VINTF manifest.
07-06 00:03:43.715 14334 14361 I Gralloc4: mapper 4.x is not supported
07-06 00:03:43.716 14334 14361 D HostConnection: createUnique: call
07-06 00:03:43.717 14334 14361 D HostConnection: HostConnection::get() New Host Connection established 0x76778ed18110, tid 14361
07-06 00:03:43.717 14334 14361 D goldfish-address-space: allocate: Ask for block of size 0x100
07-06 00:03:43.718 14334 14361 D goldfish-address-space: allocate: ioctl allocate returned offset 0x3efffe000 size 0x2000
07-06 00:03:43.725   227   227 I hwservicemanager: getTransport: Cannot find entry android.hardware.graphics.allocator@4.0::IAllocator/default in either framework or device VINTF manifest.
07-06 00:03:43.726   226   226 I servicemanager: Could not find android.hardware.graphics.allocator.IAllocator/default in the VINTF manifest.
07-06 00:03:43.726 14334 14361 W Gralloc4: allocator 4.x is not supported
07-06 00:03:43.729   411   459 D goldfish-address-space: claimShared: Ask to claim region [0x3f0000000 0x3f0926000]
07-06 00:03:43.738 14334 14361 D HostConnection: HostComposition ext ANDROID_EMU_CHECKSUM_HELPER_v1 ANDROID_EMU_native_sync_v2 ANDROID_EMU_native_sync_v3 ANDROID_EMU_native_sync_v4 ANDROID_EMU_dma_v1 ANDROID_EMU_direct_mem ANDROID_EMU_host_composition_v1 ANDROID_EMU_host_composition_v2 ANDROID_EMU_vulkan ANDROID_EMU_deferred_vulkan_commands ANDROID_EMU_vulkan_null_optional_strings ANDROID_EMU_vulkan_create_resources_with_requirements ANDROID_EMU_YUV_Cache ANDROID_EMU_vulkan_ignored_handles ANDROID_EMU_has_shared_slots_host_memory_allocator ANDROID_EMU_vulkan_free_memory_sync ANDROID_EMU_vulkan_shader_float16_int8 ANDROID_EMU_vulkan_async_queue_submit ANDROID_EMU_vulkan_queue_submit_with_commands ANDROID_EMU_sync_buffer_data ANDROID_EMU_vulkan_async_qsri ANDROID_EMU_read_color_buffer_dma ANDROID_EMU_hwc_multi_configs GL_OES_vertex_array_object GL_KHR_texture_compression_astc_ldr ANDROID_EMU_host_side_tracing ANDROID_EMU_gles_max_version_2
07-06 00:03:43.741   411   459 D goldfish-address-space: claimShared: Ask to claim region [0x3f5499000 0x3f5dbf000]
07-06 00:03:43.750   411   459 D goldfish-address-space: claimShared: Ask to claim region [0x3f5dbf000 0x3f66e5000]
07-06 00:03:43.830 14334 14361 W Parcel  : Expecting binder but got null!
07-06 00:03:43.834   614   647 W ziparchive: Unable to open '/data/app/~~CQAhIATh-ewxMf725pptGg==/com.example.cardioassistant-lkiRLI-wVJ9m3ms-Q5_6vA==/base.dm': No such file or directory
07-06 00:03:43.837   614   647 I ActivityTaskManager: Displayed com.example.cardioassistant/.SplashActivity: +635ms
07-06 00:03:43.858  1703  1703 I GoogleInputMethodService: GoogleInputMethodService.onFinishInput():3220
07-06 00:03:43.860  1703  1703 I GoogleInputMethodService: GoogleInputMethodService.updateDeviceLockedStatus():2114 repeatCheckTimes = 0, unlocked = true
07-06 00:03:43.861  1703  1703 I GoogleInputMethodService: GoogleInputMethodService.onStartInput():1919 onStartInput(EditorInfo{inputType=0x0(NULL) imeOptions=0x0 privateImeOptions=null actionName=UNSPECIFIED actionLabel=null actionId=0 initialSelStart=-1 initialSelEnd=-1 initialCapsMode=0x0 hintText=null label=null packageName=com.example.cardioassistant fieldId=-1 fieldName=null extras=null}, false)
07-06 00:03:43.861  1703  1703 I GoogleInputMethodService: GoogleInputMethodService.updateDeviceLockedStatus():2114 repeatCheckTimes = 2, unlocked = true
07-06 00:03:43.866  1188  1531 D BtGatt.ScanManager: uid 10104 isForeground true scanMode -1
07-06 00:03:43.866  1188  1531 D BtGatt.ScanManager: uid 10104 isForeground true scanMode -1
07-06 00:03:43.885  2534 10892 I PBSessionCacheImpl: Deleted sessionId[11146338437364357] from persistence.
07-06 00:03:43.913  2534  2780 I A       : Using proto config with mendel
07-06 00:03:43.915  2534  2780 I A       : Using proto config with mendel
07-06 00:03:43.917  2534  2780 W SearchServiceCore: Abort, client detached.
07-06 00:03:43.926  2534  2780 I MicroDetectionState: Should stop hotword detection immediately - true
07-06 00:03:43.926  2534  2780 I A       : Using proto config with mendel
07-06 00:03:43.933  2534  2780 I A       : Using proto config with mendel
07-06 00:03:43.944   470   493 W TransactionTracing: Could not find layer handle 0x790bf1e41fd0
07-06 00:03:44.075  1188  1531 D BtGatt.ScanManager: uid 10104 isForeground true scanMode -1
07-06 00:03:44.075  1188  1531 D BtGatt.ScanManager: uid 10104 isForeground true scanMode -1
07-06 00:03:44.076  1353  3506 I FontLog : Received query Noto Color Emoji Compat, URI content://com.google.android.gms.fonts [CONTEXT service_id=132 ]
07-06 00:03:44.077  1353  3506 I FontLog : Query [emojicompat-emoji-font] resolved to {Noto Color Emoji Compat, wdth 100.0, wght 400, ital 0.0, bestEffort false} [CONTEXT service_id=132 ]
07-06 00:03:44.081  1353  3506 I FontLog : Fetch {Noto Color Emoji Compat, wdth 100.0, wght 400, ital 0.0, bestEffort false} end status Status{statusCode=SUCCESS, resolution=null} [CONTEXT service_id=132 ]
07-06 00:03:44.108  1353  3506 I FontLog : Pulling font file for id = 17, cache size = 6 [CONTEXT service_id=132 ]
07-06 00:03:44.112  1353  3506 I FontLog : Pulling font file for id = 17, cache size = 6 [CONTEXT service_id=132 ]
07-06 00:03:44.148   614  2372 W InputManager-JNI: Input channel object 'a846b0b Splash Screen com.example.cardioassistant (client)' was disposed without first being removed with the input manager!
07-06 00:03:44.189   989  1119 W FrameTracker: Missed App frame:UNKNOWN: 24, 83076, 0, CUJ=J<SPLASHSCREEN_EXIT_ANIM>
07-06 00:03:44.189   989  1119 W FrameTracker: Missed SF frame:UNKNOWN: 24, 83076, 0, CUJ=J<SPLASHSCREEN_EXIT_ANIM>
07-06 00:03:44.190   989  1119 W FrameTracker: Missing HWUI jank callback for vsyncId: 83076, CUJ=J<SPLASHSCREEN_EXIT_ANIM>
07-06 00:03:44.190   989  1119 W FrameTracker: Missed App frame:UNKNOWN: 88, 83105, 84549520, CUJ=J<SPLASHSCREEN_EXIT_ANIM>
07-06 00:03:44.190   989  1119 W FrameTracker: Missed SF frame:UNKNOWN: 88, 83105, 84549520, CUJ=J<SPLASHSCREEN_EXIT_ANIM>
07-06 00:03:44.190   989  1119 W FrameTracker: Missed App frame:UNKNOWN: 88, 83149, 0, CUJ=J<SPLASHSCREEN_EXIT_ANIM>
07-06 00:03:44.190   989  1119 W FrameTracker: Missed SF frame:UNKNOWN: 88, 83149, 0, CUJ=J<SPLASHSCREEN_EXIT_ANIM>
07-06 00:03:44.190   989  1119 W FrameTracker: Missing HWUI jank callback for vsyncId: 83149, CUJ=J<SPLASHSCREEN_EXIT_ANIM>
07-06 00:03:44.190   989  1119 W FrameTracker: Missed SF frame:UNKNOWN: 80, 83179, 0, CUJ=J<SPLASHSCREEN_EXIT_ANIM>
07-06 00:03:44.191   989  1119 W FrameTracker: Missing HWUI jank callback for vsyncId: 83179, CUJ=J<SPLASHSCREEN_EXIT_ANIM>
07-06 00:03:44.191   989  1119 W FrameTracker: Missed SF frame:UNKNOWN: 80, 83202, 60138124, CUJ=J<SPLASHSCREEN_EXIT_ANIM>
07-06 00:03:44.191   989  1119 W FrameTracker: Missed SF frame:UNKNOWN: 80, 83210, 72428858, CUJ=J<SPLASHSCREEN_EXIT_ANIM>
07-06 00:03:44.191   989  1119 W FrameTracker: Missed SF frame:UNKNOWN: 80, 83218, 74565692, CUJ=J<SPLASHSCREEN_EXIT_ANIM>
07-06 00:03:44.191   989  1119 W FrameTracker: Missed SF frame:UNKNOWN: 80, 83234, 58663060, CUJ=J<SPLASHSCREEN_EXIT_ANIM>
07-06 00:03:44.191   989  1119 W FrameTracker: Missed SF frame:UNKNOWN: 80, 83243, 41435528, CUJ=J<SPLASHSCREEN_EXIT_ANIM>
07-06 00:03:44.710   989  1140 D EGL_emulation: app_time_stats: avg=9.39ms min=1.41ms max=50.49ms count=50
07-06 00:03:46.526 14334 14334 D LifecycleMonitor: Lifecycle status change: com.example.cardioassistant.SplashActivity@e971c50 in: PAUSED
07-06 00:03:46.527 14334 14334 V ActivityScenario: Update currentActivityStage to PAUSED, currentActivity=com.example.cardioassistant.SplashActivity@e971c50
07-06 00:03:46.541 14334 14334 D LifecycleMonitor: Lifecycle status change: com.example.cardioassistant.LoginActivity@3e4731f in: PRE_ON_CREATE
07-06 00:03:46.541 14334 14334 V ActivityScenario: Activity lifecycle changed event received but ignored because the intent does not match. startActivityIntent=Intent { act=android.intent.action.MAIN cat=[android.intent.category.LAUNCHER] flg=0x10008000 cmp=com.example.cardioassistant/.SplashActivity }, activity.getIntent()=Intent { cmp=com.example.cardioassistant/.LoginActivity }, activity=com.example.cardioassistant.LoginActivity@3e4731f
07-06 00:03:46.634 14334 14334 D FirebaseAuth: Notifying id token listeners about user ( AUp9jigfbpRY3zMxcKIgScP5s532 ).
07-06 00:03:46.640 14334 14334 D LifecycleMonitor: Lifecycle status change: com.example.cardioassistant.LoginActivity@3e4731f in: CREATED
07-06 00:03:46.640 14334 14334 V ActivityScenario: Activity lifecycle changed event received but ignored because the intent does not match. startActivityIntent=Intent { act=android.intent.action.MAIN cat=[android.intent.category.LAUNCHER] flg=0x10008000 cmp=com.example.cardioassistant/.SplashActivity }, activity.getIntent()=Intent { cmp=com.example.cardioassistant/.LoginActivity }, activity=com.example.cardioassistant.LoginActivity@3e4731f
07-06 00:03:46.642 14334 14334 D LifecycleMonitor: Lifecycle status change: com.example.cardioassistant.LoginActivity@3e4731f in: STARTED
07-06 00:03:46.643 14334 14334 V ActivityScenario: Activity lifecycle changed event received but ignored because the intent does not match. startActivityIntent=Intent { act=android.intent.action.MAIN cat=[android.intent.category.LAUNCHER] flg=0x10008000 cmp=com.example.cardioassistant/.SplashActivity }, activity.getIntent()=Intent { cmp=com.example.cardioassistant/.LoginActivity }, activity=com.example.cardioassistant.LoginActivity@3e4731f
07-06 00:03:46.644 14334 14334 D LifecycleMonitor: Lifecycle status change: com.example.cardioassistant.LoginActivity@3e4731f in: RESUMED
07-06 00:03:46.644 14334 14334 V ActivityScenario: Activity lifecycle changed event received but ignored because the intent does not match. startActivityIntent=Intent { act=android.intent.action.MAIN cat=[android.intent.category.LAUNCHER] flg=0x10008000 cmp=com.example.cardioassistant/.SplashActivity }, activity.getIntent()=Intent { cmp=com.example.cardioassistant/.LoginActivity }, activity=com.example.cardioassistant.LoginActivity@3e4731f
07-06 00:03:46.681   411   459 D goldfish-address-space: claimShared: Ask to claim region [0x3f0cc0000 0x3f15e6000]
07-06 00:03:46.694 14334 14334 D AutofillManager: Trigger fill request at view entered
07-06 00:03:46.695   470   493 W TransactionTracing: Could not find layer id -1
07-06 00:03:46.695   470   493 W TransactionTracing: Could not find layer id -1
07-06 00:03:46.696   470   493 W TransactionTracing: Could not find layer id -1
07-06 00:03:46.696   470   493 W TransactionTracing: Could not find layer id -1
07-06 00:03:46.697   470   493 W TransactionTracing: Could not find layer id -1
07-06 00:03:46.697   470   493 W TransactionTracing: Could not find layer id -1
07-06 00:03:46.697   470   493 W TransactionTracing: Could not find layer id -1
07-06 00:03:46.697   470   493 W TransactionTracing: Could not find layer id -1
07-06 00:03:46.700   411   459 D goldfish-address-space: claimShared: Ask to claim region [0x3f15e6000 0x3f1f0c000]
07-06 00:03:46.702   411   453 D goldfish-address-space: claimShared: Ask to claim region [0x3f1f0c000 0x3f2832000]
07-06 00:03:46.722 14334 14361 W Parcel  : Expecting binder but got null!
07-06 00:03:46.727 14334 14334 D CompatibilityChangeReporter: Compat change id reported: 163400105; UID 10160; state: ENABLED
07-06 00:03:46.728   614   647 I ActivityTaskManager: Displayed com.example.cardioassistant/.LoginActivity: +214ms
07-06 00:03:46.731 14334 14334 I AssistStructure: Flattened final assist data: 1760 bytes, containing 1 windows, 8 views
07-06 00:03:46.738   470   493 W TransactionTracing: Could not find layer id -1
07-06 00:03:46.739   411   459 D goldfish-address-space: claimShared: Ask to claim region [0x3f399c000 0x3f399f000]
07-06 00:03:46.747   411   453 D goldfish-address-space: claimShared: Ask to claim region [0x3f399f000 0x3f39a2000]
07-06 00:03:46.757   411   453 D goldfish-address-space: claimShared: Ask to claim region [0x3f39a2000 0x3f3a8d000]
07-06 00:03:46.778   411   453 D goldfish-address-space: claimShared: Ask to claim region [0x3f3a8d000 0x3f3b78000]
07-06 00:03:46.782   614  1526 W Parcel  : Expecting binder but got null!
07-06 00:03:46.782   411   453 D goldfish-address-space: claimShared: Ask to claim region [0x3f3b78000 0x3f3c63000]
07-06 00:03:46.789   411   453 D goldfish-address-space: claimShared: Ask to claim region [0x3f3c63000 0x3f3d4e000]
07-06 00:03:46.797   614  1526 W Parcel  : Expecting binder but got null!
07-06 00:03:46.897  1703  1703 I GoogleInputMethodService: GoogleInputMethodService.onFinishInput():3220
07-06 00:03:46.899  1703  1703 I GoogleInputMethodService: GoogleInputMethodService.updateDeviceLockedStatus():2114 repeatCheckTimes = 0, unlocked = true
07-06 00:03:46.900  1703  1703 W KeyboardViewController: KeyboardViewController.show():493 Requesting to show sub view with id 2131428249(#0x7f0b0399) when keyboard HEADER view is not ready to show
07-06 00:03:46.903  1703  1703 I GoogleInputMethodService: GoogleInputMethodService.onStartInput():1919 onStartInput(EditorInfo{inputType=0x0(NULL) imeOptions=0x0 privateImeOptions=null actionName=UNSPECIFIED actionLabel=null actionId=0 initialSelStart=-1 initialSelEnd=-1 initialCapsMode=0x0 hintText=null label=null packageName=com.example.cardioassistant fieldId=-1 fieldName=null extras=null}, false)
07-06 00:03:46.905   470   493 W TransactionTracing: Could not find layer handle 0x790bf1e3cd50
07-06 00:03:46.911  1703  1703 I GoogleInputMethodService: GoogleInputMethodService.updateDeviceLockedStatus():2114 repeatCheckTimes = 2, unlocked = true
07-06 00:03:46.930  1353  1353 W svc     : Pending fill request while another request in the same session was triggered. [CONTEXT service_id=177 ]
07-06 00:03:46.935  9712  9712 D BoundBrokerSvc: onBind: Intent { act=com.google.android.mdd.service.START dat=chimera-action:/... cmp=com.google.android.gms/.chimera.GmsBoundBrokerService }
07-06 00:03:46.935  9712  9712 D BoundBrokerSvc: Loading bound service for intent: Intent { act=com.google.android.mdd.service.START dat=chimera-action:/... cmp=com.google.android.gms/.chimera.GmsBoundBrokerService }
07-06 00:03:46.965  1740  1740 V InlineSuggestionRenderService: handleDestroySuggestionViews called for 0:938781015
07-06 00:03:46.972  1353  3506 I .gms.persistent: oneway function results for code 1 on binder at 0x76771ed7dca0 will be dropped but finished with status UNKNOWN_TRANSACTION and reply parcel size 80
07-06 00:03:47.271   470   493 W TransactionTracing: Could not find layer handle 0x790bf1e40ef0
07-06 00:03:47.271   470   493 W TransactionTracing: Could not find layer handle 0x790bf1e3d8f0
07-06 00:03:47.272   470   493 W TransactionTracing: Could not find layer handle 0x790bf1e3abf0
07-06 00:03:47.272   470   493 W TransactionTracing: Could not find layer handle 0x790bf1e3d8f0
07-06 00:03:47.273   470   493 W TransactionTracing: Could not find layer handle 0x790bf1e3d410
07-06 00:03:47.274   470   493 W TransactionTracing: Could not find layer handle 0x790bf1e39d50
07-06 00:03:47.274   470   493 W TransactionTracing: Could not find layer handle 0x790bf1e40ef0
07-06 00:03:47.274   470   493 W TransactionTracing: Could not find layer handle 0x790bf1e403b0
07-06 00:03:47.281 14334 14334 D LifecycleMonitor: Lifecycle status change: com.example.cardioassistant.SplashActivity@e971c50 in: STOPPED
07-06 00:03:47.282 14334 14334 V ActivityScenario: Update currentActivityStage to STOPPED, currentActivity=com.example.cardioassistant.SplashActivity@e971c50
07-06 00:03:47.285 14334 14334 D LifecycleMonitor: Lifecycle status change: com.example.cardioassistant.SplashActivity@e971c50 in: DESTROYED
07-06 00:03:47.285 14334 14334 V ActivityScenario: Update currentActivityStage to DESTROYED, currentActivity=null
07-06 00:03:47.288   614  2840 W InputManager-JNI: Input channel object 'b9fab30 com.example.cardioassistant/com.example.cardioassistant.SplashActivity (client)' was disposed without first being removed with the input manager!
07-06 00:03:47.304   470   493 W TransactionTracing: Could not find layer handle 0x790bf1e3d0b0
07-06 00:03:47.304   470   493 W TransactionTracing: Could not find layer handle 0x790bf1e3ae90
07-06 00:03:47.320   470   493 W TransactionTracing: Could not find layer handle 0x790bf1e41850
07-06 00:03:48.889 14334 14358 D EventInjectionStrategy: Creating injection strategy with input manager.
07-06 00:03:48.889 14334 14358 W cardioassistant: Accessing hidden method Landroid/hardware/input/InputManager;->getInstance()Landroid/hardware/input/InputManager; (unsupported, reflection, allowed)
07-06 00:03:48.890 14334 14358 W cardioassistant: Accessing hidden method Landroid/hardware/input/InputManager;->injectInputEvent(Landroid/view/InputEvent;I)Z (unsupported, reflection, allowed)
07-06 00:03:48.891 14334 14358 W cardioassistant: Accessing hidden field Landroid/hardware/input/InputManager;->INJECT_INPUT_EVENT_MODE_WAIT_FOR_FINISH:I (unsupported, reflection, allowed)
07-06 00:03:48.912 14334 14334 W cardioassistant: Accessing hidden method Landroid/os/MessageQueue;->next()Landroid/os/Message; (unsupported, reflection, allowed)
07-06 00:03:48.913 14334 14334 W cardioassistant: Accessing hidden field Landroid/os/MessageQueue;->mMessages:Landroid/os/Message; (unsupported, reflection, allowed)
07-06 00:03:48.913 14334 14334 W cardioassistant: Accessing hidden method Landroid/os/Message;->recycleUnchecked()V (unsupported, reflection, allowed)
07-06 00:03:48.918 14334 14334 W cardioassistant: Accessing hidden method Landroid/view/WindowManagerGlobal;->getInstance()Landroid/view/WindowManagerGlobal; (unsupported, reflection, allowed)
07-06 00:03:48.919 14334 14334 W cardioassistant: Accessing hidden field Landroid/view/WindowManagerGlobal;->mViews:Ljava/util/ArrayList; (unsupported, reflection, allowed)
07-06 00:03:48.920 14334 14334 W cardioassistant: Accessing hidden field Landroid/view/WindowManagerGlobal;->mParams:Ljava/util/ArrayList; (unsupported, reflection, allowed)
07-06 00:03:48.929 14334 14334 I ViewInteraction: Performing 'replace text()' action on view view.getId() is <2131230983/com.example.cardioassistant:id/login_email_view>
07-06 00:03:48.933 14334 14358 W cardioassistant: Accessing hidden method Landroid/view/ViewConfiguration;->getDoubleTapMinTime()I (unsupported, reflection, allowed)
07-06 00:03:48.939 14334 14334 I ViewInteraction: Performing 'type text(ridoy@gmail.com)' action on view view.getId() is <2131230983/com.example.cardioassistant:id/login_email_view>
07-06 00:03:48.946  1338  1338 D TaplEvents: TIS / TouchInteractionService.onInputEvent: MotionEvent { action=ACTION_DOWN, actionButton=0, id[0]=0, x[0]=539.5, y[0]=858.0, toolType[0]=TOOL_TYPE_UNKNOWN, buttonState=BUTTON_PRIMARY, classification=NONE, metaState=0, flags=0x0, edgeFlags=0x0, pointerCount=1, historySize=0, eventTime=2067452, downTime=2067452, deviceId=-1, source=0x1002, displayId=0, eventId=-388150985 }
07-06 00:03:48.995  1338  1338 D TaplEvents: TIS / TouchInteractionService.onInputEvent: MotionEvent { action=ACTION_UP, actionButton=0, id[0]=0, x[0]=539.5, y[0]=858.0, toolType[0]=TOOL_TYPE_FINGER, buttonState=BUTTON_PRIMARY, classification=NONE, metaState=0, flags=0x0, edgeFlags=0x0, pointerCount=1, historySize=0, eventTime=2067496, downTime=2067452, deviceId=-1, source=0x1002, displayId=0, eventId=-323586250 }
07-06 00:03:48.999  1703  1703 I GoogleInputMethodService: GoogleInputMethodService.onFinishInput():3220
07-06 00:03:49.000  1703  1703 I GoogleInputMethodService: GoogleInputMethodService.updateDeviceLockedStatus():2114 repeatCheckTimes = 0, unlocked = true
07-06 00:03:49.000 14334 14334 D InputMethodManager: showSoftInput() view=androidx.appcompat.widget.AppCompatEditText{3eb95fd VFED..CL. .F.P..ID 31,710-1049,875 #7f080107 app:id/login_email_view aid=1073741824} flags=0 reason=SHOW_SOFT_INPUT
07-06 00:03:49.000  1703  1703 I GoogleInputMethodService: GoogleInputMethodService.onStartInput():1919 onStartInput(EditorInfo{inputType=0x21(EmailAddress) imeOptions=0x8000005 privateImeOptions=null actionName=NEXT actionLabel=null actionId=0 initialSelStart=0 initialSelEnd=0 initialCapsMode=0x0 hintText=non-empty label=null packageName=com.example.cardioassistant fieldId=2131230983 fieldName=null extras=Bundle[mParcelledData.dataSize=240]}, false)
07-06 00:03:49.002  1703  1703 I GoogleInputMethodService: GoogleInputMethodService.updateDeviceLockedStatus():2114 repeatCheckTimes = 2, unlocked = true
07-06 00:03:49.006  1703  1703 I DeviceModeUtil: DeviceModeUtil.getDeviceMode():117 Get device mode phone by ui mode:1 and smallestScreenWidthDp:393
07-06 00:03:49.006  1703  1703 I GoogleInputMethodService: GoogleInputMethodService.onStartInputView():2023 onStartInputView(EditorInfo{inputType=0x21(EmailAddress) imeOptions=0x8000005 privateImeOptions=null actionName=NEXT actionLabel=null actionId=0 initialSelStart=0 initialSelEnd=0 initialCapsMode=0x0 hintText=non-empty label=null packageName=com.example.cardioassistant fieldId=2131230983 fieldName=null extras=Bundle[{android.support.text.emoji.emojiCompat_metadataVersion=8, android.support.text.emoji.emojiCompat_replaceAll=false}]}, false)
07-06 00:03:49.008  1703  1833 I DeviceModeUtil: DeviceModeUtil.getDeviceMode():117 Get device mode phone by ui mode:1 and smallestScreenWidthDp:393
07-06 00:03:49.009  1703  1703 I GoogleInputMethodService: GoogleInputMethodService.updateDeviceLockedStatus():2114 repeatCheckTimes = 2, unlocked = true
07-06 00:03:49.011  1703  1703 I KeyboardViewUtil: KeyboardViewUtil.getKeyboardHeightRatio():168 systemKeyboardHeightRatio:1.000000; userKeyboardHeightRatio:1.000000.
07-06 00:03:49.012  1703  1703 I AndroidIME: AbstractIme.onActivate():91 LatinIme.onActivate() : EditorInfo = inputType=0x21(EmailAddress) imeOptions=0x8000005 privateImeOptions=null actionName=NEXT actionLabel=null actionId=0 initialSelStart=0 initialSelEnd=0 initialCapsMode=0x0 hintText=non-empty label=null packageName=com.example.cardioassistant fieldId=2131230983 fieldName=null extras=Bundle[{android.support.text.emoji.emojiCompat_metadataVersion=8, android.support.text.emoji.emojiCompat_replaceAll=false}], IncognitoMode = false, DeviceLocked = false
07-06 00:03:49.013  1703  1703 I Delight5Facilitator: Delight5Facilitator.initializeForIme():777 initializeForIme() : Locale = [en_US], layout = qwerty
07-06 00:03:49.013  1703  1703 I VoiceInputManagerWrapper: VoiceInputManagerWrapper.cancelShutdown():55 cancelShutdown()
07-06 00:03:49.014  1703  1703 I VoiceInputManagerWrapper: VoiceInputManagerWrapper.syncLanguagePacks():67 syncLanguagePacks()
07-06 00:03:49.017  1703 11729 I SpeechFactory: SpeechRecognitionFactory.maybeScheduleAutoPackDownloadForFallback():202 maybeScheduleAutoPackDownloadForFallback()
07-06 00:03:49.017  1703 11729 I FallbackOnDeviceRecognitionProvider: FallbackOnDeviceRecognitionProvider.maybeScheduleAutoPackDownload():196 maybeScheduleAutoPackDownload() for language tag en-US
07-06 00:03:49.017  1703  1703 I LatinIme: LatinIme.updateEnableInlineSuggestionsOnDecoderSideFlags():1295 inline flag updated to:false
07-06 00:03:49.020   470   493 W TransactionTracing: Could not find layer id -1
07-06 00:03:49.023  1703  1703 I KeyboardWrapper: KeyboardWrapper.consumeEvent():273 Skip consuming an event as current keyboard is deactivated (state=0, keyboard existence=true)
07-06 00:03:49.040  1703  1703 I KeyboardViewHelper: KeyboardViewHelper.getView():168 Get view with height ratio:1.000000
07-06 00:03:49.051  1703  1703 I KeyboardViewUtil: KeyboardViewUtil.calculateMaxKeyboardBodyHeight():44 leave 344 height for app when screen height:2088, header height:121 and isFullscreenMode:false, so the max keyboard body height is:1623
07-06 00:03:49.054  1703  1703 I DeviceModeUtil: DeviceModeUtil.getDeviceMode():117 Get device mode phone by ui mode:1 and smallestScreenWidthDp:393
07-06 00:03:49.054  1703  1703 I KeyboardViewUtil: KeyboardViewUtil.calculateMaxKeyboardBodyHeight():44 leave 344 height for app when screen height:2088, header height:121 and isFullscreenMode:false, so the max keyboard body height is:1623
07-06 00:03:49.056  1703  1703 I DeviceModeUtil: DeviceModeUtil.getDeviceMode():117 Get device mode phone by ui mode:1 and smallestScreenWidthDp:393
07-06 00:03:49.058  1703  1703 I DeviceModeUtil: DeviceModeUtil.getDeviceMode():117 Get device mode phone by ui mode:1 and smallestScreenWidthDp:393
07-06 00:03:49.058  1703  1703 I DeviceModeUtil: DeviceModeUtil.getDeviceMode():117 Get device mode phone by ui mode:1 and smallestScreenWidthDp:393
07-06 00:03:49.060  1703  1703 I NormalModeController: NormalModeController.getKeyboardBodyViewHolderPaddingBottom():111 currentPrimeKeyboardType:SOFT systemPaddingBottom:-1
07-06 00:03:49.060  1703  1703 I NormalModeController: NormalModeController.getKeyboardBodyViewHolderPaddingBottom():111 currentPrimeKeyboardType:SOFT systemPaddingBottom:-1
07-06 00:03:49.065  1703  1703 I ProactiveSuggestionsHolderManager: ProactiveSuggestionsHolderManager$3.display():214 Requesting to show proactive suggestions: CLIPBOARD PREEMPTIVE_WITH_SUPPRESSION
07-06 00:03:49.067  1703  1703 I CurrentMicStatusHolder: CurrentMicStatusHolder.onStartInputView():79 Current Mic status = {MicIconHidden-EmailInputType,}
07-06 00:03:49.067  1703  1703 I VoiceImeExtension: VoiceImeExtension.shouldStartVoiceInputAutomatically():382 No private IME option set to start voice input.
07-06 00:03:49.072 14334 14334 W OnBackInvokedCallback: OnBackInvokedCallback is not enabled for the application.
07-06 00:03:49.072 14334 14334 W OnBackInvokedCallback: Set 'android:enableOnBackInvokedCallback="true"' in the application manifest.
07-06 00:03:49.072  9712  9712 D BoundBrokerSvc: onBind: Intent { act=com.google.firebase.dynamiclinks.service.START pkg=com.google.android.gms }
07-06 00:03:49.073  9712  9712 D BoundBrokerSvc: Loading bound service for intent: Intent { act=com.google.firebase.dynamiclinks.service.START pkg=com.google.android.gms }
07-06 00:03:49.095   411   453 D goldfish-address-space: claimShared: Ask to claim region [0x3f2832000 0x3f3112000]
07-06 00:03:49.122   411   453 D goldfish-address-space: claimShared: Ask to claim region [0x3f0000000 0x3f08e0000]
07-06 00:03:49.134 14334 14334 D InsetsController: show(ime(), fromIme=true)
07-06 00:03:49.136  1703  1703 I DeviceModeUtil: DeviceModeUtil.getDeviceMode():117 Get device mode phone by ui mode:1 and smallestScreenWidthDp:393
07-06 00:03:49.149  1703  1703 I DeviceModeUtil: DeviceModeUtil.getDeviceMode():117 Get device mode phone by ui mode:1 and smallestScreenWidthDp:393
07-06 00:03:49.150  1703  1703 I NormalModeController: NormalModeController.getKeyboardBodyViewHolderPaddingBottom():111 currentPrimeKeyboardType:SOFT systemPaddingBottom:-1
07-06 00:03:49.151  1703  2520 I Delight5Decoder: Delight5DecoderWrapper.setKeyboardLayout():442 setKeyboardLayout()
07-06 00:03:49.162  1703  2520 I Delight5Decoder: Delight5DecoderWrapper.setKeyboardLayout():442 setKeyboardLayout()
07-06 00:03:49.183   411   453 D goldfish-address-space: claimShared: Ask to claim region [0x3f66fb000 0x3f6fdb000]
07-06 00:03:49.187  9712  9712 D BoundBrokerSvc: onBind: Intent { act=com.google.android.gms.common.BIND_SHARED_PREFS pkg=com.google.android.gms }
07-06 00:03:49.187  9712  9712 D BoundBrokerSvc: Loading bound service for intent: Intent { act=com.google.android.gms.common.BIND_SHARED_PREFS pkg=com.google.android.gms }
07-06 00:03:49.197  9712  9712 D BoundBrokerSvc: onUnbind: Intent { act=com.google.android.gms.common.BIND_SHARED_PREFS pkg=com.google.android.gms }
07-06 00:03:49.203  9712  9712 D BoundBrokerSvc: onBind: Intent { act=com.google.android.gms.common.BIND_SHARED_PREFS pkg=com.google.android.gms }
07-06 00:03:49.205  9712  9712 D BoundBrokerSvc: Loading bound service for intent: Intent { act=com.google.android.gms.common.BIND_SHARED_PREFS pkg=com.google.android.gms }
07-06 00:03:49.211  9712  9712 D BoundBrokerSvc: onUnbind: Intent { act=com.google.android.gms.common.BIND_SHARED_PREFS pkg=com.google.android.gms }
07-06 00:03:49.244 14334 14334 D UiControllerImpl: Injecting string: "ridoy@gmail.com"
07-06 00:03:49.267   614  2372 D InputDispatcher: Touch mode switch rejected, caller (pid=0, uid=10160) doesn't own the focused window nor none of the previously interacted window
07-06 00:03:49.270  1703  1703 W TooltipLifecycleManager: TooltipLifecycleManager.dismissTooltips():159 Tooltip with id spell_check_add_to_dictionary not found in tooltipManager.
07-06 00:03:49.322   989  1140 D EGL_emulation: app_time_stats: avg=131.04ms min=1.23ms max=3647.56ms count=34
07-06 00:03:49.366  1703  1703 I KeyboardViewController: KeyboardViewController.lambda$showSelfAndAncestors$6():610 current view doesn't has the priority com.google.android.apps.inputmethod.latin.keyboard.widget.LatinFixedCountCandidatesHolderView{7060d72 I.E...... ......ID 116,0-952,121 #7f0b13d8 app:id/softkey_holder_fixed_candidates} to show itself, PREEMPTIVE
07-06 00:03:49.450  1703  1703 I KeyboardViewController: KeyboardViewController.lambda$showSelfAndAncestors$6():610 current view doesn't has the priority com.google.android.apps.inputmethod.latin.keyboard.widget.LatinFixedCountCandidatesHolderView{7060d72 I.E...... ......ID 116,0-952,121 #7f0b13d8 app:id/softkey_holder_fixed_candidates} to show itself, PREEMPTIVE
07-06 00:03:49.484  1703  1703 I KeyboardViewController: KeyboardViewController.lambda$showSelfAndAncestors$6():610 current view doesn't has the priority com.google.android.apps.inputmethod.latin.keyboard.widget.LatinFixedCountCandidatesHolderView{7060d72 I.E...... ......ID 116,0-952,121 #7f0b13d8 app:id/softkey_holder_fixed_candidates} to show itself, PREEMPTIVE
07-06 00:03:49.505  1703  1703 W InputContextProxy: InputContextProxy.applyClientDiffInternal():920 Ignore [FetchSuggestions] diff due to stale request: 229<230, inputStateId=186, lastInputStateId=185
07-06 00:03:49.514  1703  1703 I KeyboardViewController: KeyboardViewController.lambda$showSelfAndAncestors$6():610 current view doesn't has the priority com.google.android.apps.inputmethod.latin.keyboard.widget.LatinFixedCountCandidatesHolderView{7060d72 I.E...... ......ID 116,0-952,121 #7f0b13d8 app:id/softkey_holder_fixed_candidates} to show itself, PREEMPTIVE
07-06 00:03:49.654   470   493 W TransactionTracing: Could not find layer id -1
07-06 00:03:49.806 14334 14334 I ViewInteraction: Performing 'send keyCode: 4, metaState: 0 key event' action on view view.getRootView() to equal view
07-06 00:03:49.821  1703  1703 I GoogleInputMethodService: GoogleInputMethodService.onFinishInputView():2266
07-06 00:03:49.822  1703  1703 W TooltipLifecycleManager: TooltipLifecycleManager.dismissTooltips():159 Tooltip with id spell_check_add_to_dictionary not found in tooltipManager.
07-06 00:03:49.827  1703  1703 I InputBundle: InputBundle.consumeEvent():894 Skip consuming an event as keyboard status is 0
07-06 00:03:49.830  1703  1703 I KeyboardWrapper: KeyboardWrapper.consumeEvent():273 Skip consuming an event as current keyboard is deactivated (state=0, keyboard existence=true)
07-06 00:03:49.831  1703  1703 I VoiceInputManagerWrapper: VoiceInputManagerWrapper.shutdown():77 shutdown()
07-06 00:03:49.832  1703  1703 I AndroidIME: AbstractIme.onDeactivate():213 LatinIme.onDeactivate()
07-06 00:03:49.840  1703  5953 E native  : E0000 00:00:1688580229.840408    5953 keyboard.cc:26] Cannot create a keyboard with 0 valid keys
07-06 00:03:50.011 14334 14334 I KeyEventActionBase: Back was pressed but there was no Activity stage transition in 150ms. Pressing back may trigger an activity stage transition if the activity is finished as a result. However, the activity may handle the back behavior in any number of other ways internally as well, such as popping the fragment back stack, dismissing a dialog, otherwise manually transacting fragments, etc.
07-06 00:03:50.018 14334 14334 I ViewInteraction: Performing 'replace text()' action on view view.getId() is <2131230985/com.example.cardioassistant:id/login_password_view>
07-06 00:03:50.041 14334 14334 I ViewInteraction: Performing 'type text(123456)' action on view view.getId() is <2131230985/com.example.cardioassistant:id/login_password_view>
07-06 00:03:50.045 14334 14361 D EGL_emulation: app_time_stats: avg=135.99ms min=4.70ms max=2221.35ms count=24
07-06 00:03:50.048  1338  1338 D TaplEvents: TIS / TouchInteractionService.onInputEvent: MotionEvent { action=ACTION_DOWN, actionButton=0, id[0]=0, x[0]=539.5, y[0]=1119.0, toolType[0]=TOOL_TYPE_UNKNOWN, buttonState=BUTTON_PRIMARY, classification=NONE, metaState=0, flags=0x0, edgeFlags=0x0, pointerCount=1, historySize=0, eventTime=2068553, downTime=2068553, deviceId=-1, source=0x1002, displayId=0, eventId=-72482667 }
07-06 00:03:50.094  1338  1338 D TaplEvents: TIS / TouchInteractionService.onInputEvent: MotionEvent { action=ACTION_UP, actionButton=0, id[0]=0, x[0]=539.5, y[0]=1119.0, toolType[0]=TOOL_TYPE_FINGER, buttonState=BUTTON_PRIMARY, classification=NONE, metaState=0, flags=0x0, edgeFlags=0x0, pointerCount=1, historySize=0, eventTime=2068596, downTime=2068553, deviceId=-1, source=0x1002, displayId=0, eventId=-1071549379 }
07-06 00:03:50.102 14334 14334 D InputMethodManager: showSoftInput() view=androidx.appcompat.widget.AppCompatEditText{1b022f2 VFED..CL. .F.P..ID 31,971-1049,1136 #7f080109 app:id/login_password_view aid=1073741825} flags=0 reason=SHOW_SOFT_INPUT
07-06 00:03:50.102  1703  1703 I GoogleInputMethodService: GoogleInputMethodService.onFinishInput():3220
07-06 00:03:50.103  1703  1703 I GoogleInputMethodService: GoogleInputMethodService.updateDeviceLockedStatus():2114 repeatCheckTimes = 0, unlocked = true
07-06 00:03:50.104  1703  1703 I GoogleInputMethodService: GoogleInputMethodService.onStartInput():1919 onStartInput(EditorInfo{inputType=0x81(Password) imeOptions=0x4000006 privateImeOptions=null actionName=DONE actionLabel=null actionId=0 initialSelStart=0 initialSelEnd=0 initialCapsMode=0x0 hintText=non-empty label=null packageName=com.example.cardioassistant fieldId=2131230985 fieldName=null extras=Bundle[mParcelledData.dataSize=240]}, false)
07-06 00:03:50.111  1703  1703 I GoogleInputMethodService: GoogleInputMethodService.updateDeviceLockedStatus():2114 repeatCheckTimes = 2, unlocked = true
07-06 00:03:50.115  1703  1703 I DeviceModeUtil: DeviceModeUtil.getDeviceMode():117 Get device mode phone by ui mode:1 and smallestScreenWidthDp:393
07-06 00:03:50.117  1703  1703 I GoogleInputMethodService: GoogleInputMethodService.onStartInputView():2023 onStartInputView(EditorInfo{inputType=0x81(Password) imeOptions=0x4000006 privateImeOptions=null actionName=DONE actionLabel=null actionId=0 initialSelStart=0 initialSelEnd=0 initialCapsMode=0x0 hintText=non-empty label=null packageName=com.example.cardioassistant fieldId=2131230985 fieldName=null extras=Bundle[{android.support.text.emoji.emojiCompat_metadataVersion=8, android.support.text.emoji.emojiCompat_replaceAll=false}]}, false)
07-06 00:03:50.119  1703  1833 I DeviceModeUtil: DeviceModeUtil.getDeviceMode():117 Get device mode phone by ui mode:1 and smallestScreenWidthDp:393
07-06 00:03:50.119  1703  1703 I GoogleInputMethodService: GoogleInputMethodService.updateDeviceLockedStatus():2114 repeatCheckTimes = 2, unlocked = true
07-06 00:03:50.133  1703  1703 I KeyboardViewUtil: KeyboardViewUtil.getKeyboardHeightRatio():168 systemKeyboardHeightRatio:1.000000; userKeyboardHeightRatio:1.000000.
07-06 00:03:50.133  1188  1531 D BtGatt.ScanManager: uid 10104 isForeground true scanMode -1
07-06 00:03:50.133  1188  1531 D BtGatt.ScanManager: uid 10104 isForeground true scanMode -1
07-06 00:03:50.135  1703  1703 I AndroidIME: AbstractIme.onActivate():91 PasswordIme.onActivate() : EditorInfo = inputType=0x81(Password) imeOptions=0x4000006 privateImeOptions=null actionName=DONE actionLabel=null actionId=0 initialSelStart=0 initialSelEnd=0 initialCapsMode=0x0 hintText=non-empty label=null packageName=com.example.cardioassistant fieldId=2131230985 fieldName=null extras=Bundle[{android.support.text.emoji.emojiCompat_metadataVersion=8, android.support.text.emoji.emojiCompat_replaceAll=false}], IncognitoMode = false, DeviceLocked = false
07-06 00:03:50.143  1703  1703 I KeyboardViewHelper: KeyboardViewHelper.getView():168 Get view with height ratio:1.000000
07-06 00:03:50.153  1703  1703 I KeyboardViewUtil: KeyboardViewUtil.calculateMaxKeyboardBodyHeight():44 leave 344 height for app when screen height:2088, header height:121 and isFullscreenMode:false, so the max keyboard body height is:1623
07-06 00:03:50.155  1703  1703 I KeyboardViewUtil: KeyboardViewUtil.calculateMaxKeyboardBodyHeight():44 leave 344 height for app when screen height:2088, header height:121 and isFullscreenMode:false, so the max keyboard body height is:1623
07-06 00:03:50.157  1703  1703 I DeviceModeUtil: DeviceModeUtil.getDeviceMode():117 Get device mode phone by ui mode:1 and smallestScreenWidthDp:393
07-06 00:03:50.157  1703  1703 I DeviceModeUtil: DeviceModeUtil.getDeviceMode():117 Get device mode phone by ui mode:1 and smallestScreenWidthDp:393
07-06 00:03:50.158  1703  1703 I DeviceModeUtil: DeviceModeUtil.getDeviceMode():117 Get device mode phone by ui mode:1 and smallestScreenWidthDp:393
07-06 00:03:50.158  1703  1703 I NormalModeController: NormalModeController.getKeyboardBodyViewHolderPaddingBottom():111 currentPrimeKeyboardType:SOFT systemPaddingBottom:-1
07-06 00:03:50.159  1703  1703 I NormalModeController: NormalModeController.getKeyboardBodyViewHolderPaddingBottom():111 currentPrimeKeyboardType:SOFT systemPaddingBottom:-1
07-06 00:03:50.164  1703  1703 I ProactiveSuggestionsHolderManager: ProactiveSuggestionsHolderManager$3.display():214 Requesting to show proactive suggestions: CLIPBOARD PREEMPTIVE_WITH_SUPPRESSION
07-06 00:03:50.166  1703  1703 I CurrentMicStatusHolder: CurrentMicStatusHolder.onStartInputView():79 Current Mic status = {MicIconHidden-SettingOff,MicIconHidden-PasswordOrNumberOrDateInputType,}
07-06 00:03:50.166  1703  1703 I VoiceImeExtension: VoiceImeExtension.shouldStartVoiceInputAutomatically():382 No private IME option set to start voice input.
07-06 00:03:50.169 14334 14334 W OnBackInvokedCallback: OnBackInvokedCallback is not enabled for the application.
07-06 00:03:50.169 14334 14334 W OnBackInvokedCallback: Set 'android:enableOnBackInvokedCallback="true"' in the application manifest.
07-06 00:03:50.169 14334 14334 D InsetsController: show(ime(), fromIme=true)
07-06 00:03:50.184  1703  1703 I DeviceModeUtil: DeviceModeUtil.getDeviceMode():117 Get device mode phone by ui mode:1 and smallestScreenWidthDp:393
07-06 00:03:50.185  1703  1703 I DeviceModeUtil: DeviceModeUtil.getDeviceMode():117 Get device mode phone by ui mode:1 and smallestScreenWidthDp:393
07-06 00:03:50.195  9712  9712 D BoundBrokerSvc: onBind: Intent { act=com.google.android.gms.common.BIND_SHARED_PREFS pkg=com.google.android.gms }
07-06 00:03:50.195  9712  9712 D BoundBrokerSvc: Loading bound service for intent: Intent { act=com.google.android.gms.common.BIND_SHARED_PREFS pkg=com.google.android.gms }
07-06 00:03:50.197  1703  2382 D EGL_emulation: app_time_stats: avg=60.66ms min=2.92ms max=353.97ms count=15
07-06 00:03:50.200  9712  9712 D BoundBrokerSvc: onUnbind: Intent { act=com.google.android.gms.common.BIND_SHARED_PREFS pkg=com.google.android.gms }
07-06 00:03:50.205   470   493 W TransactionTracing: Could not find layer id -1
07-06 00:03:50.214  9712  9712 D BoundBrokerSvc: onBind: Intent { act=com.google.android.gms.common.BIND_SHARED_PREFS pkg=com.google.android.gms }
07-06 00:03:50.214  9712  9712 D BoundBrokerSvc: Loading bound service for intent: Intent { act=com.google.android.gms.common.BIND_SHARED_PREFS pkg=com.google.android.gms }
07-06 00:03:50.225  9712  9712 D BoundBrokerSvc: onUnbind: Intent { act=com.google.android.gms.common.BIND_SHARED_PREFS pkg=com.google.android.gms }
07-06 00:03:50.329   989  1140 D EGL_emulation: app_time_stats: avg=6.70ms min=1.27ms max=21.80ms count=59
07-06 00:03:50.346 14334 14334 D UiControllerImpl: Injecting string: "123456"
07-06 00:03:50.353   614  2184 D InputDispatcher: Touch mode switch rejected, caller (pid=0, uid=10160) doesn't own the focused window nor none of the previously interacted window
07-06 00:03:50.381  1703  1703 I KeyboardViewController: KeyboardViewController.lambda$showSelfAndAncestors$6():610 current view doesn't has the priority android.widget.LinearLayout{8d6f189 I.E...... .......D 0,0-1080,121 #7f0b0399 app:id/key_pos_password_header_numbers} to show itself, DEFAULT
07-06 00:03:50.412  1703  1703 I KeyboardViewController: KeyboardViewController.lambda$showSelfAndAncestors$6():610 current view doesn't has the priority android.widget.LinearLayout{8d6f189 I.E...... .......D 0,0-1080,121 #7f0b0399 app:id/key_pos_password_header_numbers} to show itself, DEFAULT
07-06 00:03:50.449  1703  1703 I KeyboardViewController: KeyboardViewController.lambda$showSelfAndAncestors$6():610 current view doesn't has the priority android.widget.LinearLayout{8d6f189 I.E...... .......D 0,0-1080,121 #7f0b0399 app:id/key_pos_password_header_numbers} to show itself, DEFAULT
07-06 00:03:50.499  1703  1703 I KeyboardViewController: KeyboardViewController.lambda$showSelfAndAncestors$6():610 current view doesn't has the priority android.widget.LinearLayout{8d6f189 I.E...... .......D 0,0-1080,121 #7f0b0399 app:id/key_pos_password_header_numbers} to show itself, DEFAULT
07-06 00:03:50.534  1703  1703 I KeyboardViewController: KeyboardViewController.lambda$showSelfAndAncestors$6():610 current view doesn't has the priority android.widget.LinearLayout{8d6f189 I.E...... .......D 0,0-1080,121 #7f0b0399 app:id/key_pos_password_header_numbers} to show itself, DEFAULT
07-06 00:03:50.580  1703  1703 I KeyboardViewController: KeyboardViewController.lambda$showSelfAndAncestors$6():610 current view doesn't has the priority android.widget.LinearLayout{8d6f189 I.E...... .......D 0,0-1080,121 #7f0b0399 app:id/key_pos_password_header_numbers} to show itself, DEFAULT
07-06 00:03:50.584 14334 14334 I ViewInteraction: Performing 'send keyCode: 4, metaState: 0 key event' action on view view.getRootView() to equal view
07-06 00:03:50.599  1703  1703 I GoogleInputMethodService: GoogleInputMethodService.onFinishInputView():2266
07-06 00:03:50.600  1703  1703 W TooltipLifecycleManager: TooltipLifecycleManager.dismissTooltips():159 Tooltip with id spell_check_add_to_dictionary not found in tooltipManager.
07-06 00:03:50.600  1703  1703 I AndroidIME: AbstractIme.onDeactivate():213 PasswordIme.onDeactivate()
07-06 00:03:50.755 14334 14334 I KeyEventActionBase: Back was pressed but there was no Activity stage transition in 150ms. Pressing back may trigger an activity stage transition if the activity is finished as a result. However, the activity may handle the back behavior in any number of other ways internally as well, such as popping the fragment back stack, dismissing a dialog, otherwise manually transacting fragments, etc.
07-06 00:03:50.758 14334 14334 I ViewInteraction: Performing 'single click' action on view view.getId() is <2131230984/com.example.cardioassistant:id/login_loginButton>
